******************************************************************************
                  TI ARM Linker PC v5.1.5                      
******************************************************************************
>> Linked Thu Aug 21 17:20:03 2014

OUTPUT FILE NAME:   <FW_UPGRDE_YMODEM_XMODEM.out>
ENTRY POINT SYMBOL: "_c_int00"  address: 0000267d


MEMORY CONFIGURATION

         name            origin    length      used     unused   attr    fill
----------------------  --------  ---------  --------  --------  ----  --------
  FLASH                 00000000   00100000  00002cd8  000fd328  R  X
  SRAM                  20000000   00040000  000009ef  0003f611  RW X


SEGMENT ALLOCATION MAP

run origin  load origin   length   init length attrs members
----------  ----------- ---------- ----------- ----- -------
00000000    00000000    00002cd8   00002cd8    r-x
  00000000    00000000    00000208   00000208    r-- .intvecs
  00000208    00000208    000027ac   000027ac    r-x .text
  000029b4    000029b4    000002cc   000002cc    r-- .const
  00002c80    00002c80    00000058   00000058    r-- .cinit
20000000    20000000    000009f0   00000000    rw-
  20000000    20000000    00000800   00000000    rw- .stack
  20000800    20000800    0000017f   00000000    rw- .bss
  20000980    20000980    00000070   00000000    rw- .data


SECTION ALLOCATION MAP

 output                                  attributes/
section   page    origin      length       input sections
--------  ----  ----------  ----------   ----------------
.intvecs   0    00000000    00000208     
                  00000000    00000208     tm4c129xnczad_startup_ccs.obj (.intvecs)

.init_array 
*          0    00000000    00000000     UNINITIALIZED

.text      0    00000208    000027ac     
                  00000208    00001220     spi_flash.obj (.text)
                  00001428    000004e0     ymodem.obj (.text)
                  00001908    000003cc     main.obj (.text)
                  00001cd4    00000280     xmodem.obj (.text)
                  00001f54    000001fc     driverlib.lib : sysctl.obj (.text:SysCtlClockFreqSet)
                  00002150    00000130                   : gpio.obj (.text:GPIOPadConfigSet)
                  00002280    0000009c     common.obj (.text)
                  0000231c    0000009c     rtsv7M4_T_le_v4SPD16_eabi.lib : memcpy_t2.obj (.text)
                  000023b8    00000094                                   : auto_init.obj (.text)
                  0000244c    00000080     driverlib.lib : udma.obj (.text:uDMAChannelTransferSet)
                  000024cc    00000060                   : interrupt.obj (.text:IntEnable)
                  0000252c    0000005e     rtsv7M4_T_le_v4SPD16_eabi.lib : copy_decompress_rle.obj (.text)
                  0000258a    00000002     --HOLE-- [fill = 0]
                  0000258c    0000005c     driverlib.lib : timer.obj (.text:TimerConfigure)
                  000025e8    0000004c                   : sysctl.obj (.text:_SysCtlFrequencyGet)
                  00002634    00000048                   : gpio.obj (.text:GPIOPinConfigure)
                  0000267c    00000048     rtsv7M4_T_le_v4SPD16_eabi.lib : boot.obj (.text)
                  000026c4    00000044                                   : cpy_tbl.obj (.text)
                  00002708    00000044                                   : exit.obj (.text)
                  0000274c    00000040     driverlib.lib : uart.obj (.text:UARTConfigSetExpClk)
                  0000278c    00000034                   : sysctl.obj (.text:SysCtlPeripheralEnable)
                  000027c0    0000002a                   : gpio.obj (.text:GPIODirModeSet)
                  000027ea    00000002     --HOLE-- [fill = 0]
                  000027ec    00000024                   : udma.obj (.text:uDMAChannelControlSet)
                  00002810    0000001c                   : uart.obj (.text:UARTDisable)
                  0000282c    0000001c                   : sysctl.obj (.text:_SysCtlMemTimingGet)
                  00002848    00000018     rtsv7M4_T_le_v4SPD16_eabi.lib : args_main.obj (.text)
                  00002860    00000018     driverlib.lib : udma.obj (.text:uDMAChannelEnable)
                  00002878    00000014                   : uart.obj (.text:UARTEnable)
                  0000288c    00000014     rtsv7M4_T_le_v4SPD16_eabi.lib : _lock.obj (.text)
                  000028a0    00000012     driverlib.lib : gpio.obj (.text:GPIOPinTypeSSI)
                  000028b2    00000012                   : gpio.obj (.text:GPIOPinTypeUART)
                  000028c4    00000012                   : timer.obj (.text:TimerLoadSet)
                  000028d6    00000012     rtsv7M4_T_le_v4SPD16_eabi.lib : copy_zero_init.obj (.text:decompress:ZI)
                  000028e8    0000000e     driverlib.lib : timer.obj (.text:TimerEnable)
                  000028f6    0000000e                   : uart.obj (.text:UARTCharGetNonBlocking)
                  00002904    0000000e                   : uart.obj (.text:UARTCharPutNonBlocking)
                  00002912    0000000e     rtsv7M4_T_le_v4SPD16_eabi.lib : copy_decompress_none.obj (.text:decompress:none)
                  00002920    0000000c     driverlib.lib : cpu.obj (.text:CPUcpsie)
                  0000292c    0000000c     tm4c129xnczad_startup_ccs.obj (.text)
                  00002938    0000000a     driverlib.lib : interrupt.obj (.text:IntMasterEnable)
                  00002942    0000000a                   : ssi.obj (.text:SSIEnable)
                  0000294c    0000000a                   : ssi.obj (.text:SSIIntDisable)
                  00002956    0000000a                   : ssi.obj (.text:SSIIntStatus)
                  00002960    0000000a                   : timer.obj (.text:TimerIntStatus)
                  0000296a    0000000a                   : uart.obj (.text:UARTCharGet)
                  00002974    0000000a                   : uart.obj (.text:UARTCharPut)
                  0000297e    0000000a                   : uart.obj (.text:UARTFIFOEnable)
                  00002988    0000000a                   : uart.obj (.text:UARTIntStatus)
                  00002992    00000008                   : timer.obj (.text:TimerIntEnable)
                  0000299a    00000008                   : uart.obj (.text:UARTIntEnable)
                  000029a2    00000006     rtsv7M4_T_le_v4SPD16_eabi.lib : copy_decompress_rle.obj (.text:decompress:rle24)
                  000029a8    00000004     driverlib.lib : ssi.obj (.text:SSIIntClear)
                  000029ac    00000004                   : timer.obj (.text:TimerIntClear)
                  000029b0    00000004                   : uart.obj (.text:UARTIntClear)

.const     0    000029b4    000002cc     
                  000029b4    00000120     driverlib.lib : sysctl.obj (.const:g_pppui32XTALtoVCO)
                  00002ad4    00000090                   : gpio.obj (.const:g_pui32GPIOBaseAddrs)
                  00002b64    00000070                   : interrupt.obj (.const)
                  00002bd4    0000006c                   : sysctl.obj (.const:g_pui32Xtals)
                  00002c40    00000038                   : sysctl.obj (.const:g_sXTALtoMEMTIM)
                  00002c78    00000008                   : sysctl.obj (.const)

.cinit     0    00002c80    00000058     
                  00002c80    00000032     (.cinit..data.load) [load image, compression = rle]
                  00002cb2    00000002     --HOLE-- [fill = 0]
                  00002cb4    0000000c     (__TI_handler_table)
                  00002cc0    00000008     (.cinit..bss.load) [load image, compression = zero_init]
                  00002cc8    00000010     (__TI_cinit_table)

.stack     0    20000000    00000800     UNINITIALIZED
                  20000000    00000800     --HOLE--

.bss       0    20000800    0000017f     UNINITIALIZED
                  20000800    00000080     ymodem.obj (.bss:data1)
                  20000880    00000080     ymodem.obj (.bss:data)
                  20000900    00000040     ymodem.obj (.bss:file_size)
                  20000940    00000024     main.obj (.bss:p)
                  20000964    0000000c     (.common:file_size)
                  20000970    00000004     (.common:bufsz)
                  20000974    00000004     (.common:retry)
                  20000978    00000004     (.common:tmp_buff)
                  2000097c    00000001     (.common:c)
                  2000097d    00000001     (.common:dec)
                  2000097e    00000001     (.common:inc)

.data      0    20000980    00000070     UNINITIALIZED
                  20000980    0000002c     ymodem.obj (.data)
                  200009ac    00000020     main.obj (.data)
                  200009cc    00000010     xmodem.obj (.data)
                  200009dc    00000008     rtsv7M4_T_le_v4SPD16_eabi.lib : _lock.obj (.data)
                  200009e4    00000008                                   : exit.obj (.data)
                  200009ec    00000004                                   : stkdepth_vars.obj (.data)


LINKER GENERATED COPY TABLES

__TI_cinit_table @ 00002cc8 records: 2, size/record: 8, table size: 16
	.data: load addr=00002c80, load size=00000032 bytes, run addr=20000980, run size=00000070 bytes, compression=rle
	.bss: load addr=00002cc0, load size=00000008 bytes, run addr=20000800, run size=0000017f bytes, compression=zero_init


LINKER GENERATED HANDLER TABLE

__TI_handler_table @ 00002cb4 records: 3, size/record: 4, table size: 12
	index: 0, handler: __TI_decompress_rle24
	index: 1, handler: __TI_decompress_none
	index: 2, handler: __TI_zero_init


GLOBAL SYMBOLS: SORTED ALPHABETICALLY BY Name 

address    name
--------   ----
00002709   C$$EXIT
00002921   CPUcpsie
000027c1   GPIODirModeSet
00002151   GPIOPadConfigSet
00002635   GPIOPinConfigure
000028a1   GPIOPinTypeSSI
000028b3   GPIOPinTypeUART
000024cd   IntEnable
00002939   IntMasterEnable
0000292d   ResetISR
UNDEFED    SHT$$INIT_ARRAY$$Base
UNDEFED    SHT$$INIT_ARRAY$$Limit
000010d3   SPIFlashBlockErase32
000013c9   SPIFlashBlockErase64
000013a7   SPIFlashChipErase
00000f19   SPIFlashDualRead
0000105d   SPIFlashDualReadNonBlocking
00000d0d   SPIFlashFastRead
00000e49   SPIFlashFastReadNonBlocking
00001933   SPIFlashHandler
00000935   SPIFlashInit
00000209   SPIFlashIntHandler
000009bd   SPIFlashPageProgram
00000a59   SPIFlashPageProgramNonBlocking
0000112d   SPIFlashQuadRead
00001271   SPIFlashQuadReadNonBlocking
00000ab5   SPIFlashRead
000012e7   SPIFlashReadID
00000be3   SPIFlashReadNonBlocking
00000c83   SPIFlashReadStatus
00000ebf   SPIFlashSectorErase
00000c61   SPIFlashWriteDisable
00000ceb   SPIFlashWriteEnable
00000987   SPIFlashWriteStatus
200009c0   SPIState
00002943   SSIEnable
000029a9   SSIIntClear
0000294d   SSIIntDisable
00002957   SSIIntStatus
000022cb   SerialKeyPressed
000022e9   SerialPutChar
00001f55   SysCtlClockFreqSet
0000278d   SysCtlPeripheralEnable
00002281   Timer0_A_Init
00001909   Timer0_A_IntHandler
0000258d   TimerConfigure
000028e9   TimerEnable
000029ad   TimerIntClear
00002993   TimerIntEnable
00002961   TimerIntStatus
000028c5   TimerLoadSet
0000296b   UARTCharGet
000028f7   UARTCharGetNonBlocking
00002975   UARTCharPut
00002905   UARTCharPutNonBlocking
0000274d   UARTConfigSetExpClk
00002811   UARTDisable
00002879   UARTEnable
0000297f   UARTFIFOEnable
000029b1   UARTIntClear
0000299b   UARTIntEnable
00001981   UARTIntHandler
00002989   UARTIntStatus
00001429   Ymodem_Receive
0000187b   Ymodem_Reset
00001811   Ymodem_Write
20000800   __STACK_END
00000800   __STACK_SIZE
20000200   __STACK_TOP
00002cc8   __TI_CINIT_Base
00002cd8   __TI_CINIT_Limit
00002cb4   __TI_Handler_Table_Base
00002cc0   __TI_Handler_Table_Limit
00000001   __TI_args_main
000023b9   __TI_auto_init
200009e4   __TI_cleanup_ptr
00002913   __TI_decompress_none
000029a3   __TI_decompress_rle24
200009e8   __TI_dtors_ptr
00000000   __TI_static_base__
000028d7   __TI_zero_init
0000231d   __aeabi_memcpy
0000231d   __aeabi_memcpy4
0000231d   __aeabi_memcpy8
ffffffff   __binit__
ffffffff   __c_args__
20000000   __stack
00002849   _args_main
0000267d   _c_int00
200009dc   _lock
0000289b   _nop
00002893   _register_lock
0000288d   _register_unlock
200009e0   _unlock
0000270d   abort
ffffffff   binit
20000982   buff_flg
200009c8   buffer
20000970   bufsz
2000097c   c
000026c5   copy_in
200009d8   crc
00001cd5   crc16_ccitt
00002715   exit
20000964   file_size
20000983   full
20000984   full1
00000000   g_pfnVectors
200009b8   i
20000981   index
200009d4   len
200009bc   length
000019cd   main
200009ec   main_func_sp
0000231d   memcpy
20000980   null_cnt
20000940   p
200009cc   packetno
200009ac   regaddr
20000974   retry
200009b0   sector
000022b9   serial_put_char
200009c5   timeout_expire
200009d0   tmplen
200009c4   tx_flag
000027ed   uDMAChannelControlSet
00002861   uDMAChannelEnable
0000244d   uDMAChannelTransferSet
00001d3b   xmodemTransmit


GLOBAL SYMBOLS: SORTED BY Symbol Address 

address    name
--------   ----
00000000   __TI_static_base__
00000000   g_pfnVectors
00000001   __TI_args_main
00000209   SPIFlashIntHandler
00000800   __STACK_SIZE
00000935   SPIFlashInit
00000987   SPIFlashWriteStatus
000009bd   SPIFlashPageProgram
00000a59   SPIFlashPageProgramNonBlocking
00000ab5   SPIFlashRead
00000be3   SPIFlashReadNonBlocking
00000c61   SPIFlashWriteDisable
00000c83   SPIFlashReadStatus
00000ceb   SPIFlashWriteEnable
00000d0d   SPIFlashFastRead
00000e49   SPIFlashFastReadNonBlocking
00000ebf   SPIFlashSectorErase
00000f19   SPIFlashDualRead
0000105d   SPIFlashDualReadNonBlocking
000010d3   SPIFlashBlockErase32
0000112d   SPIFlashQuadRead
00001271   SPIFlashQuadReadNonBlocking
000012e7   SPIFlashReadID
000013a7   SPIFlashChipErase
000013c9   SPIFlashBlockErase64
00001429   Ymodem_Receive
00001811   Ymodem_Write
0000187b   Ymodem_Reset
00001909   Timer0_A_IntHandler
00001933   SPIFlashHandler
00001981   UARTIntHandler
000019cd   main
00001cd5   crc16_ccitt
00001d3b   xmodemTransmit
00001f55   SysCtlClockFreqSet
00002151   GPIOPadConfigSet
00002281   Timer0_A_Init
000022b9   serial_put_char
000022cb   SerialKeyPressed
000022e9   SerialPutChar
0000231d   __aeabi_memcpy
0000231d   __aeabi_memcpy4
0000231d   __aeabi_memcpy8
0000231d   memcpy
000023b9   __TI_auto_init
0000244d   uDMAChannelTransferSet
000024cd   IntEnable
0000258d   TimerConfigure
00002635   GPIOPinConfigure
0000267d   _c_int00
000026c5   copy_in
00002709   C$$EXIT
0000270d   abort
00002715   exit
0000274d   UARTConfigSetExpClk
0000278d   SysCtlPeripheralEnable
000027c1   GPIODirModeSet
000027ed   uDMAChannelControlSet
00002811   UARTDisable
00002849   _args_main
00002861   uDMAChannelEnable
00002879   UARTEnable
0000288d   _register_unlock
00002893   _register_lock
0000289b   _nop
000028a1   GPIOPinTypeSSI
000028b3   GPIOPinTypeUART
000028c5   TimerLoadSet
000028d7   __TI_zero_init
000028e9   TimerEnable
000028f7   UARTCharGetNonBlocking
00002905   UARTCharPutNonBlocking
00002913   __TI_decompress_none
00002921   CPUcpsie
0000292d   ResetISR
00002939   IntMasterEnable
00002943   SSIEnable
0000294d   SSIIntDisable
00002957   SSIIntStatus
00002961   TimerIntStatus
0000296b   UARTCharGet
00002975   UARTCharPut
0000297f   UARTFIFOEnable
00002989   UARTIntStatus
00002993   TimerIntEnable
0000299b   UARTIntEnable
000029a3   __TI_decompress_rle24
000029a9   SSIIntClear
000029ad   TimerIntClear
000029b1   UARTIntClear
00002cb4   __TI_Handler_Table_Base
00002cc0   __TI_Handler_Table_Limit
00002cc8   __TI_CINIT_Base
00002cd8   __TI_CINIT_Limit
20000000   __stack
20000200   __STACK_TOP
20000800   __STACK_END
20000940   p
20000964   file_size
20000970   bufsz
20000974   retry
2000097c   c
20000980   null_cnt
20000981   index
20000982   buff_flg
20000983   full
20000984   full1
200009ac   regaddr
200009b0   sector
200009b8   i
200009bc   length
200009c0   SPIState
200009c4   tx_flag
200009c5   timeout_expire
200009c8   buffer
200009cc   packetno
200009d0   tmplen
200009d4   len
200009d8   crc
200009dc   _lock
200009e0   _unlock
200009e4   __TI_cleanup_ptr
200009e8   __TI_dtors_ptr
200009ec   main_func_sp
ffffffff   __binit__
ffffffff   __c_args__
ffffffff   binit
UNDEFED    SHT$$INIT_ARRAY$$Base
UNDEFED    SHT$$INIT_ARRAY$$Limit

[129 symbols]
