<?xml version="1.0"?>
<link_info>
   <banner>TI ARM Linker PC v5.1.6</banner>
   <copyright>Copyright (c) 1996-2014 Texas Instruments Incorporated</copyright>
   <link_time>0x53da40f0</link_time>
   <link_errors>0x0</link_errors>
   <output_file>Transmit_Interrupt.out</output_file>
   <entry_point>
      <name>_c_int00</name>
      <address>0x28b9</address>
   </entry_point>
   <input_file_list>
      <input_file id="fl-2">
         <path>.\</path>
         <kind>object</kind>
         <file>tm4c129xnczad_startup_ccs.obj</file>
         <name>tm4c129xnczad_startup_ccs.obj</name>
      </input_file>
      <input_file id="fl-3">
         <path>.\</path>
         <kind>object</kind>
         <file>spi_flash.obj</file>
         <name>spi_flash.obj</name>
      </input_file>
      <input_file id="fl-4">
         <path>.\</path>
         <kind>object</kind>
         <file>main.obj</file>
         <name>main.obj</name>
      </input_file>
      <input_file id="fl-132">
         <path>c:\ti\ccsv6\tools\compiler\arm_5.1.6\lib\</path>
         <kind>archive</kind>
         <file>rtsv7M4_T_le_v4SPD16_eabi.lib</file>
         <name>boot.obj</name>
      </input_file>
      <input_file id="fl-133">
         <path>c:\ti\ccsv6\tools\compiler\arm_5.1.6\lib\</path>
         <kind>archive</kind>
         <file>rtsv7M4_T_le_v4SPD16_eabi.lib</file>
         <name>copy_decompress_none.obj</name>
      </input_file>
      <input_file id="fl-134">
         <path>c:\ti\ccsv6\tools\compiler\arm_5.1.6\lib\</path>
         <kind>archive</kind>
         <file>rtsv7M4_T_le_v4SPD16_eabi.lib</file>
         <name>copy_decompress_rle.obj</name>
      </input_file>
      <input_file id="fl-135">
         <path>c:\ti\ccsv6\tools\compiler\arm_5.1.6\lib\</path>
         <kind>archive</kind>
         <file>rtsv7M4_T_le_v4SPD16_eabi.lib</file>
         <name>copy_zero_init.obj</name>
      </input_file>
      <input_file id="fl-136">
         <path>c:\ti\ccsv6\tools\compiler\arm_5.1.6\lib\</path>
         <kind>archive</kind>
         <file>rtsv7M4_T_le_v4SPD16_eabi.lib</file>
         <name>exit.obj</name>
      </input_file>
      <input_file id="fl-137">
         <path>c:\ti\ccsv6\tools\compiler\arm_5.1.6\lib\</path>
         <kind>archive</kind>
         <file>rtsv7M4_T_le_v4SPD16_eabi.lib</file>
         <name>memcpy_t2.obj</name>
      </input_file>
      <input_file id="fl-138">
         <path>c:\ti\ccsv6\tools\compiler\arm_5.1.6\lib\</path>
         <kind>archive</kind>
         <file>rtsv7M4_T_le_v4SPD16_eabi.lib</file>
         <name>memset_t2.obj</name>
      </input_file>
      <input_file id="fl-139">
         <path>c:\ti\ccsv6\tools\compiler\arm_5.1.6\lib\</path>
         <kind>archive</kind>
         <file>rtsv7M4_T_le_v4SPD16_eabi.lib</file>
         <name>stkdepth_vars.obj</name>
      </input_file>
      <input_file id="fl-13a">
         <path>c:\ti\ccsv6\tools\compiler\arm_5.1.6\lib\</path>
         <kind>archive</kind>
         <file>rtsv7M4_T_le_v4SPD16_eabi.lib</file>
         <name>_lock.obj</name>
      </input_file>
      <input_file id="fl-13b">
         <path>c:\ti\ccsv6\tools\compiler\arm_5.1.6\lib\</path>
         <kind>archive</kind>
         <file>rtsv7M4_T_le_v4SPD16_eabi.lib</file>
         <name>args_main.obj</name>
      </input_file>
      <input_file id="fl-13c">
         <path>c:\ti\ccsv6\tools\compiler\arm_5.1.6\lib\</path>
         <kind>archive</kind>
         <file>rtsv7M4_T_le_v4SPD16_eabi.lib</file>
         <name>auto_init.obj</name>
      </input_file>
      <input_file id="fl-13d">
         <path>c:\ti\ccsv6\tools\compiler\arm_5.1.6\lib\</path>
         <kind>archive</kind>
         <file>rtsv7M4_T_le_v4SPD16_eabi.lib</file>
         <name>cpy_tbl.obj</name>
      </input_file>
      <input_file id="fl-13e">
         <path>D:\Tiva\TivaWare(129X)\driverlib\ccs\Debug\</path>
         <kind>archive</kind>
         <file>driverlib.lib</file>
         <name>udma.obj</name>
      </input_file>
      <input_file id="fl-13f">
         <path>D:\Tiva\TivaWare(129X)\driverlib\ccs\Debug\</path>
         <kind>archive</kind>
         <file>driverlib.lib</file>
         <name>uart.obj</name>
      </input_file>
      <input_file id="fl-140">
         <path>D:\Tiva\TivaWare(129X)\driverlib\ccs\Debug\</path>
         <kind>archive</kind>
         <file>driverlib.lib</file>
         <name>timer.obj</name>
      </input_file>
      <input_file id="fl-141">
         <path>D:\Tiva\TivaWare(129X)\driverlib\ccs\Debug\</path>
         <kind>archive</kind>
         <file>driverlib.lib</file>
         <name>sysctl.obj</name>
      </input_file>
      <input_file id="fl-142">
         <path>D:\Tiva\TivaWare(129X)\driverlib\ccs\Debug\</path>
         <kind>archive</kind>
         <file>driverlib.lib</file>
         <name>ssi.obj</name>
      </input_file>
      <input_file id="fl-143">
         <path>D:\Tiva\TivaWare(129X)\driverlib\ccs\Debug\</path>
         <kind>archive</kind>
         <file>driverlib.lib</file>
         <name>interrupt.obj</name>
      </input_file>
      <input_file id="fl-144">
         <path>D:\Tiva\TivaWare(129X)\driverlib\ccs\Debug\</path>
         <kind>archive</kind>
         <file>driverlib.lib</file>
         <name>gpio.obj</name>
      </input_file>
      <input_file id="fl-145">
         <path>D:\Tiva\TivaWare(129X)\driverlib\ccs\Debug\</path>
         <kind>archive</kind>
         <file>driverlib.lib</file>
         <name>cpu.obj</name>
      </input_file>
   </input_file_list>
   <object_component_list>
      <object_component id="oc-e">
         <name>.intvecs</name>
         <load_address>0x0</load_address>
         <run_address>0x0</run_address>
         <size>0x208</size>
         <input_file_ref idref="fl-2"/>
      </object_component>
      <object_component id="oc-a7">
         <name>.text</name>
         <load_address>0x208</load_address>
         <run_address>0x208</run_address>
         <size>0x136e</size>
         <input_file_ref idref="fl-3"/>
      </object_component>
      <object_component id="oc-2f">
         <name>.text</name>
         <load_address>0x1576</load_address>
         <run_address>0x1576</run_address>
         <size>0xc3c</size>
         <input_file_ref idref="fl-4"/>
      </object_component>
      <object_component id="oc-fc">
         <name>.text:SysCtlClockFreqSet</name>
         <load_address>0x21b4</load_address>
         <run_address>0x21b4</run_address>
         <size>0x1fc</size>
         <input_file_ref idref="fl-141"/>
      </object_component>
      <object_component id="oc-218">
         <name>.text:GPIOPadConfigSet</name>
         <load_address>0x23b0</load_address>
         <run_address>0x23b0</run_address>
         <size>0x130</size>
         <input_file_ref idref="fl-144"/>
      </object_component>
      <object_component id="oc-4d">
         <name>.text</name>
         <load_address>0x24e0</load_address>
         <run_address>0x24e0</run_address>
         <size>0x9c</size>
         <input_file_ref idref="fl-137"/>
      </object_component>
      <object_component id="oc-38">
         <name>.text</name>
         <load_address>0x257c</load_address>
         <run_address>0x257c</run_address>
         <size>0x94</size>
         <input_file_ref idref="fl-13c"/>
      </object_component>
      <object_component id="oc-153">
         <name>.text:uDMAChannelTransferSet</name>
         <load_address>0x2610</load_address>
         <run_address>0x2610</run_address>
         <size>0x80</size>
         <input_file_ref idref="fl-13e"/>
      </object_component>
      <object_component id="oc-165">
         <name>.text</name>
         <load_address>0x2690</load_address>
         <run_address>0x2690</run_address>
         <size>0x78</size>
         <input_file_ref idref="fl-138"/>
      </object_component>
      <object_component id="oc-80">
         <name>.text:IntEnable</name>
         <load_address>0x2708</load_address>
         <run_address>0x2708</run_address>
         <size>0x60</size>
         <input_file_ref idref="fl-143"/>
      </object_component>
      <object_component id="oc-60">
         <name>.text</name>
         <load_address>0x2768</load_address>
         <run_address>0x2768</run_address>
         <size>0x5e</size>
         <input_file_ref idref="fl-134"/>
      </object_component>
      <object_component id="oc-74">
         <name>.text:TimerConfigure</name>
         <load_address>0x27c8</load_address>
         <run_address>0x27c8</run_address>
         <size>0x5c</size>
         <input_file_ref idref="fl-140"/>
      </object_component>
      <object_component id="oc-1fd">
         <name>.text:_SysCtlFrequencyGet</name>
         <load_address>0x2824</load_address>
         <run_address>0x2824</run_address>
         <size>0x4c</size>
         <input_file_ref idref="fl-141"/>
      </object_component>
      <object_component id="oc-102">
         <name>.text:GPIOPinConfigure</name>
         <load_address>0x2870</load_address>
         <run_address>0x2870</run_address>
         <size>0x48</size>
         <input_file_ref idref="fl-144"/>
      </object_component>
      <object_component id="oc-11">
         <name>.text</name>
         <load_address>0x28b8</load_address>
         <run_address>0x28b8</run_address>
         <size>0x48</size>
         <input_file_ref idref="fl-132"/>
      </object_component>
      <object_component id="oc-147">
         <name>.text:uDMAChannelAttributeEnable</name>
         <load_address>0x2900</load_address>
         <run_address>0x2900</run_address>
         <size>0x48</size>
         <input_file_ref idref="fl-13e"/>
      </object_component>
      <object_component id="oc-197">
         <name>.text</name>
         <load_address>0x2948</load_address>
         <run_address>0x2948</run_address>
         <size>0x44</size>
         <input_file_ref idref="fl-13d"/>
      </object_component>
      <object_component id="oc-43">
         <name>.text</name>
         <load_address>0x298c</load_address>
         <run_address>0x298c</run_address>
         <size>0x44</size>
         <input_file_ref idref="fl-136"/>
      </object_component>
      <object_component id="oc-114">
         <name>.text:UARTConfigSetExpClk</name>
         <load_address>0x29d0</load_address>
         <run_address>0x29d0</run_address>
         <size>0x40</size>
         <input_file_ref idref="fl-13f"/>
      </object_component>
      <object_component id="oc-6e">
         <name>.text:SysCtlPeripheralEnable</name>
         <load_address>0x2a10</load_address>
         <run_address>0x2a10</run_address>
         <size>0x34</size>
         <input_file_ref idref="fl-141"/>
      </object_component>
      <object_component id="oc-141">
         <name>.text:uDMAChannelAssign</name>
         <load_address>0x2a44</load_address>
         <run_address>0x2a44</run_address>
         <size>0x2c</size>
         <input_file_ref idref="fl-13e"/>
      </object_component>
      <object_component id="oc-212">
         <name>.text:GPIODirModeSet</name>
         <load_address>0x2a70</load_address>
         <run_address>0x2a70</run_address>
         <size>0x2a</size>
         <input_file_ref idref="fl-144"/>
      </object_component>
      <object_component id="oc-14d">
         <name>.text:uDMAChannelControlSet</name>
         <load_address>0x2a9c</load_address>
         <run_address>0x2a9c</run_address>
         <size>0x24</size>
         <input_file_ref idref="fl-13e"/>
      </object_component>
      <object_component id="oc-220">
         <name>.text:UARTDisable</name>
         <load_address>0x2ac0</load_address>
         <run_address>0x2ac0</run_address>
         <size>0x1c</size>
         <input_file_ref idref="fl-13f"/>
      </object_component>
      <object_component id="oc-1f7">
         <name>.text:_SysCtlMemTimingGet</name>
         <load_address>0x2adc</load_address>
         <run_address>0x2adc</run_address>
         <size>0x1c</size>
         <input_file_ref idref="fl-141"/>
      </object_component>
      <object_component id="oc-3d">
         <name>.text</name>
         <load_address>0x2af8</load_address>
         <run_address>0x2af8</run_address>
         <size>0x18</size>
         <input_file_ref idref="fl-13b"/>
      </object_component>
      <object_component id="oc-159">
         <name>.text:uDMAChannelEnable</name>
         <load_address>0x2b10</load_address>
         <run_address>0x2b10</run_address>
         <size>0x18</size>
         <input_file_ref idref="fl-13e"/>
      </object_component>
      <object_component id="oc-10e">
         <name>.text:UARTEnable</name>
         <load_address>0x2b28</load_address>
         <run_address>0x2b28</run_address>
         <size>0x14</size>
         <input_file_ref idref="fl-13f"/>
      </object_component>
      <object_component id="oc-246">
         <name>.text</name>
         <load_address>0x2b3c</load_address>
         <run_address>0x2b3c</run_address>
         <size>0x14</size>
         <input_file_ref idref="fl-13a"/>
      </object_component>
      <object_component id="oc-126">
         <name>.text:GPIOPinTypeSSI</name>
         <load_address>0x2b50</load_address>
         <run_address>0x2b50</run_address>
         <size>0x12</size>
         <input_file_ref idref="fl-144"/>
      </object_component>
      <object_component id="oc-108">
         <name>.text:GPIOPinTypeUART</name>
         <load_address>0x2b62</load_address>
         <run_address>0x2b62</run_address>
         <size>0x12</size>
         <input_file_ref idref="fl-144"/>
      </object_component>
      <object_component id="oc-7a">
         <name>.text:TimerLoadSet</name>
         <load_address>0x2b74</load_address>
         <run_address>0x2b74</run_address>
         <size>0x12</size>
         <input_file_ref idref="fl-140"/>
      </object_component>
      <object_component id="oc-1c">
         <name>.text:decompress:ZI</name>
         <load_address>0x2b86</load_address>
         <run_address>0x2b86</run_address>
         <size>0x12</size>
         <input_file_ref idref="fl-135"/>
      </object_component>
      <object_component id="oc-132">
         <name>.text:uDMAEnable</name>
         <load_address>0x2b98</load_address>
         <run_address>0x2b98</run_address>
         <size>0x10</size>
         <input_file_ref idref="fl-13e"/>
      </object_component>
      <object_component id="oc-8c">
         <name>.text:TimerEnable</name>
         <load_address>0x2ba8</load_address>
         <run_address>0x2ba8</run_address>
         <size>0xe</size>
         <input_file_ref idref="fl-140"/>
      </object_component>
      <object_component id="oc-bf">
         <name>.text:UARTCharGetNonBlocking</name>
         <load_address>0x2bb6</load_address>
         <run_address>0x2bb6</run_address>
         <size>0xe</size>
         <input_file_ref idref="fl-13f"/>
      </object_component>
      <object_component id="oc-16">
         <name>.text:decompress:none</name>
         <load_address>0x2bc4</load_address>
         <run_address>0x2bc4</run_address>
         <size>0xe</size>
         <input_file_ref idref="fl-133"/>
      </object_component>
      <object_component id="oc-235">
         <name>.text:CPUcpsie</name>
         <load_address>0x2bd2</load_address>
         <run_address>0x2bd2</run_address>
         <size>0xc</size>
         <input_file_ref idref="fl-145"/>
      </object_component>
      <object_component id="oc-29">
         <name>.text</name>
         <load_address>0x2bde</load_address>
         <run_address>0x2bde</run_address>
         <size>0xc</size>
         <input_file_ref idref="fl-2"/>
      </object_component>
      <object_component id="oc-13b">
         <name>.text:uDMAControlBaseSet</name>
         <load_address>0x2bec</load_address>
         <run_address>0x2bec</run_address>
         <size>0xc</size>
         <input_file_ref idref="fl-13e"/>
      </object_component>
      <object_component id="oc-15f">
         <name>.text:IntMasterEnable</name>
         <load_address>0x2bf8</load_address>
         <run_address>0x2bf8</run_address>
         <size>0xa</size>
         <input_file_ref idref="fl-143"/>
      </object_component>
      <object_component id="oc-12c">
         <name>.text:SSIEnable</name>
         <load_address>0x2c02</load_address>
         <run_address>0x2c02</run_address>
         <size>0xa</size>
         <input_file_ref idref="fl-142"/>
      </object_component>
      <object_component id="oc-ad">
         <name>.text:SSIIntDisable</name>
         <load_address>0x2c0c</load_address>
         <run_address>0x2c0c</run_address>
         <size>0xa</size>
         <input_file_ref idref="fl-142"/>
      </object_component>
      <object_component id="oc-a1">
         <name>.text:SSIIntStatus</name>
         <load_address>0x2c16</load_address>
         <run_address>0x2c16</run_address>
         <size>0xa</size>
         <input_file_ref idref="fl-142"/>
      </object_component>
      <object_component id="oc-92">
         <name>.text:TimerIntStatus</name>
         <load_address>0x2c20</load_address>
         <run_address>0x2c20</run_address>
         <size>0xa</size>
         <input_file_ref idref="fl-140"/>
      </object_component>
      <object_component id="oc-db">
         <name>.text:UARTCharPut</name>
         <load_address>0x2c2a</load_address>
         <run_address>0x2c2a</run_address>
         <size>0xa</size>
         <input_file_ref idref="fl-13f"/>
      </object_component>
      <object_component id="oc-120">
         <name>.text:UARTFIFODisable</name>
         <load_address>0x2c34</load_address>
         <run_address>0x2c34</run_address>
         <size>0xa</size>
         <input_file_ref idref="fl-13f"/>
      </object_component>
      <object_component id="oc-b9">
         <name>.text:UARTIntStatus</name>
         <load_address>0x2c3e</load_address>
         <run_address>0x2c3e</run_address>
         <size>0xa</size>
         <input_file_ref idref="fl-13f"/>
      </object_component>
      <object_component id="oc-86">
         <name>.text:TimerIntEnable</name>
         <load_address>0x2c48</load_address>
         <run_address>0x2c48</run_address>
         <size>0x8</size>
         <input_file_ref idref="fl-140"/>
      </object_component>
      <object_component id="oc-11a">
         <name>.text:UARTIntEnable</name>
         <load_address>0x2c50</load_address>
         <run_address>0x2c50</run_address>
         <size>0x8</size>
         <input_file_ref idref="fl-13f"/>
      </object_component>
      <object_component id="oc-22">
         <name>.text:decompress:rle24</name>
         <load_address>0x2c58</load_address>
         <run_address>0x2c58</run_address>
         <size>0x6</size>
         <input_file_ref idref="fl-134"/>
      </object_component>
      <object_component id="oc-b3">
         <name>.text:SSIIntClear</name>
         <load_address>0x2c5e</load_address>
         <run_address>0x2c5e</run_address>
         <size>0x4</size>
         <input_file_ref idref="fl-142"/>
      </object_component>
      <object_component id="oc-9b">
         <name>.text:TimerIntClear</name>
         <load_address>0x2c62</load_address>
         <run_address>0x2c62</run_address>
         <size>0x4</size>
         <input_file_ref idref="fl-140"/>
      </object_component>
      <object_component id="oc-f6">
         <name>.text:UARTIntClear</name>
         <load_address>0x2c66</load_address>
         <run_address>0x2c66</run_address>
         <size>0x4</size>
         <input_file_ref idref="fl-13f"/>
      </object_component>
      <object_component id="oc-203">
         <name>.const:g_pppui32XTALtoVCO</name>
         <load_address>0x2c6c</load_address>
         <run_address>0x2c6c</run_address>
         <size>0x120</size>
         <input_file_ref idref="fl-141"/>
      </object_component>
      <object_component id="oc-20d">
         <name>.const:g_pui32GPIOBaseAddrs</name>
         <load_address>0x2d8c</load_address>
         <run_address>0x2d8c</run_address>
         <size>0x90</size>
         <input_file_ref idref="fl-144"/>
      </object_component>
      <object_component id="oc-1c7">
         <name>.const</name>
         <load_address>0x2e1c</load_address>
         <run_address>0x2e1c</run_address>
         <size>0x70</size>
         <input_file_ref idref="fl-143"/>
      </object_component>
      <object_component id="oc-209">
         <name>.const:g_pui32Xtals</name>
         <load_address>0x2e8c</load_address>
         <run_address>0x2e8c</run_address>
         <size>0x6c</size>
         <input_file_ref idref="fl-141"/>
      </object_component>
      <object_component id="oc-269">
         <name>.const:g_sXTALtoMEMTIM</name>
         <load_address>0x2ef8</load_address>
         <run_address>0x2ef8</run_address>
         <size>0x38</size>
         <input_file_ref idref="fl-141"/>
      </object_component>
      <object_component id="oc-206">
         <name>.const</name>
         <load_address>0x2f30</load_address>
         <run_address>0x2f30</run_address>
         <size>0x8</size>
         <input_file_ref idref="fl-141"/>
      </object_component>
      <object_component id="oc-2ad">
         <name>.cinit..data.load</name>
         <load_address>0x2f38</load_address>
         <run_address>0x2f38</run_address>
         <size>0x22</size>
      </object_component>
      <object_component id="oc-2ab">
         <name>__TI_handler_table</name>
         <load_address>0x2f5c</load_address>
         <run_address>0x2f5c</run_address>
         <size>0xc</size>
      </object_component>
      <object_component id="oc-2ae">
         <name>.cinit..bss.load</name>
         <load_address>0x2f68</load_address>
         <run_address>0x2f68</run_address>
         <size>0x8</size>
      </object_component>
      <object_component id="oc-2ac">
         <name>__TI_cinit_table</name>
         <load_address>0x2f70</load_address>
         <run_address>0x2f70</run_address>
         <size>0x10</size>
      </object_component>
      <object_component id="oc-49">
         <name>.data</name>
         <load_address>0x20000aac</load_address>
         <run_address>0x20000aac</run_address>
         <size>0x4</size>
         <input_file_ref idref="fl-139"/>
      </object_component>
      <object_component id="oc-98">
         <name>.data</name>
         <load_address>0x20000a6c</load_address>
         <run_address>0x20000a6c</run_address>
         <size>0x30</size>
         <input_file_ref idref="fl-4"/>
      </object_component>
      <object_component id="oc-1a0">
         <name>.data</name>
         <load_address>0x20000a9c</load_address>
         <run_address>0x20000a9c</run_address>
         <size>0x8</size>
         <input_file_ref idref="fl-13a"/>
      </object_component>
      <object_component id="oc-1a3">
         <name>.data</name>
         <load_address>0x20000aa4</load_address>
         <run_address>0x20000aa4</run_address>
         <size>0x8</size>
         <input_file_ref idref="fl-136"/>
      </object_component>
      <object_component id="oc-d1">
         <name>.bss:data</name>
         <uninitialized>true</uninitialized>
         <run_address>0x20000500</run_address>
         <size>0x100</size>
         <input_file_ref idref="fl-4"/>
      </object_component>
      <object_component id="oc-d5">
         <name>.bss:data1</name>
         <uninitialized>true</uninitialized>
         <run_address>0x20000400</run_address>
         <size>0x100</size>
         <input_file_ref idref="fl-4"/>
      </object_component>
      <object_component id="oc-e7">
         <name>.bss:file_size</name>
         <uninitialized>true</uninitialized>
         <run_address>0x20000600</run_address>
         <size>0x40</size>
         <input_file_ref idref="fl-4"/>
      </object_component>
      <object_component id="oc-138">
         <name>.bss:pui8DMAControlTable</name>
         <uninitialized>true</uninitialized>
         <run_address>0x20000000</run_address>
         <size>0x400</size>
         <input_file_ref idref="fl-4"/>
      </object_component>
      <object_component id="oc-1d4">
         <name>.bss:p</name>
         <uninitialized>true</uninitialized>
         <run_address>0x20000640</run_address>
         <size>0x24</size>
         <input_file_ref idref="fl-4"/>
      </object_component>
      <object_component id="oc-17f">
         <name>.common:tmp_buff</name>
         <uninitialized>true</uninitialized>
         <run_address>0x20000664</run_address>
         <size>0x4</size>
      </object_component>
      <object_component id="oc-189">
         <name>.common:inc</name>
         <uninitialized>true</uninitialized>
         <run_address>0x2000066a</run_address>
         <size>0x1</size>
      </object_component>
      <object_component id="oc-187">
         <name>.common:dec</name>
         <uninitialized>true</uninitialized>
         <run_address>0x20000669</run_address>
         <size>0x1</size>
      </object_component>
      <object_component id="oc-186">
         <name>.common:c</name>
         <uninitialized>true</uninitialized>
         <run_address>0x20000668</run_address>
         <size>0x1</size>
      </object_component>
      <object_component id="oc-28">
         <name>.stack</name>
         <uninitialized>true</uninitialized>
         <run_address>0x2000066c</run_address>
         <size>0x0</size>
         <input_file_ref idref="fl-132"/>
      </object_component>
      <object_component id="oc-2af">
         <name>.stack</name>
         <uninitialized>true</uninitialized>
         <run_address>0x2000066c</run_address>
         <size>0x0</size>
      </object_component>
      <object_component id="oc-f">
         <name>.debug_info</name>
         <load_address>0x0</load_address>
         <run_address>0x0</run_address>
         <size>0x10a</size>
         <input_file_ref idref="fl-2"/>
      </object_component>
      <object_component id="oc-13">
         <name>.debug_info</name>
         <load_address>0x10a</load_address>
         <run_address>0x10a</run_address>
         <size>0xf3</size>
         <input_file_ref idref="fl-132"/>
      </object_component>
      <object_component id="oc-19">
         <name>.debug_info</name>
         <load_address>0x1fd</load_address>
         <run_address>0x1fd</run_address>
         <size>0x194</size>
         <input_file_ref idref="fl-133"/>
      </object_component>
      <object_component id="oc-1e">
         <name>.debug_info</name>
         <load_address>0x391</load_address>
         <run_address>0x391</run_address>
         <size>0x16a</size>
         <input_file_ref idref="fl-135"/>
      </object_component>
      <object_component id="oc-25">
         <name>.debug_info</name>
         <load_address>0x4fb</load_address>
         <run_address>0x4fb</run_address>
         <size>0x18e</size>
         <input_file_ref idref="fl-134"/>
      </object_component>
      <object_component id="oc-2a">
         <name>.debug_info</name>
         <load_address>0x689</load_address>
         <run_address>0x689</run_address>
         <size>0x289</size>
         <input_file_ref idref="fl-2"/>
      </object_component>
      <object_component id="oc-31">
         <name>.debug_info</name>
         <load_address>0x912</load_address>
         <run_address>0x912</run_address>
         <size>0xc0b</size>
         <input_file_ref idref="fl-4"/>
      </object_component>
      <object_component id="oc-37">
         <name>.debug_info</name>
         <load_address>0x151d</load_address>
         <run_address>0x151d</run_address>
         <size>0x197</size>
         <input_file_ref idref="fl-2"/>
      </object_component>
      <object_component id="oc-3a">
         <name>.debug_info</name>
         <load_address>0x16b4</load_address>
         <run_address>0x16b4</run_address>
         <size>0x13d</size>
         <input_file_ref idref="fl-13c"/>
      </object_component>
      <object_component id="oc-40">
         <name>.debug_info</name>
         <load_address>0x17f1</load_address>
         <run_address>0x17f1</run_address>
         <size>0x11c</size>
         <input_file_ref idref="fl-13b"/>
      </object_component>
      <object_component id="oc-46">
         <name>.debug_info</name>
         <load_address>0x190d</load_address>
         <run_address>0x190d</run_address>
         <size>0x1c2</size>
         <input_file_ref idref="fl-136"/>
      </object_component>
      <object_component id="oc-4a">
         <name>.debug_info</name>
         <load_address>0x1acf</load_address>
         <run_address>0x1acf</run_address>
         <size>0xbe</size>
         <input_file_ref idref="fl-139"/>
      </object_component>
      <object_component id="oc-50">
         <name>.debug_info</name>
         <load_address>0x1b8d</load_address>
         <run_address>0x1b8d</run_address>
         <size>0xcc</size>
         <input_file_ref idref="fl-137"/>
      </object_component>
      <object_component id="oc-53">
         <name>.debug_info</name>
         <load_address>0x1c59</load_address>
         <run_address>0x1c59</run_address>
         <size>0x46</size>
         <input_file_ref idref="fl-133"/>
      </object_component>
      <object_component id="oc-58">
         <name>.debug_info</name>
         <load_address>0x1c9f</load_address>
         <run_address>0x1c9f</run_address>
         <size>0xf2</size>
         <input_file_ref idref="fl-133"/>
      </object_component>
      <object_component id="oc-5a">
         <name>.debug_info</name>
         <load_address>0x1d91</load_address>
         <run_address>0x1d91</run_address>
         <size>0x46</size>
         <input_file_ref idref="fl-135"/>
      </object_component>
      <object_component id="oc-5f">
         <name>.debug_info</name>
         <load_address>0x1dd7</load_address>
         <run_address>0x1dd7</run_address>
         <size>0xad</size>
         <input_file_ref idref="fl-135"/>
      </object_component>
      <object_component id="oc-61">
         <name>.debug_info</name>
         <load_address>0x1e84</load_address>
         <run_address>0x1e84</run_address>
         <size>0x1ef</size>
         <input_file_ref idref="fl-134"/>
      </object_component>
      <object_component id="oc-67">
         <name>.debug_info</name>
         <load_address>0x2073</load_address>
         <run_address>0x2073</run_address>
         <size>0xb7</size>
         <input_file_ref idref="fl-134"/>
      </object_component>
      <object_component id="oc-68">
         <name>.debug_info</name>
         <load_address>0x212a</load_address>
         <run_address>0x212a</run_address>
         <size>0x39</size>
         <input_file_ref idref="fl-134"/>
      </object_component>
      <object_component id="oc-6f">
         <name>.debug_info</name>
         <load_address>0x2163</load_address>
         <run_address>0x2163</run_address>
         <size>0x1e1</size>
         <input_file_ref idref="fl-141"/>
      </object_component>
      <object_component id="oc-75">
         <name>.debug_info</name>
         <load_address>0x2344</load_address>
         <run_address>0x2344</run_address>
         <size>0x1f0</size>
         <input_file_ref idref="fl-140"/>
      </object_component>
      <object_component id="oc-7e">
         <name>.debug_info</name>
         <load_address>0x2534</load_address>
         <run_address>0x2534</run_address>
         <size>0x21e</size>
         <input_file_ref idref="fl-140"/>
      </object_component>
      <object_component id="oc-81">
         <name>.debug_info</name>
         <load_address>0x2752</load_address>
         <run_address>0x2752</run_address>
         <size>0x1cc</size>
         <input_file_ref idref="fl-143"/>
      </object_component>
      <object_component id="oc-8a">
         <name>.debug_info</name>
         <load_address>0x291e</load_address>
         <run_address>0x291e</run_address>
         <size>0x1f8</size>
         <input_file_ref idref="fl-140"/>
      </object_component>
      <object_component id="oc-90">
         <name>.debug_info</name>
         <load_address>0x2b16</load_address>
         <run_address>0x2b16</run_address>
         <size>0x1e3</size>
         <input_file_ref idref="fl-140"/>
      </object_component>
      <object_component id="oc-96">
         <name>.debug_info</name>
         <load_address>0x2cf9</load_address>
         <run_address>0x2cf9</run_address>
         <size>0x1e8</size>
         <input_file_ref idref="fl-140"/>
      </object_component>
      <object_component id="oc-99">
         <name>.debug_info</name>
         <load_address>0x2ee1</load_address>
         <run_address>0x2ee1</run_address>
         <size>0x27a</size>
         <input_file_ref idref="fl-4"/>
      </object_component>
      <object_component id="oc-9f">
         <name>.debug_info</name>
         <load_address>0x315b</load_address>
         <run_address>0x315b</run_address>
         <size>0x1f6</size>
         <input_file_ref idref="fl-140"/>
      </object_component>
      <object_component id="oc-a4">
         <name>.debug_info</name>
         <load_address>0x3351</load_address>
         <run_address>0x3351</run_address>
         <size>0x1de</size>
         <input_file_ref idref="fl-142"/>
      </object_component>
      <object_component id="oc-a8">
         <name>.debug_info</name>
         <load_address>0x352f</load_address>
         <run_address>0x352f</run_address>
         <size>0x1e2b</size>
         <input_file_ref idref="fl-3"/>
      </object_component>
      <object_component id="oc-b0">
         <name>.debug_info</name>
         <load_address>0x535a</load_address>
         <run_address>0x535a</run_address>
         <size>0x1f0</size>
         <input_file_ref idref="fl-142"/>
      </object_component>
      <object_component id="oc-b6">
         <name>.debug_info</name>
         <load_address>0x554a</load_address>
         <run_address>0x554a</run_address>
         <size>0x1ec</size>
         <input_file_ref idref="fl-142"/>
      </object_component>
      <object_component id="oc-bc">
         <name>.debug_info</name>
         <load_address>0x5736</load_address>
         <run_address>0x5736</run_address>
         <size>0x1e3</size>
         <input_file_ref idref="fl-13f"/>
      </object_component>
      <object_component id="oc-c0">
         <name>.debug_info</name>
         <load_address>0x5919</load_address>
         <run_address>0x5919</run_address>
         <size>0x1c7</size>
         <input_file_ref idref="fl-13f"/>
      </object_component>
      <object_component id="oc-c6">
         <name>.debug_info</name>
         <load_address>0x5ae0</load_address>
         <run_address>0x5ae0</run_address>
         <size>0xa3a</size>
         <input_file_ref idref="fl-4"/>
      </object_component>
      <object_component id="oc-d2">
         <name>.debug_info</name>
         <load_address>0x651a</load_address>
         <run_address>0x651a</run_address>
         <size>0xe4</size>
         <input_file_ref idref="fl-4"/>
      </object_component>
      <object_component id="oc-d6">
         <name>.debug_info</name>
         <load_address>0x65fe</load_address>
         <run_address>0x65fe</run_address>
         <size>0xe6</size>
         <input_file_ref idref="fl-4"/>
      </object_component>
      <object_component id="oc-dc">
         <name>.debug_info</name>
         <load_address>0x66e4</load_address>
         <run_address>0x66e4</run_address>
         <size>0x25d</size>
         <input_file_ref idref="fl-13f"/>
      </object_component>
      <object_component id="oc-e8">
         <name>.debug_info</name>
         <load_address>0x6941</load_address>
         <run_address>0x6941</run_address>
         <size>0xef</size>
         <input_file_ref idref="fl-4"/>
      </object_component>
      <object_component id="oc-f9">
         <name>.debug_info</name>
         <load_address>0x6a30</load_address>
         <run_address>0x6a30</run_address>
         <size>0x1f1</size>
         <input_file_ref idref="fl-13f"/>
      </object_component>
      <object_component id="oc-fe">
         <name>.debug_info</name>
         <load_address>0x6c21</load_address>
         <run_address>0x6c21</run_address>
         <size>0x4c5</size>
         <input_file_ref idref="fl-141"/>
      </object_component>
      <object_component id="oc-103">
         <name>.debug_info</name>
         <load_address>0x70e6</load_address>
         <run_address>0x70e6</run_address>
         <size>0x1e4</size>
         <input_file_ref idref="fl-144"/>
      </object_component>
      <object_component id="oc-109">
         <name>.debug_info</name>
         <load_address>0x72ca</load_address>
         <run_address>0x72ca</run_address>
         <size>0x1df</size>
         <input_file_ref idref="fl-144"/>
      </object_component>
      <object_component id="oc-111">
         <name>.debug_info</name>
         <load_address>0x74a9</load_address>
         <run_address>0x74a9</run_address>
         <size>0x1ab</size>
         <input_file_ref idref="fl-13f"/>
      </object_component>
      <object_component id="oc-117">
         <name>.debug_info</name>
         <load_address>0x7654</load_address>
         <run_address>0x7654</run_address>
         <size>0x28a</size>
         <input_file_ref idref="fl-13f"/>
      </object_component>
      <object_component id="oc-11d">
         <name>.debug_info</name>
         <load_address>0x78de</load_address>
         <run_address>0x78de</run_address>
         <size>0x1f3</size>
         <input_file_ref idref="fl-13f"/>
      </object_component>
      <object_component id="oc-123">
         <name>.debug_info</name>
         <load_address>0x7ad1</load_address>
         <run_address>0x7ad1</run_address>
         <size>0x1b5</size>
         <input_file_ref idref="fl-13f"/>
      </object_component>
      <object_component id="oc-127">
         <name>.debug_info</name>
         <load_address>0x7c86</load_address>
         <run_address>0x7c86</run_address>
         <size>0x1dd</size>
         <input_file_ref idref="fl-144"/>
      </object_component>
      <object_component id="oc-12f">
         <name>.debug_info</name>
         <load_address>0x7e63</load_address>
         <run_address>0x7e63</run_address>
         <size>0x1a6</size>
         <input_file_ref idref="fl-142"/>
      </object_component>
      <object_component id="oc-133">
         <name>.debug_info</name>
         <load_address>0x8009</load_address>
         <run_address>0x8009</run_address>
         <size>0x176</size>
         <input_file_ref idref="fl-13e"/>
      </object_component>
      <object_component id="oc-139">
         <name>.debug_info</name>
         <load_address>0x817f</load_address>
         <run_address>0x817f</run_address>
         <size>0x103</size>
         <input_file_ref idref="fl-4"/>
      </object_component>
      <object_component id="oc-13c">
         <name>.debug_info</name>
         <load_address>0x8282</load_address>
         <run_address>0x8282</run_address>
         <size>0x1d0</size>
         <input_file_ref idref="fl-13e"/>
      </object_component>
      <object_component id="oc-142">
         <name>.debug_info</name>
         <load_address>0x8452</load_address>
         <run_address>0x8452</run_address>
         <size>0x1e8</size>
         <input_file_ref idref="fl-13e"/>
      </object_component>
      <object_component id="oc-148">
         <name>.debug_info</name>
         <load_address>0x863a</load_address>
         <run_address>0x863a</run_address>
         <size>0x215</size>
         <input_file_ref idref="fl-13e"/>
      </object_component>
      <object_component id="oc-14e">
         <name>.debug_info</name>
         <load_address>0x884f</load_address>
         <run_address>0x884f</run_address>
         <size>0x24a</size>
         <input_file_ref idref="fl-13e"/>
      </object_component>
      <object_component id="oc-154">
         <name>.debug_info</name>
         <load_address>0x8a99</load_address>
         <run_address>0x8a99</run_address>
         <size>0x35e</size>
         <input_file_ref idref="fl-13e"/>
      </object_component>
      <object_component id="oc-15a">
         <name>.debug_info</name>
         <load_address>0x8df7</load_address>
         <run_address>0x8df7</run_address>
         <size>0x1ce</size>
         <input_file_ref idref="fl-13e"/>
      </object_component>
      <object_component id="oc-160">
         <name>.debug_info</name>
         <load_address>0x8fc5</load_address>
         <run_address>0x8fc5</run_address>
         <size>0x1a2</size>
         <input_file_ref idref="fl-143"/>
      </object_component>
      <object_component id="oc-167">
         <name>.debug_info</name>
         <load_address>0x9167</load_address>
         <run_address>0x9167</run_address>
         <size>0xfc</size>
         <input_file_ref idref="fl-138"/>
      </object_component>
      <object_component id="oc-18b">
         <name>.debug_info</name>
         <load_address>0x9263</load_address>
         <run_address>0x9263</run_address>
         <size>0x18b</size>
         <input_file_ref idref="fl-2"/>
      </object_component>
      <object_component id="oc-190">
         <name>.debug_info</name>
         <load_address>0x93ee</load_address>
         <run_address>0x93ee</run_address>
         <size>0x84</size>
         <input_file_ref idref="fl-2"/>
      </object_component>
      <object_component id="oc-199">
         <name>.debug_info</name>
         <load_address>0x9472</load_address>
         <run_address>0x9472</run_address>
         <size>0x14b</size>
         <input_file_ref idref="fl-13d"/>
      </object_component>
      <object_component id="oc-19f">
         <name>.debug_info</name>
         <load_address>0x95bd</load_address>
         <run_address>0x95bd</run_address>
         <size>0x11b</size>
         <input_file_ref idref="fl-13b"/>
      </object_component>
      <object_component id="oc-1a1">
         <name>.debug_info</name>
         <load_address>0x96d8</load_address>
         <run_address>0x96d8</run_address>
         <size>0xc8</size>
         <input_file_ref idref="fl-13a"/>
      </object_component>
      <object_component id="oc-1a4">
         <name>.debug_info</name>
         <load_address>0x97a0</load_address>
         <run_address>0x97a0</run_address>
         <size>0xeb</size>
         <input_file_ref idref="fl-136"/>
      </object_component>
      <object_component id="oc-1a7">
         <name>.debug_info</name>
         <load_address>0x988b</load_address>
         <run_address>0x988b</run_address>
         <size>0x146</size>
         <input_file_ref idref="fl-136"/>
      </object_component>
      <object_component id="oc-1ac">
         <name>.debug_info</name>
         <load_address>0x99d1</load_address>
         <run_address>0x99d1</run_address>
         <size>0x2c</size>
         <input_file_ref idref="fl-133"/>
      </object_component>
      <object_component id="oc-1b3">
         <name>.debug_info</name>
         <load_address>0x99fd</load_address>
         <run_address>0x99fd</run_address>
         <size>0x2c</size>
         <input_file_ref idref="fl-4"/>
      </object_component>
      <object_component id="oc-1be">
         <name>.debug_info</name>
         <load_address>0x9a29</load_address>
         <run_address>0x9a29</run_address>
         <size>0x18b</size>
         <input_file_ref idref="fl-13e"/>
      </object_component>
      <object_component id="oc-1c3">
         <name>.debug_info</name>
         <load_address>0x9bb4</load_address>
         <run_address>0x9bb4</run_address>
         <size>0x226</size>
         <input_file_ref idref="fl-141"/>
      </object_component>
      <object_component id="oc-1c5">
         <name>.debug_info</name>
         <load_address>0x9dda</load_address>
         <run_address>0x9dda</run_address>
         <size>0x1cf</size>
         <input_file_ref idref="fl-140"/>
      </object_component>
      <object_component id="oc-1c8">
         <name>.debug_info</name>
         <load_address>0x9fa9</load_address>
         <run_address>0x9fa9</run_address>
         <size>0x1c2</size>
         <input_file_ref idref="fl-143"/>
      </object_component>
      <object_component id="oc-1cb">
         <name>.debug_info</name>
         <load_address>0xa16b</load_address>
         <run_address>0xa16b</run_address>
         <size>0x1ba</size>
         <input_file_ref idref="fl-143"/>
      </object_component>
      <object_component id="oc-1cf">
         <name>.debug_info</name>
         <load_address>0xa325</load_address>
         <run_address>0xa325</run_address>
         <size>0x90</size>
         <input_file_ref idref="fl-13e"/>
      </object_component>
      <object_component id="oc-1d5">
         <name>.debug_info</name>
         <load_address>0xa3b5</load_address>
         <run_address>0xa3b5</run_address>
         <size>0xdf</size>
         <input_file_ref idref="fl-4"/>
      </object_component>
      <object_component id="oc-1db">
         <name>.debug_info</name>
         <load_address>0xa494</load_address>
         <run_address>0xa494</run_address>
         <size>0x1c3</size>
         <input_file_ref idref="fl-142"/>
      </object_component>
      <object_component id="oc-1dd">
         <name>.debug_info</name>
         <load_address>0xa657</load_address>
         <run_address>0xa657</run_address>
         <size>0x1ce</size>
         <input_file_ref idref="fl-3"/>
      </object_component>
      <object_component id="oc-1de">
         <name>.debug_info</name>
         <load_address>0xa825</load_address>
         <run_address>0xa825</run_address>
         <size>0x2c</size>
         <input_file_ref idref="fl-3"/>
      </object_component>
      <object_component id="oc-1e6">
         <name>.debug_info</name>
         <load_address>0xa851</load_address>
         <run_address>0xa851</run_address>
         <size>0x1ce</size>
         <input_file_ref idref="fl-13f"/>
      </object_component>
      <object_component id="oc-1ea">
         <name>.debug_info</name>
         <load_address>0xaa1f</load_address>
         <run_address>0xaa1f</run_address>
         <size>0xfe</size>
         <input_file_ref idref="fl-3"/>
      </object_component>
      <object_component id="oc-1f8">
         <name>.debug_info</name>
         <load_address>0xab1d</load_address>
         <run_address>0xab1d</run_address>
         <size>0x265</size>
         <input_file_ref idref="fl-141"/>
      </object_component>
      <object_component id="oc-1ff">
         <name>.debug_info</name>
         <load_address>0xad82</load_address>
         <run_address>0xad82</run_address>
         <size>0x21e</size>
         <input_file_ref idref="fl-141"/>
      </object_component>
      <object_component id="oc-204">
         <name>.debug_info</name>
         <load_address>0xafa0</load_address>
         <run_address>0xafa0</run_address>
         <size>0x10b</size>
         <input_file_ref idref="fl-141"/>
      </object_component>
      <object_component id="oc-207">
         <name>.debug_info</name>
         <load_address>0xb0ab</load_address>
         <run_address>0xb0ab</run_address>
         <size>0x112</size>
         <input_file_ref idref="fl-141"/>
      </object_component>
      <object_component id="oc-20a">
         <name>.debug_info</name>
         <load_address>0xb1bd</load_address>
         <run_address>0xb1bd</run_address>
         <size>0xff</size>
         <input_file_ref idref="fl-141"/>
      </object_component>
      <object_component id="oc-20e">
         <name>.debug_info</name>
         <load_address>0xb2bc</load_address>
         <run_address>0xb2bc</run_address>
         <size>0x10d</size>
         <input_file_ref idref="fl-144"/>
      </object_component>
      <object_component id="oc-211">
         <name>.debug_info</name>
         <load_address>0xb3c9</load_address>
         <run_address>0xb3c9</run_address>
         <size>0x1d7</size>
         <input_file_ref idref="fl-144"/>
      </object_component>
      <object_component id="oc-213">
         <name>.debug_info</name>
         <load_address>0xb5a0</load_address>
         <run_address>0xb5a0</run_address>
         <size>0x217</size>
         <input_file_ref idref="fl-144"/>
      </object_component>
      <object_component id="oc-219">
         <name>.debug_info</name>
         <load_address>0xb7b7</load_address>
         <run_address>0xb7b7</run_address>
         <size>0x312</size>
         <input_file_ref idref="fl-144"/>
      </object_component>
      <object_component id="oc-223">
         <name>.debug_info</name>
         <load_address>0xbac9</load_address>
         <run_address>0xbac9</run_address>
         <size>0x233</size>
         <input_file_ref idref="fl-13f"/>
      </object_component>
      <object_component id="oc-22f">
         <name>.debug_info</name>
         <load_address>0xbcfc</load_address>
         <run_address>0xbcfc</run_address>
         <size>0x1a6</size>
         <input_file_ref idref="fl-13e"/>
      </object_component>
      <object_component id="oc-236">
         <name>.debug_info</name>
         <load_address>0xbea2</load_address>
         <run_address>0xbea2</run_address>
         <size>0x176</size>
         <input_file_ref idref="fl-145"/>
      </object_component>
      <object_component id="oc-23e">
         <name>.debug_info</name>
         <load_address>0xc018</load_address>
         <run_address>0xc018</run_address>
         <size>0x148</size>
         <input_file_ref idref="fl-13d"/>
      </object_component>
      <object_component id="oc-241">
         <name>.debug_info</name>
         <load_address>0xc160</load_address>
         <run_address>0xc160</run_address>
         <size>0x5e</size>
         <input_file_ref idref="fl-13b"/>
      </object_component>
      <object_component id="oc-24a">
         <name>.debug_info</name>
         <load_address>0xc1be</load_address>
         <run_address>0xc1be</run_address>
         <size>0x1d4</size>
         <input_file_ref idref="fl-13a"/>
      </object_component>
      <object_component id="oc-24e">
         <name>.debug_info</name>
         <load_address>0xc392</load_address>
         <run_address>0xc392</run_address>
         <size>0xd9</size>
         <input_file_ref idref="fl-13a"/>
      </object_component>
      <object_component id="oc-256">
         <name>.debug_info</name>
         <load_address>0xc46b</load_address>
         <run_address>0xc46b</run_address>
         <size>0x5f</size>
         <input_file_ref idref="fl-141"/>
      </object_component>
      <object_component id="oc-26a">
         <name>.debug_info</name>
         <load_address>0xc4ca</load_address>
         <run_address>0xc4ca</run_address>
         <size>0x105</size>
         <input_file_ref idref="fl-141"/>
      </object_component>
      <object_component id="oc-27d">
         <name>.debug_info</name>
         <load_address>0xc5cf</load_address>
         <run_address>0xc5cf</run_address>
         <size>0x86</size>
         <input_file_ref idref="fl-13e"/>
      </object_component>
      <object_component id="oc-285">
         <name>.debug_info</name>
         <load_address>0xc655</load_address>
         <run_address>0xc655</run_address>
         <size>0xcd</size>
         <input_file_ref idref="fl-13d"/>
      </object_component>
      <object_component id="oc-2b0">
         <name>.debug_info</name>
         <load_address>0xc722</load_address>
         <run_address>0xc722</run_address>
         <size>0xc3</size>
      </object_component>
      <object_component id="oc-10">
         <name>.debug_pubnames</name>
         <load_address>0x0</load_address>
         <run_address>0x0</run_address>
         <size>0x23</size>
         <input_file_ref idref="fl-2"/>
      </object_component>
      <object_component id="oc-14">
         <name>.debug_pubnames</name>
         <load_address>0x23</load_address>
         <run_address>0x23</run_address>
         <size>0x1f</size>
         <input_file_ref idref="fl-132"/>
      </object_component>
      <object_component id="oc-1a">
         <name>.debug_pubnames</name>
         <load_address>0x42</load_address>
         <run_address>0x42</run_address>
         <size>0x2b</size>
         <input_file_ref idref="fl-133"/>
      </object_component>
      <object_component id="oc-20">
         <name>.debug_pubnames</name>
         <load_address>0x6d</load_address>
         <run_address>0x6d</run_address>
         <size>0x25</size>
         <input_file_ref idref="fl-135"/>
      </object_component>
      <object_component id="oc-26">
         <name>.debug_pubnames</name>
         <load_address>0x92</load_address>
         <run_address>0x92</run_address>
         <size>0x2c</size>
         <input_file_ref idref="fl-134"/>
      </object_component>
      <object_component id="oc-2b">
         <name>.debug_pubnames</name>
         <load_address>0xbe</load_address>
         <run_address>0xbe</run_address>
         <size>0x4c</size>
         <input_file_ref idref="fl-2"/>
      </object_component>
      <object_component id="oc-33">
         <name>.debug_pubnames</name>
         <load_address>0x10a</load_address>
         <run_address>0x10a</run_address>
         <size>0x7c</size>
         <input_file_ref idref="fl-4"/>
      </object_component>
      <object_component id="oc-3c">
         <name>.debug_pubnames</name>
         <load_address>0x186</load_address>
         <run_address>0x186</run_address>
         <size>0x37</size>
         <input_file_ref idref="fl-13c"/>
      </object_component>
      <object_component id="oc-41">
         <name>.debug_pubnames</name>
         <load_address>0x1bd</load_address>
         <run_address>0x1bd</run_address>
         <size>0x21</size>
         <input_file_ref idref="fl-13b"/>
      </object_component>
      <object_component id="oc-47">
         <name>.debug_pubnames</name>
         <load_address>0x1de</load_address>
         <run_address>0x1de</run_address>
         <size>0x35</size>
         <input_file_ref idref="fl-136"/>
      </object_component>
      <object_component id="oc-4b">
         <name>.debug_pubnames</name>
         <load_address>0x213</load_address>
         <run_address>0x213</run_address>
         <size>0x23</size>
         <input_file_ref idref="fl-139"/>
      </object_component>
      <object_component id="oc-51">
         <name>.debug_pubnames</name>
         <load_address>0x236</load_address>
         <run_address>0x236</run_address>
         <size>0x1d</size>
         <input_file_ref idref="fl-137"/>
      </object_component>
      <object_component id="oc-62">
         <name>.debug_pubnames</name>
         <load_address>0x253</load_address>
         <run_address>0x253</run_address>
         <size>0x2f</size>
         <input_file_ref idref="fl-134"/>
      </object_component>
      <object_component id="oc-71">
         <name>.debug_pubnames</name>
         <load_address>0x282</load_address>
         <run_address>0x282</run_address>
         <size>0x2d</size>
         <input_file_ref idref="fl-141"/>
      </object_component>
      <object_component id="oc-77">
         <name>.debug_pubnames</name>
         <load_address>0x2af</load_address>
         <run_address>0x2af</run_address>
         <size>0x25</size>
         <input_file_ref idref="fl-140"/>
      </object_component>
      <object_component id="oc-7f">
         <name>.debug_pubnames</name>
         <load_address>0x2d4</load_address>
         <run_address>0x2d4</run_address>
         <size>0x23</size>
         <input_file_ref idref="fl-140"/>
      </object_component>
      <object_component id="oc-83">
         <name>.debug_pubnames</name>
         <load_address>0x2f7</load_address>
         <run_address>0x2f7</run_address>
         <size>0x20</size>
         <input_file_ref idref="fl-143"/>
      </object_component>
      <object_component id="oc-8b">
         <name>.debug_pubnames</name>
         <load_address>0x317</load_address>
         <run_address>0x317</run_address>
         <size>0x25</size>
         <input_file_ref idref="fl-140"/>
      </object_component>
      <object_component id="oc-91">
         <name>.debug_pubnames</name>
         <load_address>0x33c</load_address>
         <run_address>0x33c</run_address>
         <size>0x22</size>
         <input_file_ref idref="fl-140"/>
      </object_component>
      <object_component id="oc-97">
         <name>.debug_pubnames</name>
         <load_address>0x35e</load_address>
         <run_address>0x35e</run_address>
         <size>0x25</size>
         <input_file_ref idref="fl-140"/>
      </object_component>
      <object_component id="oc-9a">
         <name>.debug_pubnames</name>
         <load_address>0x383</load_address>
         <run_address>0x383</run_address>
         <size>0xbb</size>
         <input_file_ref idref="fl-4"/>
      </object_component>
      <object_component id="oc-a0">
         <name>.debug_pubnames</name>
         <load_address>0x43e</load_address>
         <run_address>0x43e</run_address>
         <size>0x24</size>
         <input_file_ref idref="fl-140"/>
      </object_component>
      <object_component id="oc-a5">
         <name>.debug_pubnames</name>
         <load_address>0x462</load_address>
         <run_address>0x462</run_address>
         <size>0x23</size>
         <input_file_ref idref="fl-142"/>
      </object_component>
      <object_component id="oc-aa">
         <name>.debug_pubnames</name>
         <load_address>0x485</load_address>
         <run_address>0x485</run_address>
         <size>0x214</size>
         <input_file_ref idref="fl-3"/>
      </object_component>
      <object_component id="oc-b1">
         <name>.debug_pubnames</name>
         <load_address>0x699</load_address>
         <run_address>0x699</run_address>
         <size>0x24</size>
         <input_file_ref idref="fl-142"/>
      </object_component>
      <object_component id="oc-b7">
         <name>.debug_pubnames</name>
         <load_address>0x6bd</load_address>
         <run_address>0x6bd</run_address>
         <size>0x22</size>
         <input_file_ref idref="fl-142"/>
      </object_component>
      <object_component id="oc-be">
         <name>.debug_pubnames</name>
         <load_address>0x6df</load_address>
         <run_address>0x6df</run_address>
         <size>0x24</size>
         <input_file_ref idref="fl-13f"/>
      </object_component>
      <object_component id="oc-c1">
         <name>.debug_pubnames</name>
         <load_address>0x703</load_address>
         <run_address>0x703</run_address>
         <size>0x2d</size>
         <input_file_ref idref="fl-13f"/>
      </object_component>
      <object_component id="oc-c7">
         <name>.debug_pubnames</name>
         <load_address>0x730</load_address>
         <run_address>0x730</run_address>
         <size>0x35</size>
         <input_file_ref idref="fl-4"/>
      </object_component>
      <object_component id="oc-d3">
         <name>.debug_pubnames</name>
         <load_address>0x765</load_address>
         <run_address>0x765</run_address>
         <size>0x1b</size>
         <input_file_ref idref="fl-4"/>
      </object_component>
      <object_component id="oc-d7">
         <name>.debug_pubnames</name>
         <load_address>0x780</load_address>
         <run_address>0x780</run_address>
         <size>0x1c</size>
         <input_file_ref idref="fl-4"/>
      </object_component>
      <object_component id="oc-dd">
         <name>.debug_pubnames</name>
         <load_address>0x79c</load_address>
         <run_address>0x79c</run_address>
         <size>0x22</size>
         <input_file_ref idref="fl-13f"/>
      </object_component>
      <object_component id="oc-e9">
         <name>.debug_pubnames</name>
         <load_address>0x7be</load_address>
         <run_address>0x7be</run_address>
         <size>0x20</size>
         <input_file_ref idref="fl-4"/>
      </object_component>
      <object_component id="oc-fb">
         <name>.debug_pubnames</name>
         <load_address>0x7de</load_address>
         <run_address>0x7de</run_address>
         <size>0x23</size>
         <input_file_ref idref="fl-13f"/>
      </object_component>
      <object_component id="oc-100">
         <name>.debug_pubnames</name>
         <load_address>0x801</load_address>
         <run_address>0x801</run_address>
         <size>0x29</size>
         <input_file_ref idref="fl-141"/>
      </object_component>
      <object_component id="oc-105">
         <name>.debug_pubnames</name>
         <load_address>0x82a</load_address>
         <run_address>0x82a</run_address>
         <size>0x27</size>
         <input_file_ref idref="fl-144"/>
      </object_component>
      <object_component id="oc-10b">
         <name>.debug_pubnames</name>
         <load_address>0x851</load_address>
         <run_address>0x851</run_address>
         <size>0x26</size>
         <input_file_ref idref="fl-144"/>
      </object_component>
      <object_component id="oc-113">
         <name>.debug_pubnames</name>
         <load_address>0x877</load_address>
         <run_address>0x877</run_address>
         <size>0x21</size>
         <input_file_ref idref="fl-13f"/>
      </object_component>
      <object_component id="oc-118">
         <name>.debug_pubnames</name>
         <load_address>0x898</load_address>
         <run_address>0x898</run_address>
         <size>0x2a</size>
         <input_file_ref idref="fl-13f"/>
      </object_component>
      <object_component id="oc-11f">
         <name>.debug_pubnames</name>
         <load_address>0x8c2</load_address>
         <run_address>0x8c2</run_address>
         <size>0x24</size>
         <input_file_ref idref="fl-13f"/>
      </object_component>
      <object_component id="oc-125">
         <name>.debug_pubnames</name>
         <load_address>0x8e6</load_address>
         <run_address>0x8e6</run_address>
         <size>0x26</size>
         <input_file_ref idref="fl-13f"/>
      </object_component>
      <object_component id="oc-129">
         <name>.debug_pubnames</name>
         <load_address>0x90c</load_address>
         <run_address>0x90c</run_address>
         <size>0x25</size>
         <input_file_ref idref="fl-144"/>
      </object_component>
      <object_component id="oc-130">
         <name>.debug_pubnames</name>
         <load_address>0x931</load_address>
         <run_address>0x931</run_address>
         <size>0x20</size>
         <input_file_ref idref="fl-142"/>
      </object_component>
      <object_component id="oc-134">
         <name>.debug_pubnames</name>
         <load_address>0x951</load_address>
         <run_address>0x951</run_address>
         <size>0x21</size>
         <input_file_ref idref="fl-13e"/>
      </object_component>
      <object_component id="oc-13a">
         <name>.debug_pubnames</name>
         <load_address>0x972</load_address>
         <run_address>0x972</run_address>
         <size>0x2a</size>
         <input_file_ref idref="fl-4"/>
      </object_component>
      <object_component id="oc-13d">
         <name>.debug_pubnames</name>
         <load_address>0x99c</load_address>
         <run_address>0x99c</run_address>
         <size>0x29</size>
         <input_file_ref idref="fl-13e"/>
      </object_component>
      <object_component id="oc-144">
         <name>.debug_pubnames</name>
         <load_address>0x9c5</load_address>
         <run_address>0x9c5</run_address>
         <size>0x28</size>
         <input_file_ref idref="fl-13e"/>
      </object_component>
      <object_component id="oc-14a">
         <name>.debug_pubnames</name>
         <load_address>0x9ed</load_address>
         <run_address>0x9ed</run_address>
         <size>0x31</size>
         <input_file_ref idref="fl-13e"/>
      </object_component>
      <object_component id="oc-150">
         <name>.debug_pubnames</name>
         <load_address>0xa1e</load_address>
         <run_address>0xa1e</run_address>
         <size>0x2c</size>
         <input_file_ref idref="fl-13e"/>
      </object_component>
      <object_component id="oc-155">
         <name>.debug_pubnames</name>
         <load_address>0xa4a</load_address>
         <run_address>0xa4a</run_address>
         <size>0x2d</size>
         <input_file_ref idref="fl-13e"/>
      </object_component>
      <object_component id="oc-15c">
         <name>.debug_pubnames</name>
         <load_address>0xa77</load_address>
         <run_address>0xa77</run_address>
         <size>0x28</size>
         <input_file_ref idref="fl-13e"/>
      </object_component>
      <object_component id="oc-162">
         <name>.debug_pubnames</name>
         <load_address>0xa9f</load_address>
         <run_address>0xa9f</run_address>
         <size>0x26</size>
         <input_file_ref idref="fl-143"/>
      </object_component>
      <object_component id="oc-169">
         <name>.debug_pubnames</name>
         <load_address>0xac5</load_address>
         <run_address>0xac5</run_address>
         <size>0x37</size>
         <input_file_ref idref="fl-138"/>
      </object_component>
      <object_component id="oc-19b">
         <name>.debug_pubnames</name>
         <load_address>0xafc</load_address>
         <run_address>0xafc</run_address>
         <size>0x1e</size>
         <input_file_ref idref="fl-13d"/>
      </object_component>
      <object_component id="oc-1a2">
         <name>.debug_pubnames</name>
         <load_address>0xb1a</load_address>
         <run_address>0xb1a</run_address>
         <size>0x28</size>
         <input_file_ref idref="fl-13a"/>
      </object_component>
      <object_component id="oc-1a5">
         <name>.debug_pubnames</name>
         <load_address>0xb42</load_address>
         <run_address>0xb42</run_address>
         <size>0x3a</size>
         <input_file_ref idref="fl-136"/>
      </object_component>
      <object_component id="oc-1c9">
         <name>.debug_pubnames</name>
         <load_address>0xb7c</load_address>
         <run_address>0xb7c</run_address>
         <size>0x77</size>
         <input_file_ref idref="fl-143"/>
      </object_component>
      <object_component id="oc-1d6">
         <name>.debug_pubnames</name>
         <load_address>0xbf3</load_address>
         <run_address>0xbf3</run_address>
         <size>0x18</size>
         <input_file_ref idref="fl-4"/>
      </object_component>
      <object_component id="oc-1fa">
         <name>.debug_pubnames</name>
         <load_address>0xc0b</load_address>
         <run_address>0xc0b</run_address>
         <size>0x2a</size>
         <input_file_ref idref="fl-141"/>
      </object_component>
      <object_component id="oc-201">
         <name>.debug_pubnames</name>
         <load_address>0xc35</load_address>
         <run_address>0xc35</run_address>
         <size>0x2a</size>
         <input_file_ref idref="fl-141"/>
      </object_component>
      <object_component id="oc-205">
         <name>.debug_pubnames</name>
         <load_address>0xc5f</load_address>
         <run_address>0xc5f</run_address>
         <size>0x29</size>
         <input_file_ref idref="fl-141"/>
      </object_component>
      <object_component id="oc-208">
         <name>.debug_pubnames</name>
         <load_address>0xc88</load_address>
         <run_address>0xc88</run_address>
         <size>0x2c</size>
         <input_file_ref idref="fl-141"/>
      </object_component>
      <object_component id="oc-20b">
         <name>.debug_pubnames</name>
         <load_address>0xcb4</load_address>
         <run_address>0xcb4</run_address>
         <size>0x23</size>
         <input_file_ref idref="fl-141"/>
      </object_component>
      <object_component id="oc-20f">
         <name>.debug_pubnames</name>
         <load_address>0xcd7</load_address>
         <run_address>0xcd7</run_address>
         <size>0x2b</size>
         <input_file_ref idref="fl-144"/>
      </object_component>
      <object_component id="oc-215">
         <name>.debug_pubnames</name>
         <load_address>0xd02</load_address>
         <run_address>0xd02</run_address>
         <size>0x25</size>
         <input_file_ref idref="fl-144"/>
      </object_component>
      <object_component id="oc-21b">
         <name>.debug_pubnames</name>
         <load_address>0xd27</load_address>
         <run_address>0xd27</run_address>
         <size>0x27</size>
         <input_file_ref idref="fl-144"/>
      </object_component>
      <object_component id="oc-224">
         <name>.debug_pubnames</name>
         <load_address>0xd4e</load_address>
         <run_address>0xd4e</run_address>
         <size>0x22</size>
         <input_file_ref idref="fl-13f"/>
      </object_component>
      <object_component id="oc-238">
         <name>.debug_pubnames</name>
         <load_address>0xd70</load_address>
         <run_address>0xd70</run_address>
         <size>0x1f</size>
         <input_file_ref idref="fl-145"/>
      </object_component>
      <object_component id="oc-24b">
         <name>.debug_pubnames</name>
         <load_address>0xd8f</load_address>
         <run_address>0xd8f</run_address>
         <size>0x43</size>
         <input_file_ref idref="fl-13a"/>
      </object_component>
      <object_component id="oc-26b">
         <name>.debug_pubnames</name>
         <load_address>0xdd2</load_address>
         <run_address>0xdd2</run_address>
         <size>0x26</size>
         <input_file_ref idref="fl-141"/>
      </object_component>
      <object_component id="oc-12">
         <name>.debug_line</name>
         <load_address>0x0</load_address>
         <run_address>0x0</run_address>
         <size>0x4f</size>
         <input_file_ref idref="fl-132"/>
      </object_component>
      <object_component id="oc-1b">
         <name>.debug_line</name>
         <load_address>0x4f</load_address>
         <run_address>0x4f</run_address>
         <size>0x55</size>
         <input_file_ref idref="fl-133"/>
      </object_component>
      <object_component id="oc-21">
         <name>.debug_line</name>
         <load_address>0xa4</load_address>
         <run_address>0xa4</run_address>
         <size>0x4c</size>
         <input_file_ref idref="fl-135"/>
      </object_component>
      <object_component id="oc-23">
         <name>.debug_line</name>
         <load_address>0xf0</load_address>
         <run_address>0xf0</run_address>
         <size>0x4b</size>
         <input_file_ref idref="fl-134"/>
      </object_component>
      <object_component id="oc-2d">
         <name>.debug_line</name>
         <load_address>0x13b</load_address>
         <run_address>0x13b</run_address>
         <size>0xa2</size>
         <input_file_ref idref="fl-2"/>
      </object_component>
      <object_component id="oc-30">
         <name>.debug_line</name>
         <load_address>0x1dd</load_address>
         <run_address>0x1dd</run_address>
         <size>0x272</size>
         <input_file_ref idref="fl-4"/>
      </object_component>
      <object_component id="oc-36">
         <name>.debug_line</name>
         <load_address>0x44f</load_address>
         <run_address>0x44f</run_address>
         <size>0x42</size>
         <input_file_ref idref="fl-2"/>
      </object_component>
      <object_component id="oc-39">
         <name>.debug_line</name>
         <load_address>0x491</load_address>
         <run_address>0x491</run_address>
         <size>0x87</size>
         <input_file_ref idref="fl-13c"/>
      </object_component>
      <object_component id="oc-3e">
         <name>.debug_line</name>
         <load_address>0x518</load_address>
         <run_address>0x518</run_address>
         <size>0x50</size>
         <input_file_ref idref="fl-13b"/>
      </object_component>
      <object_component id="oc-48">
         <name>.debug_line</name>
         <load_address>0x568</load_address>
         <run_address>0x568</run_address>
         <size>0x7a</size>
         <input_file_ref idref="fl-136"/>
      </object_component>
      <object_component id="oc-4e">
         <name>.debug_line</name>
         <load_address>0x5e2</load_address>
         <run_address>0x5e2</run_address>
         <size>0x88</size>
         <input_file_ref idref="fl-137"/>
      </object_component>
      <object_component id="oc-56">
         <name>.debug_line</name>
         <load_address>0x66a</load_address>
         <run_address>0x66a</run_address>
         <size>0x3a</size>
         <input_file_ref idref="fl-133"/>
      </object_component>
      <object_component id="oc-5d">
         <name>.debug_line</name>
         <load_address>0x6a4</load_address>
         <run_address>0x6a4</run_address>
         <size>0x34</size>
         <input_file_ref idref="fl-135"/>
      </object_component>
      <object_component id="oc-64">
         <name>.debug_line</name>
         <load_address>0x6d8</load_address>
         <run_address>0x6d8</run_address>
         <size>0x8c</size>
         <input_file_ref idref="fl-134"/>
      </object_component>
      <object_component id="oc-6b">
         <name>.debug_line</name>
         <load_address>0x764</load_address>
         <run_address>0x764</run_address>
         <size>0x39</size>
         <input_file_ref idref="fl-134"/>
      </object_component>
      <object_component id="oc-72">
         <name>.debug_line</name>
         <load_address>0x79d</load_address>
         <run_address>0x79d</run_address>
         <size>0x6d</size>
         <input_file_ref idref="fl-141"/>
      </object_component>
      <object_component id="oc-78">
         <name>.debug_line</name>
         <load_address>0x80a</load_address>
         <run_address>0x80a</run_address>
         <size>0x80</size>
         <input_file_ref idref="fl-140"/>
      </object_component>
      <object_component id="oc-7b">
         <name>.debug_line</name>
         <load_address>0x88a</load_address>
         <run_address>0x88a</run_address>
         <size>0x75</size>
         <input_file_ref idref="fl-140"/>
      </object_component>
      <object_component id="oc-84">
         <name>.debug_line</name>
         <load_address>0x8ff</load_address>
         <run_address>0x8ff</run_address>
         <size>0x99</size>
         <input_file_ref idref="fl-143"/>
      </object_component>
      <object_component id="oc-87">
         <name>.debug_line</name>
         <load_address>0x998</load_address>
         <run_address>0x998</run_address>
         <size>0x6c</size>
         <input_file_ref idref="fl-140"/>
      </object_component>
      <object_component id="oc-8d">
         <name>.debug_line</name>
         <load_address>0xa04</load_address>
         <run_address>0xa04</run_address>
         <size>0x6c</size>
         <input_file_ref idref="fl-140"/>
      </object_component>
      <object_component id="oc-93">
         <name>.debug_line</name>
         <load_address>0xa70</load_address>
         <run_address>0xa70</run_address>
         <size>0x6c</size>
         <input_file_ref idref="fl-140"/>
      </object_component>
      <object_component id="oc-9c">
         <name>.debug_line</name>
         <load_address>0xadc</load_address>
         <run_address>0xadc</run_address>
         <size>0x6c</size>
         <input_file_ref idref="fl-140"/>
      </object_component>
      <object_component id="oc-a6">
         <name>.debug_line</name>
         <load_address>0xb48</load_address>
         <run_address>0xb48</run_address>
         <size>0x6a</size>
         <input_file_ref idref="fl-142"/>
      </object_component>
      <object_component id="oc-ab">
         <name>.debug_line</name>
         <load_address>0xbb2</load_address>
         <run_address>0xbb2</run_address>
         <size>0x6ba</size>
         <input_file_ref idref="fl-3"/>
      </object_component>
      <object_component id="oc-b2">
         <name>.debug_line</name>
         <load_address>0x126c</load_address>
         <run_address>0x126c</run_address>
         <size>0x6a</size>
         <input_file_ref idref="fl-142"/>
      </object_component>
      <object_component id="oc-b8">
         <name>.debug_line</name>
         <load_address>0x12d6</load_address>
         <run_address>0x12d6</run_address>
         <size>0x6a</size>
         <input_file_ref idref="fl-142"/>
      </object_component>
      <object_component id="oc-ba">
         <name>.debug_line</name>
         <load_address>0x1340</load_address>
         <run_address>0x1340</run_address>
         <size>0x6b</size>
         <input_file_ref idref="fl-13f"/>
      </object_component>
      <object_component id="oc-c3">
         <name>.debug_line</name>
         <load_address>0x13ab</load_address>
         <run_address>0x13ab</run_address>
         <size>0x6b</size>
         <input_file_ref idref="fl-13f"/>
      </object_component>
      <object_component id="oc-df">
         <name>.debug_line</name>
         <load_address>0x1416</load_address>
         <run_address>0x1416</run_address>
         <size>0x6c</size>
         <input_file_ref idref="fl-13f"/>
      </object_component>
      <object_component id="oc-f7">
         <name>.debug_line</name>
         <load_address>0x1482</load_address>
         <run_address>0x1482</run_address>
         <size>0x6b</size>
         <input_file_ref idref="fl-13f"/>
      </object_component>
      <object_component id="oc-101">
         <name>.debug_line</name>
         <load_address>0x14ed</load_address>
         <run_address>0x14ed</run_address>
         <size>0x155</size>
         <input_file_ref idref="fl-141"/>
      </object_component>
      <object_component id="oc-106">
         <name>.debug_line</name>
         <load_address>0x1642</load_address>
         <run_address>0x1642</run_address>
         <size>0x80</size>
         <input_file_ref idref="fl-144"/>
      </object_component>
      <object_component id="oc-10c">
         <name>.debug_line</name>
         <load_address>0x16c2</load_address>
         <run_address>0x16c2</run_address>
         <size>0x6c</size>
         <input_file_ref idref="fl-144"/>
      </object_component>
      <object_component id="oc-10f">
[...]
            <run_size>0x44</run_size>
            <compression>rle</compression>
         </cprec>
         <cprec>
            <name>.bss</name>
            <load_address>0x2f68</load_address>
            <load_size>0x8</load_size>
            <run_address>0x20000000</run_address>
            <run_size>0x66b</run_size>
            <compression>zero_init</compression>
         </cprec>
      </cptbl>
   </cptbl_list>
   <handler_table>
      <handler_table_name>__TI_handler_table</handler_table_name>
      <handler>
         <index>0x0</index>
         <name>__TI_decompress_rle24</name>
      </handler>
      <handler>
         <index>0x1</index>
         <name>__TI_decompress_none</name>
      </handler>
      <handler>
         <index>0x2</index>
         <name>__TI_zero_init</name>
      </handler>
   </handler_table>
   <symbol_table>
      <symbol id="sm-1">
         <name>__STACK_TOP</name>
         <value>0x2000086c</value>
      </symbol>
      <symbol id="sm-2">
         <name>__TI_CINIT_Base</name>
         <value>0x2f70</value>
      </symbol>
      <symbol id="sm-3">
         <name>__TI_CINIT_Limit</name>
         <value>0x2f80</value>
      </symbol>
      <symbol id="sm-4">
         <name>__TI_Handler_Table_Base</name>
         <value>0x2f5c</value>
      </symbol>
      <symbol id="sm-5">
         <name>__TI_Handler_Table_Limit</name>
         <value>0x2f68</value>
      </symbol>
      <symbol id="sm-6">
         <name>binit</name>
         <value>0xffffffff</value>
      </symbol>
      <symbol id="sm-7">
         <name>__binit__</name>
         <value>0xffffffff</value>
      </symbol>
      <symbol id="sm-8">
         <name>__STACK_SIZE</name>
         <value>0x400</value>
      </symbol>
      <symbol id="sm-9">
         <name>__STACK_END</name>
         <value>0x20000a6c</value>
      </symbol>
      <symbol id="sm-a">
         <name>__c_args__</name>
         <value>0xffffffff</value>
      </symbol>
      <symbol id="sm-43">
         <name>ResetISR</name>
         <value>0x2bdf</value>
         <object_component_ref idref="oc-29"/>
      </symbol>
      <symbol id="sm-44">
         <name>g_pfnVectors</name>
         <value>0x0</value>
         <object_component_ref idref="oc-e"/>
      </symbol>
      <symbol id="sm-dc">
         <name>SPIFlashSectorErase</name>
         <value>0xf9b</value>
         <object_component_ref idref="oc-a7"/>
      </symbol>
      <symbol id="sm-dd">
         <name>SPIFlashFastRead</name>
         <value>0xdc9</value>
         <object_component_ref idref="oc-a7"/>
      </symbol>
      <symbol id="sm-de">
         <name>SPIFlashWriteDisable</name>
         <value>0xd03</value>
         <object_component_ref idref="oc-a7"/>
      </symbol>
      <symbol id="sm-df">
         <name>SPIFlashWriteStatus</name>
         <value>0x9fb</value>
         <object_component_ref idref="oc-a7"/>
      </symbol>
      <symbol id="sm-e0">
         <name>SPIFlashRead</name>
         <value>0xb41</value>
         <object_component_ref idref="oc-a7"/>
      </symbol>
      <symbol id="sm-e1">
         <name>SPIFlashChipErase</name>
         <value>0x14e7</value>
         <object_component_ref idref="oc-a7"/>
      </symbol>
      <symbol id="sm-e2">
         <name>SPIFlashReadStatus</name>
         <value>0xd29</value>
         <object_component_ref idref="oc-a7"/>
      </symbol>
      <symbol id="sm-e3">
         <name>SPIFlashWriteEnable</name>
         <value>0xda3</value>
         <object_component_ref idref="oc-a7"/>
      </symbol>
      <symbol id="sm-e4">
         <name>SPIFlashBlockErase32</name>
         <value>0x11d7</value>
         <object_component_ref idref="oc-a7"/>
      </symbol>
      <symbol id="sm-e5">
         <name>SPIFlashDualRead</name>
         <value>0x1005</value>
         <object_component_ref idref="oc-a7"/>
      </symbol>
      <symbol id="sm-e6">
         <name>SPIFlashDualReadNonBlocking</name>
         <value>0x115f</value>
         <object_component_ref idref="oc-a7"/>
      </symbol>
      <symbol id="sm-e7">
         <name>SPIFlashBlockErase64</name>
         <value>0x150d</value>
         <object_component_ref idref="oc-a7"/>
      </symbol>
      <symbol id="sm-e8">
         <name>SPIFlashFastReadNonBlocking</name>
         <value>0xf23</value>
         <object_component_ref idref="oc-a7"/>
      </symbol>
      <symbol id="sm-e9">
         <name>SPIFlashPageProgram</name>
         <value>0xa3d</value>
         <object_component_ref idref="oc-a7"/>
      </symbol>
      <symbol id="sm-ea">
         <name>SPIFlashInit</name>
         <value>0x9a1</value>
         <object_component_ref idref="oc-a7"/>
      </symbol>
      <symbol id="sm-eb">
         <name>SPIFlashReadID</name>
         <value>0x1413</value>
         <object_component_ref idref="oc-a7"/>
      </symbol>
      <symbol id="sm-ec">
         <name>SPIFlashReadNonBlocking</name>
         <value>0xc8b</value>
         <object_component_ref idref="oc-a7"/>
      </symbol>
      <symbol id="sm-ed">
         <name>SPIFlashPageProgramNonBlocking</name>
         <value>0xae7</value>
         <object_component_ref idref="oc-a7"/>
      </symbol>
      <symbol id="sm-ee">
         <name>SPIFlashIntHandler</name>
         <value>0x209</value>
         <object_component_ref idref="oc-a7"/>
      </symbol>
      <symbol id="sm-ef">
         <name>SPIFlashQuadReadNonBlocking</name>
         <value>0x139b</value>
         <object_component_ref idref="oc-a7"/>
      </symbol>
      <symbol id="sm-f0">
         <name>SPIFlashQuadRead</name>
         <value>0x1241</value>
         <object_component_ref idref="oc-a7"/>
      </symbol>
      <symbol id="sm-174">
         <name>c</name>
         <value>0x20000668</value>
      </symbol>
      <symbol id="sm-175">
         <name>full</name>
         <value>0x20000a6f</value>
         <object_component_ref idref="oc-98"/>
      </symbol>
      <symbol id="sm-176">
         <name>SPIFlashHandler</name>
         <value>0x15fd</value>
         <object_component_ref idref="oc-2f"/>
      </symbol>
      <symbol id="sm-177">
         <name>buff_flg</name>
         <value>0x20000a6e</value>
         <object_component_ref idref="oc-98"/>
      </symbol>
      <symbol id="sm-178">
         <name>p</name>
         <value>0x20000640</value>
         <object_component_ref idref="oc-1d4"/>
      </symbol>
      <symbol id="sm-179">
         <name>pui8DMAControlTable</name>
         <value>0x20000000</value>
         <object_component_ref idref="oc-138"/>
      </symbol>
      <symbol id="sm-17a">
         <name>tmplen</name>
         <value>0x20000a78</value>
         <object_component_ref idref="oc-98"/>
      </symbol>
      <symbol id="sm-17b">
         <name>file_size</name>
         <value>0x20000600</value>
         <object_component_ref idref="oc-e7"/>
      </symbol>
      <symbol id="sm-17c">
         <name>UARTIntHandler</name>
         <value>0x1693</value>
         <object_component_ref idref="oc-2f"/>
      </symbol>
      <symbol id="sm-17d">
         <name>main</name>
         <value>0x1d3b</value>
         <object_component_ref idref="oc-2f"/>
      </symbol>
      <symbol id="sm-17e">
         <name>SPIState</name>
         <value>0x20000a90</value>
         <object_component_ref idref="oc-98"/>
      </symbol>
      <symbol id="sm-17f">
         <name>index</name>
         <value>0x20000a6d</value>
         <object_component_ref idref="oc-98"/>
      </symbol>
      <symbol id="sm-180">
         <name>null_cnt</name>
         <value>0x20000a6c</value>
         <object_component_ref idref="oc-98"/>
      </symbol>
      <symbol id="sm-181">
         <name>full1</name>
         <value>0x20000a70</value>
         <object_component_ref idref="oc-98"/>
      </symbol>
      <symbol id="sm-182">
         <name>Timer0_A_Init</name>
         <value>0x1577</value>
         <object_component_ref idref="oc-2f"/>
      </symbol>
      <symbol id="sm-183">
         <name>Timer0_A_IntHandler</name>
         <value>0x15d1</value>
         <object_component_ref idref="oc-2f"/>
      </symbol>
      <symbol id="sm-184">
         <name>UARTPutData</name>
         <value>0x1cf9</value>
         <object_component_ref idref="oc-2f"/>
      </symbol>
      <symbol id="sm-185">
         <name>length</name>
         <value>0x20000a74</value>
         <object_component_ref idref="oc-98"/>
      </symbol>
      <symbol id="sm-195">
         <name>_c_int00</name>
         <value>0x28b9</value>
         <object_component_ref idref="oc-11"/>
      </symbol>
      <symbol id="sm-196">
         <name>__stack</name>
         <value>0x2000066c</value>
         <object_component_ref idref="oc-28"/>
      </symbol>
      <symbol id="sm-1ad">
         <name>__TI_decompress_none</name>
         <value>0x2bc5</value>
         <object_component_ref idref="oc-16"/>
      </symbol>
      <symbol id="sm-1d1">
         <name>__TI_decompress_rle24</name>
         <value>0x2c59</value>
         <object_component_ref idref="oc-22"/>
      </symbol>
      <symbol id="sm-1e5">
         <name>__TI_zero_init</name>
         <value>0x2b87</value>
         <object_component_ref idref="oc-1c"/>
      </symbol>
      <symbol id="sm-204">
         <name>C$$EXIT</name>
         <value>0x298d</value>
         <object_component_ref idref="oc-43"/>
      </symbol>
      <symbol id="sm-205">
         <name>abort</name>
         <value>0x2991</value>
         <object_component_ref idref="oc-43"/>
      </symbol>
      <symbol id="sm-206">
         <name>exit</name>
         <value>0x2999</value>
         <object_component_ref idref="oc-43"/>
      </symbol>
      <symbol id="sm-207">
         <name>__TI_dtors_ptr</name>
         <value>0x20000aa8</value>
         <object_component_ref idref="oc-1a3"/>
      </symbol>
      <symbol id="sm-208">
         <name>__TI_cleanup_ptr</name>
         <value>0x20000aa4</value>
         <object_component_ref idref="oc-1a3"/>
      </symbol>
      <symbol id="sm-223">
         <name>memcpy</name>
         <value>0x24e1</value>
         <object_component_ref idref="oc-4d"/>
      </symbol>
      <symbol id="sm-224">
         <name>__aeabi_memcpy</name>
         <value>0x24e1</value>
         <object_component_ref idref="oc-4d"/>
      </symbol>
      <symbol id="sm-225">
         <name>__aeabi_memcpy8</name>
         <value>0x24e1</value>
         <object_component_ref idref="oc-4d"/>
      </symbol>
      <symbol id="sm-226">
         <name>__aeabi_memcpy4</name>
         <value>0x24e1</value>
         <object_component_ref idref="oc-4d"/>
      </symbol>
      <symbol id="sm-235">
         <name>__aeabi_memset</name>
         <value>0x2693</value>
         <object_component_ref idref="oc-165"/>
      </symbol>
      <symbol id="sm-236">
         <name>memset</name>
         <value>0x2699</value>
         <object_component_ref idref="oc-165"/>
      </symbol>
      <symbol id="sm-237">
         <name>__aeabi_memset8</name>
         <value>0x2693</value>
         <object_component_ref idref="oc-165"/>
      </symbol>
      <symbol id="sm-238">
         <name>__aeabi_memset4</name>
         <value>0x2693</value>
         <object_component_ref idref="oc-165"/>
      </symbol>
      <symbol id="sm-239">
         <name>__aeabi_memclr8</name>
         <value>0x2691</value>
         <object_component_ref idref="oc-165"/>
      </symbol>
      <symbol id="sm-23a">
         <name>__aeabi_memclr4</name>
         <value>0x2691</value>
         <object_component_ref idref="oc-165"/>
      </symbol>
      <symbol id="sm-23b">
         <name>__aeabi_memclr</name>
         <value>0x2691</value>
         <object_component_ref idref="oc-165"/>
      </symbol>
      <symbol id="sm-243">
         <name>main_func_sp</name>
         <value>0x20000aac</value>
         <object_component_ref idref="oc-49"/>
      </symbol>
      <symbol id="sm-25c">
         <name>_nop</name>
         <value>0x2b4b</value>
         <object_component_ref idref="oc-246"/>
      </symbol>
      <symbol id="sm-25d">
         <name>_lock</name>
         <value>0x20000a9c</value>
         <object_component_ref idref="oc-1a0"/>
      </symbol>
      <symbol id="sm-25e">
         <name>_unlock</name>
         <value>0x20000aa0</value>
         <object_component_ref idref="oc-1a0"/>
      </symbol>
      <symbol id="sm-25f">
         <name>_register_lock</name>
         <value>0x2b43</value>
         <object_component_ref idref="oc-246"/>
      </symbol>
      <symbol id="sm-260">
         <name>_register_unlock</name>
         <value>0x2b3d</value>
         <object_component_ref idref="oc-246"/>
      </symbol>
      <symbol id="sm-274">
         <name>_args_main</name>
         <value>0x2af9</value>
         <object_component_ref idref="oc-3d"/>
      </symbol>
      <symbol id="sm-291">
         <name>__TI_auto_init</name>
         <value>0x257d</value>
         <object_component_ref idref="oc-38"/>
      </symbol>
      <symbol id="sm-2aa">
         <name>copy_in</name>
         <value>0x2949</value>
         <object_component_ref idref="oc-197"/>
      </symbol>
      <symbol id="sm-30e">
         <name>uDMAChannelControlSet</name>
         <value>0x2a9d</value>
         <object_component_ref idref="oc-14d"/>
      </symbol>
      <symbol id="sm-30f">
         <name>uDMAChannelAttributeEnable</name>
         <value>0x2901</value>
         <object_component_ref idref="oc-147"/>
      </symbol>
      <symbol id="sm-310">
         <name>uDMAChannelTransferSet</name>
         <value>0x2611</value>
         <object_component_ref idref="oc-153"/>
      </symbol>
      <symbol id="sm-311">
         <name>uDMAChannelAssign</name>
         <value>0x2a45</value>
         <object_component_ref idref="oc-141"/>
      </symbol>
      <symbol id="sm-312">
         <name>uDMAEnable</name>
         <value>0x2b99</value>
         <object_component_ref idref="oc-132"/>
      </symbol>
      <symbol id="sm-313">
         <name>uDMAControlBaseSet</name>
         <value>0x2bed</value>
         <object_component_ref idref="oc-13b"/>
      </symbol>
      <symbol id="sm-314">
         <name>uDMAChannelEnable</name>
         <value>0x2b11</value>
         <object_component_ref idref="oc-159"/>
      </symbol>
      <symbol id="sm-36a">
         <name>UARTFIFODisable</name>
         <value>0x2c35</value>
         <object_component_ref idref="oc-120"/>
      </symbol>
      <symbol id="sm-36b">
         <name>UARTConfigSetExpClk</name>
         <value>0x29d1</value>
         <object_component_ref idref="oc-114"/>
      </symbol>
      <symbol id="sm-36c">
         <name>UARTDisable</name>
         <value>0x2ac1</value>
         <object_component_ref idref="oc-220"/>
      </symbol>
      <symbol id="sm-36d">
         <name>UARTIntEnable</name>
         <value>0x2c51</value>
         <object_component_ref idref="oc-11a"/>
      </symbol>
      <symbol id="sm-36e">
         <name>UARTCharGetNonBlocking</name>
         <value>0x2bb7</value>
         <object_component_ref idref="oc-bf"/>
      </symbol>
      <symbol id="sm-36f">
         <name>UARTCharPut</name>
         <value>0x2c2b</value>
         <object_component_ref idref="oc-db"/>
      </symbol>
      <symbol id="sm-370">
         <name>UARTEnable</name>
         <value>0x2b29</value>
         <object_component_ref idref="oc-10e"/>
      </symbol>
      <symbol id="sm-371">
         <name>UARTIntClear</name>
         <value>0x2c67</value>
         <object_component_ref idref="oc-f6"/>
      </symbol>
      <symbol id="sm-372">
         <name>UARTIntStatus</name>
         <value>0x2c3f</value>
         <object_component_ref idref="oc-b9"/>
      </symbol>
      <symbol id="sm-3ad">
         <name>TimerLoadSet</name>
         <value>0x2b75</value>
         <object_component_ref idref="oc-7a"/>
      </symbol>
      <symbol id="sm-3ae">
         <name>TimerEnable</name>
         <value>0x2ba9</value>
         <object_component_ref idref="oc-8c"/>
      </symbol>
      <symbol id="sm-3af">
         <name>TimerIntStatus</name>
         <value>0x2c21</value>
         <object_component_ref idref="oc-92"/>
      </symbol>
      <symbol id="sm-3b0">
         <name>TimerIntEnable</name>
         <value>0x2c49</value>
         <object_component_ref idref="oc-86"/>
      </symbol>
      <symbol id="sm-3b1">
         <name>TimerConfigure</name>
         <value>0x27c9</value>
         <object_component_ref idref="oc-74"/>
      </symbol>
      <symbol id="sm-3b2">
         <name>TimerIntClear</name>
         <value>0x2c63</value>
         <object_component_ref idref="oc-9b"/>
      </symbol>
      <symbol id="sm-428">
         <name>SysCtlPeripheralEnable</name>
         <value>0x2a11</value>
         <object_component_ref idref="oc-6e"/>
      </symbol>
      <symbol id="sm-429">
         <name>SysCtlClockFreqSet</name>
         <value>0x21b5</value>
         <object_component_ref idref="oc-fc"/>
      </symbol>
      <symbol id="sm-44e">
         <name>SSIIntDisable</name>
         <value>0x2c0d</value>
         <object_component_ref idref="oc-ad"/>
      </symbol>
      <symbol id="sm-44f">
         <name>SSIIntClear</name>
         <value>0x2c5f</value>
         <object_component_ref idref="oc-b3"/>
      </symbol>
      <symbol id="sm-450">
         <name>SSIIntStatus</name>
         <value>0x2c17</value>
         <object_component_ref idref="oc-a1"/>
      </symbol>
      <symbol id="sm-451">
         <name>SSIEnable</name>
         <value>0x2c03</value>
         <object_component_ref idref="oc-12c"/>
      </symbol>
      <symbol id="sm-47f">
         <name>IntEnable</name>
         <value>0x2709</value>
         <object_component_ref idref="oc-80"/>
      </symbol>
      <symbol id="sm-480">
         <name>IntMasterEnable</name>
         <value>0x2bf9</value>
         <object_component_ref idref="oc-15f"/>
      </symbol>
      <symbol id="sm-4c0">
         <name>GPIOPinConfigure</name>
         <value>0x2871</value>
         <object_component_ref idref="oc-102"/>
      </symbol>
      <symbol id="sm-4c1">
         <name>GPIOPinTypeUART</name>
         <value>0x2b63</value>
         <object_component_ref idref="oc-108"/>
      </symbol>
      <symbol id="sm-4c2">
         <name>GPIODirModeSet</name>
         <value>0x2a71</value>
         <object_component_ref idref="oc-212"/>
      </symbol>
      <symbol id="sm-4c3">
         <name>GPIOPadConfigSet</name>
         <value>0x23b1</value>
         <object_component_ref idref="oc-218"/>
      </symbol>
      <symbol id="sm-4c4">
         <name>GPIOPinTypeSSI</name>
         <value>0x2b51</value>
         <object_component_ref idref="oc-126"/>
      </symbol>
      <symbol id="sm-4ce">
         <name>CPUcpsie</name>
         <value>0x2bd3</value>
         <object_component_ref idref="oc-235"/>
      </symbol>
      <symbol id="sm-4cf">
         <name>__TI_static_base__</name>
         <value>0x0</value>
      </symbol>
      <symbol id="sm-4d0">
         <name>__TI_args_main</name>
         <value>0x1</value>
      </symbol>
      <symbol id="sm-4d1">
         <name>SHT$$INIT_ARRAY$$Limit</name>
         <value>0x0</value>
      </symbol>
      <symbol id="sm-4d2">
         <name>SHT$$INIT_ARRAY$$Base</name>
         <value>0x0</value>
      </symbol>
   </symbol_table>
   <title>Link successful</title>
</link_info>
