<?xml version="1.0"?>
<link_info>
   <banner>TI ARM Linker PC v5.1.6</banner>
   <copyright>Copyright (c) 1996-2014 Texas Instruments Incorporated</copyright>
   <link_time>0x53da40d3</link_time>
   <link_errors>0x0</link_errors>
   <output_file>Transmit_Interrupt.out</output_file>
   <entry_point>
      <name>_c_int00</name>
      <address>0x2305</address>
   </entry_point>
   <input_file_list>
      <input_file id="fl-2">
         <path>.\</path>
         <kind>object</kind>
         <file>tm4c129xnczad_startup_ccs.obj</file>
         <name>tm4c129xnczad_startup_ccs.obj</name>
      </input_file>
      <input_file id="fl-3">
         <path>.\</path>
         <kind>object</kind>
         <file>spi_flash.obj</file>
         <name>spi_flash.obj</name>
      </input_file>
      <input_file id="fl-4">
         <path>.\</path>
         <kind>object</kind>
         <file>main.obj</file>
         <name>main.obj</name>
      </input_file>
      <input_file id="fl-132">
         <path>c:\ti\ccsv6\tools\compiler\arm_5.1.6\lib\</path>
         <kind>archive</kind>
         <file>rtsv7M4_T_le_v4SPD16_eabi.lib</file>
         <name>boot.obj</name>
      </input_file>
      <input_file id="fl-133">
         <path>c:\ti\ccsv6\tools\compiler\arm_5.1.6\lib\</path>
         <kind>archive</kind>
         <file>rtsv7M4_T_le_v4SPD16_eabi.lib</file>
         <name>copy_decompress_none.obj</name>
      </input_file>
      <input_file id="fl-134">
         <path>c:\ti\ccsv6\tools\compiler\arm_5.1.6\lib\</path>
         <kind>archive</kind>
         <file>rtsv7M4_T_le_v4SPD16_eabi.lib</file>
         <name>copy_decompress_rle.obj</name>
      </input_file>
      <input_file id="fl-135">
         <path>c:\ti\ccsv6\tools\compiler\arm_5.1.6\lib\</path>
         <kind>archive</kind>
         <file>rtsv7M4_T_le_v4SPD16_eabi.lib</file>
         <name>copy_zero_init.obj</name>
      </input_file>
      <input_file id="fl-136">
         <path>c:\ti\ccsv6\tools\compiler\arm_5.1.6\lib\</path>
         <kind>archive</kind>
         <file>rtsv7M4_T_le_v4SPD16_eabi.lib</file>
         <name>exit.obj</name>
      </input_file>
      <input_file id="fl-137">
         <path>c:\ti\ccsv6\tools\compiler\arm_5.1.6\lib\</path>
         <kind>archive</kind>
         <file>rtsv7M4_T_le_v4SPD16_eabi.lib</file>
         <name>memcpy_t2.obj</name>
      </input_file>
      <input_file id="fl-138">
         <path>c:\ti\ccsv6\tools\compiler\arm_5.1.6\lib\</path>
         <kind>archive</kind>
         <file>rtsv7M4_T_le_v4SPD16_eabi.lib</file>
         <name>memset_t2.obj</name>
      </input_file>
      <input_file id="fl-139">
         <path>c:\ti\ccsv6\tools\compiler\arm_5.1.6\lib\</path>
         <kind>archive</kind>
         <file>rtsv7M4_T_le_v4SPD16_eabi.lib</file>
         <name>stkdepth_vars.obj</name>
      </input_file>
      <input_file id="fl-13a">
         <path>c:\ti\ccsv6\tools\compiler\arm_5.1.6\lib\</path>
         <kind>archive</kind>
         <file>rtsv7M4_T_le_v4SPD16_eabi.lib</file>
         <name>_lock.obj</name>
      </input_file>
      <input_file id="fl-13b">
         <path>c:\ti\ccsv6\tools\compiler\arm_5.1.6\lib\</path>
         <kind>archive</kind>
         <file>rtsv7M4_T_le_v4SPD16_eabi.lib</file>
         <name>args_main.obj</name>
      </input_file>
      <input_file id="fl-13c">
         <path>c:\ti\ccsv6\tools\compiler\arm_5.1.6\lib\</path>
         <kind>archive</kind>
         <file>rtsv7M4_T_le_v4SPD16_eabi.lib</file>
         <name>auto_init.obj</name>
      </input_file>
      <input_file id="fl-13d">
         <path>c:\ti\ccsv6\tools\compiler\arm_5.1.6\lib\</path>
         <kind>archive</kind>
         <file>rtsv7M4_T_le_v4SPD16_eabi.lib</file>
         <name>cpy_tbl.obj</name>
      </input_file>
      <input_file id="fl-13e">
         <path>D:\Tiva\TivaWare(129X)\driverlib\ccs\Debug\</path>
         <kind>archive</kind>
         <file>driverlib.lib</file>
         <name>udma.obj</name>
      </input_file>
      <input_file id="fl-13f">
         <path>D:\Tiva\TivaWare(129X)\driverlib\ccs\Debug\</path>
         <kind>archive</kind>
         <file>driverlib.lib</file>
         <name>uart.obj</name>
      </input_file>
      <input_file id="fl-140">
         <path>D:\Tiva\TivaWare(129X)\driverlib\ccs\Debug\</path>
         <kind>archive</kind>
         <file>driverlib.lib</file>
         <name>timer.obj</name>
      </input_file>
      <input_file id="fl-141">
         <path>D:\Tiva\TivaWare(129X)\driverlib\ccs\Debug\</path>
         <kind>archive</kind>
         <file>driverlib.lib</file>
         <name>sysctl.obj</name>
      </input_file>
      <input_file id="fl-142">
         <path>D:\Tiva\TivaWare(129X)\driverlib\ccs\Debug\</path>
         <kind>archive</kind>
         <file>driverlib.lib</file>
         <name>ssi.obj</name>
      </input_file>
      <input_file id="fl-143">
         <path>D:\Tiva\TivaWare(129X)\driverlib\ccs\Debug\</path>
         <kind>archive</kind>
         <file>driverlib.lib</file>
         <name>interrupt.obj</name>
      </input_file>
      <input_file id="fl-144">
         <path>D:\Tiva\TivaWare(129X)\driverlib\ccs\Debug\</path>
         <kind>archive</kind>
         <file>driverlib.lib</file>
         <name>gpio.obj</name>
      </input_file>
      <input_file id="fl-145">
         <path>D:\Tiva\TivaWare(129X)\driverlib\ccs\Debug\</path>
         <kind>archive</kind>
         <file>driverlib.lib</file>
         <name>cpu.obj</name>
      </input_file>
   </input_file_list>
   <object_component_list>
      <object_component id="oc-e">
         <name>.intvecs</name>
         <load_address>0x0</load_address>
         <run_address>0x0</run_address>
         <size>0x208</size>
         <input_file_ref idref="fl-2"/>
      </object_component>
      <object_component id="oc-a4">
         <name>.text</name>
         <load_address>0x208</load_address>
         <run_address>0x208</run_address>
         <size>0x1220</size>
         <input_file_ref idref="fl-3"/>
      </object_component>
      <object_component id="oc-2f">
         <name>.text</name>
         <load_address>0x1428</load_address>
         <run_address>0x1428</run_address>
         <size>0x7d8</size>
         <input_file_ref idref="fl-4"/>
      </object_component>
      <object_component id="oc-e0">
         <name>.text:SysCtlClockFreqSet</name>
         <load_address>0x1c00</load_address>
         <run_address>0x1c00</run_address>
         <size>0x1fc</size>
         <input_file_ref idref="fl-141"/>
      </object_component>
      <object_component id="oc-1dc">
         <name>.text:GPIOPadConfigSet</name>
         <load_address>0x1dfc</load_address>
         <run_address>0x1dfc</run_address>
         <size>0x130</size>
         <input_file_ref idref="fl-144"/>
      </object_component>
      <object_component id="oc-4d">
         <name>.text</name>
         <load_address>0x1f2c</load_address>
         <run_address>0x1f2c</run_address>
         <size>0x9c</size>
         <input_file_ref idref="fl-137"/>
      </object_component>
      <object_component id="oc-38">
         <name>.text</name>
         <load_address>0x1fc8</load_address>
         <run_address>0x1fc8</run_address>
         <size>0x94</size>
         <input_file_ref idref="fl-13c"/>
      </object_component>
      <object_component id="oc-134">
         <name>.text:uDMAChannelTransferSet</name>
         <load_address>0x205c</load_address>
         <run_address>0x205c</run_address>
         <size>0x80</size>
         <input_file_ref idref="fl-13e"/>
      </object_component>
      <object_component id="oc-146">
         <name>.text</name>
         <load_address>0x20dc</load_address>
         <run_address>0x20dc</run_address>
         <size>0x78</size>
         <input_file_ref idref="fl-138"/>
      </object_component>
      <object_component id="oc-80">
         <name>.text:IntEnable</name>
         <load_address>0x2154</load_address>
         <run_address>0x2154</run_address>
         <size>0x60</size>
         <input_file_ref idref="fl-143"/>
      </object_component>
      <object_component id="oc-60">
         <name>.text</name>
         <load_address>0x21b4</load_address>
         <run_address>0x21b4</run_address>
         <size>0x5e</size>
         <input_file_ref idref="fl-134"/>
      </object_component>
      <object_component id="oc-74">
         <name>.text:TimerConfigure</name>
         <load_address>0x2214</load_address>
         <run_address>0x2214</run_address>
         <size>0x5c</size>
         <input_file_ref idref="fl-140"/>
      </object_component>
      <object_component id="oc-1c1">
         <name>.text:_SysCtlFrequencyGet</name>
         <load_address>0x2270</load_address>
         <run_address>0x2270</run_address>
         <size>0x4c</size>
         <input_file_ref idref="fl-141"/>
      </object_component>
      <object_component id="oc-e6">
         <name>.text:GPIOPinConfigure</name>
         <load_address>0x22bc</load_address>
         <run_address>0x22bc</run_address>
         <size>0x48</size>
         <input_file_ref idref="fl-144"/>
      </object_component>
      <object_component id="oc-11">
         <name>.text</name>
         <load_address>0x2304</load_address>
         <run_address>0x2304</run_address>
         <size>0x48</size>
         <input_file_ref idref="fl-132"/>
      </object_component>
      <object_component id="oc-128">
         <name>.text:uDMAChannelAttributeEnable</name>
         <load_address>0x234c</load_address>
         <run_address>0x234c</run_address>
         <size>0x48</size>
         <input_file_ref idref="fl-13e"/>
      </object_component>
      <object_component id="oc-15b">
         <name>.text</name>
         <load_address>0x2394</load_address>
         <run_address>0x2394</run_address>
         <size>0x44</size>
         <input_file_ref idref="fl-13d"/>
      </object_component>
      <object_component id="oc-43">
         <name>.text</name>
         <load_address>0x23d8</load_address>
         <run_address>0x23d8</run_address>
         <size>0x44</size>
         <input_file_ref idref="fl-136"/>
      </object_component>
      <object_component id="oc-f8">
         <name>.text:UARTConfigSetExpClk</name>
         <load_address>0x241c</load_address>
         <run_address>0x241c</run_address>
         <size>0x40</size>
         <input_file_ref idref="fl-13f"/>
      </object_component>
      <object_component id="oc-6e">
         <name>.text:SysCtlPeripheralEnable</name>
         <load_address>0x245c</load_address>
         <run_address>0x245c</run_address>
         <size>0x34</size>
         <input_file_ref idref="fl-141"/>
      </object_component>
      <object_component id="oc-122">
         <name>.text:uDMAChannelAssign</name>
         <load_address>0x2490</load_address>
         <run_address>0x2490</run_address>
         <size>0x2c</size>
         <input_file_ref idref="fl-13e"/>
      </object_component>
      <object_component id="oc-1d6">
         <name>.text:GPIODirModeSet</name>
         <load_address>0x24bc</load_address>
         <run_address>0x24bc</run_address>
         <size>0x2a</size>
         <input_file_ref idref="fl-144"/>
      </object_component>
      <object_component id="oc-12e">
         <name>.text:uDMAChannelControlSet</name>
         <load_address>0x24e8</load_address>
         <run_address>0x24e8</run_address>
         <size>0x24</size>
         <input_file_ref idref="fl-13e"/>
      </object_component>
      <object_component id="oc-1e4">
         <name>.text:UARTDisable</name>
         <load_address>0x250c</load_address>
         <run_address>0x250c</run_address>
         <size>0x1c</size>
         <input_file_ref idref="fl-13f"/>
      </object_component>
      <object_component id="oc-1bb">
         <name>.text:_SysCtlMemTimingGet</name>
         <load_address>0x2528</load_address>
         <run_address>0x2528</run_address>
         <size>0x1c</size>
         <input_file_ref idref="fl-141"/>
      </object_component>
      <object_component id="oc-3d">
         <name>.text</name>
         <load_address>0x2544</load_address>
         <run_address>0x2544</run_address>
         <size>0x18</size>
         <input_file_ref idref="fl-13b"/>
      </object_component>
      <object_component id="oc-13a">
         <name>.text:uDMAChannelEnable</name>
         <load_address>0x255c</load_address>
         <run_address>0x255c</run_address>
         <size>0x18</size>
         <input_file_ref idref="fl-13e"/>
      </object_component>
      <object_component id="oc-f2">
         <name>.text:UARTEnable</name>
         <load_address>0x2574</load_address>
         <run_address>0x2574</run_address>
         <size>0x14</size>
         <input_file_ref idref="fl-13f"/>
      </object_component>
      <object_component id="oc-20a">
         <name>.text</name>
         <load_address>0x2588</load_address>
         <run_address>0x2588</run_address>
         <size>0x14</size>
         <input_file_ref idref="fl-13a"/>
      </object_component>
      <object_component id="oc-10a">
         <name>.text:GPIOPinTypeSSI</name>
         <load_address>0x259c</load_address>
         <run_address>0x259c</run_address>
         <size>0x12</size>
         <input_file_ref idref="fl-144"/>
      </object_component>
      <object_component id="oc-ec">
         <name>.text:GPIOPinTypeUART</name>
         <load_address>0x25ae</load_address>
         <run_address>0x25ae</run_address>
         <size>0x12</size>
         <input_file_ref idref="fl-144"/>
      </object_component>
      <object_component id="oc-7a">
         <name>.text:TimerLoadSet</name>
         <load_address>0x25c0</load_address>
         <run_address>0x25c0</run_address>
         <size>0x12</size>
         <input_file_ref idref="fl-140"/>
      </object_component>
      <object_component id="oc-1c">
         <name>.text:decompress:ZI</name>
         <load_address>0x25d2</load_address>
         <run_address>0x25d2</run_address>
         <size>0x12</size>
         <input_file_ref idref="fl-135"/>
      </object_component>
      <object_component id="oc-116">
         <name>.text:uDMAEnable</name>
         <load_address>0x25e4</load_address>
         <run_address>0x25e4</run_address>
         <size>0x10</size>
         <input_file_ref idref="fl-13e"/>
      </object_component>
      <object_component id="oc-8c">
         <name>.text:TimerEnable</name>
         <load_address>0x25f4</load_address>
         <run_address>0x25f4</run_address>
         <size>0xe</size>
         <input_file_ref idref="fl-140"/>
      </object_component>
      <object_component id="oc-bf">
         <name>.text:UARTCharGetNonBlocking</name>
         <load_address>0x2602</load_address>
         <run_address>0x2602</run_address>
         <size>0xe</size>
         <input_file_ref idref="fl-13f"/>
      </object_component>
      <object_component id="oc-16">
         <name>.text:decompress:none</name>
         <load_address>0x2610</load_address>
         <run_address>0x2610</run_address>
         <size>0xe</size>
         <input_file_ref idref="fl-133"/>
      </object_component>
      <object_component id="oc-1f7">
         <name>.text:CPUcpsie</name>
         <load_address>0x261e</load_address>
         <run_address>0x261e</run_address>
         <size>0xc</size>
         <input_file_ref idref="fl-145"/>
      </object_component>
      <object_component id="oc-29">
         <name>.text</name>
         <load_address>0x262a</load_address>
         <run_address>0x262a</run_address>
         <size>0xc</size>
         <input_file_ref idref="fl-2"/>
      </object_component>
      <object_component id="oc-11c">
         <name>.text:uDMAControlBaseSet</name>
         <load_address>0x2638</load_address>
         <run_address>0x2638</run_address>
         <size>0xc</size>
         <input_file_ref idref="fl-13e"/>
      </object_component>
      <object_component id="oc-140">
         <name>.text:IntMasterEnable</name>
         <load_address>0x2644</load_address>
         <run_address>0x2644</run_address>
         <size>0xa</size>
         <input_file_ref idref="fl-143"/>
      </object_component>
      <object_component id="oc-110">
         <name>.text:SSIEnable</name>
         <load_address>0x264e</load_address>
         <run_address>0x264e</run_address>
         <size>0xa</size>
         <input_file_ref idref="fl-142"/>
      </object_component>
      <object_component id="oc-aa">
         <name>.text:SSIIntDisable</name>
         <load_address>0x2658</load_address>
         <run_address>0x2658</run_address>
         <size>0xa</size>
         <input_file_ref idref="fl-142"/>
      </object_component>
      <object_component id="oc-9e">
         <name>.text:SSIIntStatus</name>
         <load_address>0x2662</load_address>
         <run_address>0x2662</run_address>
         <size>0xa</size>
         <input_file_ref idref="fl-142"/>
      </object_component>
      <object_component id="oc-92">
         <name>.text:TimerIntStatus</name>
         <load_address>0x266c</load_address>
         <run_address>0x266c</run_address>
         <size>0xa</size>
         <input_file_ref idref="fl-140"/>
      </object_component>
      <object_component id="oc-c5">
         <name>.text:UARTCharPut</name>
         <load_address>0x2676</load_address>
         <run_address>0x2676</run_address>
         <size>0xa</size>
         <input_file_ref idref="fl-13f"/>
      </object_component>
      <object_component id="oc-104">
         <name>.text:UARTFIFODisable</name>
         <load_address>0x2680</load_address>
         <run_address>0x2680</run_address>
         <size>0xa</size>
         <input_file_ref idref="fl-13f"/>
      </object_component>
      <object_component id="oc-b9">
         <name>.text:UARTIntStatus</name>
         <load_address>0x268a</load_address>
         <run_address>0x268a</run_address>
         <size>0xa</size>
         <input_file_ref idref="fl-13f"/>
      </object_component>
      <object_component id="oc-86">
         <name>.text:TimerIntEnable</name>
         <load_address>0x2694</load_address>
         <run_address>0x2694</run_address>
         <size>0x8</size>
         <input_file_ref idref="fl-140"/>
      </object_component>
      <object_component id="oc-fe">
         <name>.text:UARTIntEnable</name>
         <load_address>0x269c</load_address>
         <run_address>0x269c</run_address>
         <size>0x8</size>
         <input_file_ref idref="fl-13f"/>
      </object_component>
      <object_component id="oc-22">
         <name>.text:decompress:rle24</name>
         <load_address>0x26a4</load_address>
         <run_address>0x26a4</run_address>
         <size>0x6</size>
         <input_file_ref idref="fl-134"/>
      </object_component>
      <object_component id="oc-b0">
         <name>.text:SSIIntClear</name>
         <load_address>0x26aa</load_address>
         <run_address>0x26aa</run_address>
         <size>0x4</size>
         <input_file_ref idref="fl-142"/>
      </object_component>
      <object_component id="oc-98">
         <name>.text:TimerIntClear</name>
         <load_address>0x26ae</load_address>
         <run_address>0x26ae</run_address>
         <size>0x4</size>
         <input_file_ref idref="fl-140"/>
      </object_component>
      <object_component id="oc-d3">
         <name>.text:UARTIntClear</name>
         <load_address>0x26b2</load_address>
         <run_address>0x26b2</run_address>
         <size>0x4</size>
         <input_file_ref idref="fl-13f"/>
      </object_component>
      <object_component id="oc-1c7">
         <name>.const:g_pppui32XTALtoVCO</name>
         <load_address>0x26b8</load_address>
         <run_address>0x26b8</run_address>
         <size>0x120</size>
         <input_file_ref idref="fl-141"/>
      </object_component>
      <object_component id="oc-1d1">
         <name>.const:g_pui32GPIOBaseAddrs</name>
         <load_address>0x27d8</load_address>
         <run_address>0x27d8</run_address>
         <size>0x90</size>
         <input_file_ref idref="fl-144"/>
      </object_component>
      <object_component id="oc-18b">
         <name>.const</name>
         <load_address>0x2868</load_address>
         <run_address>0x2868</run_address>
         <size>0x70</size>
         <input_file_ref idref="fl-143"/>
      </object_component>
      <object_component id="oc-1cd">
         <name>.const:g_pui32Xtals</name>
         <load_address>0x28d8</load_address>
         <run_address>0x28d8</run_address>
         <size>0x6c</size>
         <input_file_ref idref="fl-141"/>
      </object_component>
      <object_component id="oc-22d">
         <name>.const:g_sXTALtoMEMTIM</name>
         <load_address>0x2944</load_address>
         <run_address>0x2944</run_address>
         <size>0x38</size>
         <input_file_ref idref="fl-141"/>
      </object_component>
      <object_component id="oc-1ca">
         <name>.const</name>
         <load_address>0x297c</load_address>
         <run_address>0x297c</run_address>
         <size>0x8</size>
         <input_file_ref idref="fl-141"/>
      </object_component>
      <object_component id="oc-271">
         <name>.cinit..data.load</name>
         <load_address>0x2988</load_address>
         <run_address>0x2988</run_address>
         <size>0x22</size>
      </object_component>
      <object_component id="oc-26f">
         <name>__TI_handler_table</name>
         <load_address>0x29ac</load_address>
         <run_address>0x29ac</run_address>
         <size>0xc</size>
      </object_component>
      <object_component id="oc-272">
         <name>.cinit..bss.load</name>
         <load_address>0x29b8</load_address>
         <run_address>0x29b8</run_address>
         <size>0x8</size>
      </object_component>
      <object_component id="oc-270">
         <name>__TI_cinit_table</name>
         <load_address>0x29c0</load_address>
         <run_address>0x29c0</run_address>
         <size>0x10</size>
      </object_component>
      <object_component id="oc-49">
         <name>.data</name>
         <load_address>0x20000aac</load_address>
         <run_address>0x20000aac</run_address>
         <size>0x4</size>
         <input_file_ref idref="fl-139"/>
      </object_component>
      <object_component id="oc-b6">
         <name>.data</name>
         <load_address>0x20000a6c</load_address>
         <run_address>0x20000a6c</run_address>
         <size>0x30</size>
         <input_file_ref idref="fl-4"/>
      </object_component>
      <object_component id="oc-164">
         <name>.data</name>
         <load_address>0x20000a9c</load_address>
         <run_address>0x20000a9c</run_address>
         <size>0x8</size>
         <input_file_ref idref="fl-13a"/>
      </object_component>
      <object_component id="oc-167">
         <name>.data</name>
         <load_address>0x20000aa4</load_address>
         <run_address>0x20000aa4</run_address>
         <size>0x8</size>
         <input_file_ref idref="fl-136"/>
      </object_component>
      <object_component id="oc-d0">
         <name>.bss:data</name>
         <uninitialized>true</uninitialized>
         <run_address>0x20000500</run_address>
         <size>0x100</size>
         <input_file_ref idref="fl-4"/>
      </object_component>
      <object_component id="oc-d9">
         <name>.bss:data1</name>
         <uninitialized>true</uninitialized>
         <run_address>0x20000400</run_address>
         <size>0x100</size>
         <input_file_ref idref="fl-4"/>
      </object_component>
      <object_component id="oc-dd">
         <name>.bss:file_size</name>
         <uninitialized>true</uninitialized>
         <run_address>0x20000600</run_address>
         <size>0x40</size>
         <input_file_ref idref="fl-4"/>
      </object_component>
      <object_component id="oc-14b">
         <name>.bss:pui8DMAControlTable</name>
         <uninitialized>true</uninitialized>
         <run_address>0x20000000</run_address>
         <size>0x400</size>
         <input_file_ref idref="fl-4"/>
      </object_component>
      <object_component id="oc-1a4">
         <name>.bss:p</name>
         <uninitialized>true</uninitialized>
         <run_address>0x20000640</run_address>
         <size>0x24</size>
         <input_file_ref idref="fl-4"/>
      </object_component>
      <object_component id="oc-dc">
         <name>.common:tmp_buff</name>
         <uninitialized>true</uninitialized>
         <run_address>0x20000664</run_address>
         <size>0x4</size>
      </object_component>
      <object_component id="oc-cf">
         <name>.common:inc</name>
         <uninitialized>true</uninitialized>
         <run_address>0x2000066a</run_address>
         <size>0x1</size>
      </object_component>
      <object_component id="oc-ce">
         <name>.common:dec</name>
         <uninitialized>true</uninitialized>
         <run_address>0x20000669</run_address>
         <size>0x1</size>
      </object_component>
      <object_component id="oc-cb">
         <name>.common:c</name>
         <uninitialized>true</uninitialized>
         <run_address>0x20000668</run_address>
         <size>0x1</size>
      </object_component>
      <object_component id="oc-28">
         <name>.stack</name>
         <uninitialized>true</uninitialized>
         <run_address>0x2000066c</run_address>
         <size>0x0</size>
         <input_file_ref idref="fl-132"/>
      </object_component>
      <object_component id="oc-273">
         <name>.stack</name>
         <uninitialized>true</uninitialized>
         <run_address>0x2000066c</run_address>
         <size>0x0</size>
      </object_component>
      <object_component id="oc-f">
         <name>.debug_info</name>
         <load_address>0x0</load_address>
         <run_address>0x0</run_address>
         <size>0x10a</size>
         <input_file_ref idref="fl-2"/>
      </object_component>
      <object_component id="oc-12">
         <name>.debug_info</name>
         <load_address>0x10a</load_address>
         <run_address>0x10a</run_address>
         <size>0xf3</size>
         <input_file_ref idref="fl-132"/>
      </object_component>
      <object_component id="oc-19">
         <name>.debug_info</name>
         <load_address>0x1fd</load_address>
         <run_address>0x1fd</run_address>
         <size>0x194</size>
         <input_file_ref idref="fl-133"/>
      </object_component>
      <object_component id="oc-1d">
         <name>.debug_info</name>
         <load_address>0x391</load_address>
         <run_address>0x391</run_address>
         <size>0x16a</size>
         <input_file_ref idref="fl-135"/>
      </object_component>
      <object_component id="oc-23">
         <name>.debug_info</name>
         <load_address>0x4fb</load_address>
         <run_address>0x4fb</run_address>
         <size>0x18e</size>
         <input_file_ref idref="fl-134"/>
      </object_component>
      <object_component id="oc-2a">
         <name>.debug_info</name>
         <load_address>0x689</load_address>
         <run_address>0x689</run_address>
         <size>0x289</size>
         <input_file_ref idref="fl-2"/>
      </object_component>
      <object_component id="oc-32">
         <name>.debug_info</name>
         <load_address>0x912</load_address>
         <run_address>0x912</run_address>
         <size>0xb75</size>
         <input_file_ref idref="fl-4"/>
      </object_component>
      <object_component id="oc-37">
         <name>.debug_info</name>
         <load_address>0x1487</load_address>
         <run_address>0x1487</run_address>
         <size>0x197</size>
         <input_file_ref idref="fl-2"/>
      </object_component>
      <object_component id="oc-3a">
         <name>.debug_info</name>
         <load_address>0x161e</load_address>
         <run_address>0x161e</run_address>
         <size>0x13d</size>
         <input_file_ref idref="fl-13c"/>
      </object_component>
      <object_component id="oc-3e">
         <name>.debug_info</name>
         <load_address>0x175b</load_address>
         <run_address>0x175b</run_address>
         <size>0x11c</size>
         <input_file_ref idref="fl-13b"/>
      </object_component>
      <object_component id="oc-46">
         <name>.debug_info</name>
         <load_address>0x1877</load_address>
         <run_address>0x1877</run_address>
         <size>0x1c2</size>
         <input_file_ref idref="fl-136"/>
      </object_component>
      <object_component id="oc-4a">
         <name>.debug_info</name>
         <load_address>0x1a39</load_address>
         <run_address>0x1a39</run_address>
         <size>0xbe</size>
         <input_file_ref idref="fl-139"/>
      </object_component>
      <object_component id="oc-4e">
         <name>.debug_info</name>
         <load_address>0x1af7</load_address>
         <run_address>0x1af7</run_address>
         <size>0xcc</size>
         <input_file_ref idref="fl-137"/>
      </object_component>
      <object_component id="oc-53">
         <name>.debug_info</name>
         <load_address>0x1bc3</load_address>
         <run_address>0x1bc3</run_address>
         <size>0x46</size>
         <input_file_ref idref="fl-133"/>
      </object_component>
      <object_component id="oc-58">
         <name>.debug_info</name>
         <load_address>0x1c09</load_address>
         <run_address>0x1c09</run_address>
         <size>0xf2</size>
         <input_file_ref idref="fl-133"/>
      </object_component>
      <object_component id="oc-5a">
         <name>.debug_info</name>
         <load_address>0x1cfb</load_address>
         <run_address>0x1cfb</run_address>
         <size>0x46</size>
         <input_file_ref idref="fl-135"/>
      </object_component>
      <object_component id="oc-5f">
         <name>.debug_info</name>
         <load_address>0x1d41</load_address>
         <run_address>0x1d41</run_address>
         <size>0xad</size>
         <input_file_ref idref="fl-135"/>
      </object_component>
      <object_component id="oc-61">
         <name>.debug_info</name>
         <load_address>0x1dee</load_address>
         <run_address>0x1dee</run_address>
         <size>0x1ef</size>
         <input_file_ref idref="fl-134"/>
      </object_component>
      <object_component id="oc-67">
         <name>.debug_info</name>
         <load_address>0x1fdd</load_address>
         <run_address>0x1fdd</run_address>
         <size>0xb7</size>
         <input_file_ref idref="fl-134"/>
      </object_component>
      <object_component id="oc-68">
         <name>.debug_info</name>
         <load_address>0x2094</load_address>
         <run_address>0x2094</run_address>
         <size>0x39</size>
         <input_file_ref idref="fl-134"/>
      </object_component>
      <object_component id="oc-6f">
         <name>.debug_info</name>
         <load_address>0x20cd</load_address>
         <run_address>0x20cd</run_address>
         <size>0x1e1</size>
         <input_file_ref idref="fl-141"/>
      </object_component>
      <object_component id="oc-77">
         <name>.debug_info</name>
         <load_address>0x22ae</load_address>
         <run_address>0x22ae</run_address>
         <size>0x1f0</size>
         <input_file_ref idref="fl-140"/>
      </object_component>
      <object_component id="oc-7d">
         <name>.debug_info</name>
         <load_address>0x249e</load_address>
         <run_address>0x249e</run_address>
         <size>0x21e</size>
         <input_file_ref idref="fl-140"/>
      </object_component>
      <object_component id="oc-81">
         <name>.debug_info</name>
         <load_address>0x26bc</load_address>
         <run_address>0x26bc</run_address>
         <size>0x1cc</size>
         <input_file_ref idref="fl-143"/>
      </object_component>
      <object_component id="oc-89">
         <name>.debug_info</name>
         <load_address>0x2888</load_address>
         <run_address>0x2888</run_address>
         <size>0x1f8</size>
         <input_file_ref idref="fl-140"/>
      </object_component>
      <object_component id="oc-8f">
         <name>.debug_info</name>
         <load_address>0x2a80</load_address>
         <run_address>0x2a80</run_address>
         <size>0x1e3</size>
         <input_file_ref idref="fl-140"/>
      </object_component>
      <object_component id="oc-95">
         <name>.debug_info</name>
         <load_address>0x2c63</load_address>
         <run_address>0x2c63</run_address>
         <size>0x1e8</size>
         <input_file_ref idref="fl-140"/>
      </object_component>
      <object_component id="oc-9b">
         <name>.debug_info</name>
         <load_address>0x2e4b</load_address>
         <run_address>0x2e4b</run_address>
         <size>0x1f6</size>
         <input_file_ref idref="fl-140"/>
      </object_component>
      <object_component id="oc-9f">
         <name>.debug_info</name>
         <load_address>0x3041</load_address>
         <run_address>0x3041</run_address>
         <size>0x1de</size>
         <input_file_ref idref="fl-142"/>
      </object_component>
      <object_component id="oc-a5">
         <name>.debug_info</name>
         <load_address>0x321f</load_address>
         <run_address>0x321f</run_address>
         <size>0x1e2b</size>
         <input_file_ref idref="fl-3"/>
      </object_component>
      <object_component id="oc-ab">
         <name>.debug_info</name>
         <load_address>0x504a</load_address>
         <run_address>0x504a</run_address>
         <size>0x1f0</size>
         <input_file_ref idref="fl-142"/>
      </object_component>
      <object_component id="oc-b1">
         <name>.debug_info</name>
         <load_address>0x523a</load_address>
         <run_address>0x523a</run_address>
         <size>0x1ec</size>
         <input_file_ref idref="fl-142"/>
      </object_component>
      <object_component id="oc-b7">
         <name>.debug_info</name>
         <load_address>0x5426</load_address>
         <run_address>0x5426</run_address>
         <size>0x27a</size>
         <input_file_ref idref="fl-4"/>
      </object_component>
      <object_component id="oc-ba">
         <name>.debug_info</name>
         <load_address>0x56a0</load_address>
         <run_address>0x56a0</run_address>
         <size>0x1e3</size>
         <input_file_ref idref="fl-13f"/>
      </object_component>
      <object_component id="oc-c0">
         <name>.debug_info</name>
         <load_address>0x5883</load_address>
         <run_address>0x5883</run_address>
         <size>0x1c7</size>
         <input_file_ref idref="fl-13f"/>
      </object_component>
      <object_component id="oc-c6">
         <name>.debug_info</name>
         <load_address>0x5a4a</load_address>
         <run_address>0x5a4a</run_address>
         <size>0x25d</size>
         <input_file_ref idref="fl-13f"/>
      </object_component>
      <object_component id="oc-cc">
         <name>.debug_info</name>
         <load_address>0x5ca7</load_address>
         <run_address>0x5ca7</run_address>
         <size>0xa3a</size>
         <input_file_ref idref="fl-4"/>
      </object_component>
      <object_component id="oc-d1">
         <name>.debug_info</name>
         <load_address>0x66e1</load_address>
         <run_address>0x66e1</run_address>
         <size>0xe4</size>
         <input_file_ref idref="fl-4"/>
      </object_component>
      <object_component id="oc-d4">
         <name>.debug_info</name>
         <load_address>0x67c5</load_address>
         <run_address>0x67c5</run_address>
         <size>0x1f1</size>
         <input_file_ref idref="fl-13f"/>
      </object_component>
      <object_component id="oc-da">
         <name>.debug_info</name>
         <load_address>0x69b6</load_address>
         <run_address>0x69b6</run_address>
         <size>0xe6</size>
         <input_file_ref idref="fl-4"/>
      </object_component>
      <object_component id="oc-de">
         <name>.debug_info</name>
         <load_address>0x6a9c</load_address>
         <run_address>0x6a9c</run_address>
         <size>0xef</size>
         <input_file_ref idref="fl-4"/>
      </object_component>
      <object_component id="oc-e2">
         <name>.debug_info</name>
         <load_address>0x6b8b</load_address>
         <run_address>0x6b8b</run_address>
         <size>0x4c5</size>
         <input_file_ref idref="fl-141"/>
      </object_component>
      <object_component id="oc-e8">
         <name>.debug_info</name>
         <load_address>0x7050</load_address>
         <run_address>0x7050</run_address>
         <size>0x1e4</size>
         <input_file_ref idref="fl-144"/>
      </object_component>
      <object_component id="oc-ed">
         <name>.debug_info</name>
         <load_address>0x7234</load_address>
         <run_address>0x7234</run_address>
         <size>0x1df</size>
         <input_file_ref idref="fl-144"/>
      </object_component>
      <object_component id="oc-f3">
         <name>.debug_info</name>
         <load_address>0x7413</load_address>
         <run_address>0x7413</run_address>
         <size>0x1ab</size>
         <input_file_ref idref="fl-13f"/>
      </object_component>
      <object_component id="oc-f9">
         <name>.debug_info</name>
         <load_address>0x75be</load_address>
         <run_address>0x75be</run_address>
         <size>0x28a</size>
         <input_file_ref idref="fl-13f"/>
      </object_component>
      <object_component id="oc-ff">
         <name>.debug_info</name>
         <load_address>0x7848</load_address>
         <run_address>0x7848</run_address>
         <size>0x1f3</size>
         <input_file_ref idref="fl-13f"/>
      </object_component>
      <object_component id="oc-105">
         <name>.debug_info</name>
         <load_address>0x7a3b</load_address>
         <run_address>0x7a3b</run_address>
         <size>0x1b5</size>
         <input_file_ref idref="fl-13f"/>
      </object_component>
      <object_component id="oc-10b">
         <name>.debug_info</name>
         <load_address>0x7bf0</load_address>
         <run_address>0x7bf0</run_address>
         <size>0x1dd</size>
         <input_file_ref idref="fl-144"/>
      </object_component>
      <object_component id="oc-111">
         <name>.debug_info</name>
         <load_address>0x7dcd</load_address>
         <run_address>0x7dcd</run_address>
         <size>0x1a6</size>
         <input_file_ref idref="fl-142"/>
      </object_component>
      <object_component id="oc-118">
         <name>.debug_info</name>
         <load_address>0x7f73</load_address>
         <run_address>0x7f73</run_address>
         <size>0x176</size>
         <input_file_ref idref="fl-13e"/>
      </object_component>
      <object_component id="oc-11e">
         <name>.debug_info</name>
         <load_address>0x80e9</load_address>
         <run_address>0x80e9</run_address>
         <size>0x1d0</size>
         <input_file_ref idref="fl-13e"/>
      </object_component>
      <object_component id="oc-124">
         <name>.debug_info</name>
         <load_address>0x82b9</load_address>
         <run_address>0x82b9</run_address>
         <size>0x1e8</size>
         <input_file_ref idref="fl-13e"/>
      </object_component>
      <object_component id="oc-12a">
         <name>.debug_info</name>
         <load_address>0x84a1</load_address>
         <run_address>0x84a1</run_address>
         <size>0x215</size>
         <input_file_ref idref="fl-13e"/>
      </object_component>
      <object_component id="oc-130">
         <name>.debug_info</name>
         <load_address>0x86b6</load_address>
         <run_address>0x86b6</run_address>
         <size>0x24a</size>
         <input_file_ref idref="fl-13e"/>
      </object_component>
      <object_component id="oc-136">
         <name>.debug_info</name>
         <load_address>0x8900</load_address>
         <run_address>0x8900</run_address>
         <size>0x35e</size>
         <input_file_ref idref="fl-13e"/>
      </object_component>
      <object_component id="oc-13c">
         <name>.debug_info</name>
         <load_address>0x8c5e</load_address>
         <run_address>0x8c5e</run_address>
         <size>0x1ce</size>
         <input_file_ref idref="fl-13e"/>
      </object_component>
      <object_component id="oc-141">
         <name>.debug_info</name>
         <load_address>0x8e2c</load_address>
         <run_address>0x8e2c</run_address>
         <size>0x1a2</size>
         <input_file_ref idref="fl-143"/>
      </object_component>
      <object_component id="oc-147">
         <name>.debug_info</name>
         <load_address>0x8fce</load_address>
         <run_address>0x8fce</run_address>
         <size>0xfc</size>
         <input_file_ref idref="fl-138"/>
      </object_component>
      <object_component id="oc-14c">
         <name>.debug_info</name>
         <load_address>0x90ca</load_address>
         <run_address>0x90ca</run_address>
         <size>0x103</size>
         <input_file_ref idref="fl-4"/>
      </object_component>
      <object_component id="oc-14f">
         <name>.debug_info</name>
         <load_address>0x91cd</load_address>
         <run_address>0x91cd</run_address>
         <size>0x18b</size>
         <input_file_ref idref="fl-2"/>
      </object_component>
      <object_component id="oc-154">
         <name>.debug_info</name>
         <load_address>0x9358</load_address>
         <run_address>0x9358</run_address>
         <size>0x84</size>
         <input_file_ref idref="fl-2"/>
      </object_component>
      <object_component id="oc-15c">
         <name>.debug_info</name>
         <load_address>0x93dc</load_address>
         <run_address>0x93dc</run_address>
         <size>0x14b</size>
         <input_file_ref idref="fl-13d"/>
      </object_component>
      <object_component id="oc-163">
         <name>.debug_info</name>
         <load_address>0x9527</load_address>
         <run_address>0x9527</run_address>
         <size>0x11b</size>
         <input_file_ref idref="fl-13b"/>
      </object_component>
      <object_component id="oc-165">
         <name>.debug_info</name>
         <load_address>0x9642</load_address>
         <run_address>0x9642</run_address>
         <size>0xc8</size>
         <input_file_ref idref="fl-13a"/>
      </object_component>
      <object_component id="oc-168">
         <name>.debug_info</name>
         <load_address>0x970a</load_address>
         <run_address>0x970a</run_address>
         <size>0xeb</size>
         <input_file_ref idref="fl-136"/>
      </object_component>
      <object_component id="oc-16b">
         <name>.debug_info</name>
         <load_address>0x97f5</load_address>
         <run_address>0x97f5</run_address>
         <size>0x146</size>
         <input_file_ref idref="fl-136"/>
      </object_component>
      <object_component id="oc-170">
         <name>.debug_info</name>
         <load_address>0x993b</load_address>
         <run_address>0x993b</run_address>
         <size>0x2c</size>
         <input_file_ref idref="fl-133"/>
      </object_component>
      <object_component id="oc-177">
         <name>.debug_info</name>
         <load_address>0x9967</load_address>
         <run_address>0x9967</run_address>
         <size>0x2c</size>
         <input_file_ref idref="fl-4"/>
      </object_component>
      <object_component id="oc-182">
         <name>.debug_info</name>
         <load_address>0x9993</load_address>
         <run_address>0x9993</run_address>
         <size>0x18b</size>
         <input_file_ref idref="fl-13e"/>
      </object_component>
      <object_component id="oc-187">
         <name>.debug_info</name>
         <load_address>0x9b1e</load_address>
         <run_address>0x9b1e</run_address>
         <size>0x226</size>
         <input_file_ref idref="fl-141"/>
      </object_component>
      <object_component id="oc-189">
         <name>.debug_info</name>
         <load_address>0x9d44</load_address>
         <run_address>0x9d44</run_address>
         <size>0x1cf</size>
         <input_file_ref idref="fl-140"/>
      </object_component>
      <object_component id="oc-18c">
         <name>.debug_info</name>
         <load_address>0x9f13</load_address>
         <run_address>0x9f13</run_address>
         <size>0x1c2</size>
         <input_file_ref idref="fl-143"/>
      </object_component>
      <object_component id="oc-18f">
         <name>.debug_info</name>
         <load_address>0xa0d5</load_address>
         <run_address>0xa0d5</run_address>
         <size>0x1ba</size>
         <input_file_ref idref="fl-143"/>
      </object_component>
      <object_component id="oc-193">
         <name>.debug_info</name>
         <load_address>0xa28f</load_address>
         <run_address>0xa28f</run_address>
         <size>0x90</size>
         <input_file_ref idref="fl-13e"/>
      </object_component>
      <object_component id="oc-19a">
         <name>.debug_info</name>
         <load_address>0xa31f</load_address>
         <run_address>0xa31f</run_address>
         <size>0x1c3</size>
         <input_file_ref idref="fl-142"/>
      </object_component>
      <object_component id="oc-19c">
         <name>.debug_info</name>
         <load_address>0xa4e2</load_address>
         <run_address>0xa4e2</run_address>
         <size>0x1ce</size>
         <input_file_ref idref="fl-3"/>
      </object_component>
      <object_component id="oc-19d">
         <name>.debug_info</name>
         <load_address>0xa6b0</load_address>
         <run_address>0xa6b0</run_address>
         <size>0x2c</size>
         <input_file_ref idref="fl-3"/>
      </object_component>
      <object_component id="oc-1a5">
         <name>.debug_info</name>
         <load_address>0xa6dc</load_address>
         <run_address>0xa6dc</run_address>
         <size>0xdf</size>
         <input_file_ref idref="fl-4"/>
      </object_component>
      <object_component id="oc-1aa">
         <name>.debug_info</name>
         <load_address>0xa7bb</load_address>
         <run_address>0xa7bb</run_address>
         <size>0x1ce</size>
         <input_file_ref idref="fl-13f"/>
      </object_component>
      <object_component id="oc-1af">
         <name>.debug_info</name>
         <load_address>0xa989</load_address>
         <run_address>0xa989</run_address>
         <size>0xfe</size>
         <input_file_ref idref="fl-3"/>
      </object_component>
      <object_component id="oc-1bc">
         <name>.debug_info</name>
         <load_address>0xaa87</load_address>
         <run_address>0xaa87</run_address>
         <size>0x265</size>
         <input_file_ref idref="fl-141"/>
      </object_component>
      <object_component id="oc-1c3">
         <name>.debug_info</name>
         <load_address>0xacec</load_address>
         <run_address>0xacec</run_address>
         <size>0x21e</size>
         <input_file_ref idref="fl-141"/>
      </object_component>
      <object_component id="oc-1c8">
         <name>.debug_info</name>
         <load_address>0xaf0a</load_address>
         <run_address>0xaf0a</run_address>
         <size>0x10b</size>
         <input_file_ref idref="fl-141"/>
      </object_component>
      <object_component id="oc-1cb">
         <name>.debug_info</name>
         <load_address>0xb015</load_address>
         <run_address>0xb015</run_address>
         <size>0x112</size>
         <input_file_ref idref="fl-141"/>
      </object_component>
      <object_component id="oc-1ce">
         <name>.debug_info</name>
         <load_address>0xb127</load_address>
         <run_address>0xb127</run_address>
         <size>0xff</size>
         <input_file_ref idref="fl-141"/>
      </object_component>
      <object_component id="oc-1d2">
         <name>.debug_info</name>
         <load_address>0xb226</load_address>
         <run_address>0xb226</run_address>
         <size>0x10d</size>
         <input_file_ref idref="fl-144"/>
      </object_component>
      <object_component id="oc-1d5">
         <name>.debug_info</name>
         <load_address>0xb333</load_address>
         <run_address>0xb333</run_address>
         <size>0x1d7</size>
         <input_file_ref idref="fl-144"/>
      </object_component>
      <object_component id="oc-1d7">
         <name>.debug_info</name>
         <load_address>0xb50a</load_address>
         <run_address>0xb50a</run_address>
         <size>0x217</size>
         <input_file_ref idref="fl-144"/>
      </object_component>
      <object_component id="oc-1dd">
         <name>.debug_info</name>
         <load_address>0xb721</load_address>
         <run_address>0xb721</run_address>
         <size>0x312</size>
         <input_file_ref idref="fl-144"/>
      </object_component>
      <object_component id="oc-1e5">
         <name>.debug_info</name>
         <load_address>0xba33</load_address>
         <run_address>0xba33</run_address>
         <size>0x233</size>
         <input_file_ref idref="fl-13f"/>
      </object_component>
      <object_component id="oc-1f1">
         <name>.debug_info</name>
         <load_address>0xbc66</load_address>
         <run_address>0xbc66</run_address>
         <size>0x1a6</size>
         <input_file_ref idref="fl-13e"/>
      </object_component>
      <object_component id="oc-1f8">
         <name>.debug_info</name>
         <load_address>0xbe0c</load_address>
         <run_address>0xbe0c</run_address>
         <size>0x176</size>
         <input_file_ref idref="fl-145"/>
      </object_component>
      <object_component id="oc-202">
         <name>.debug_info</name>
         <load_address>0xbf82</load_address>
         <run_address>0xbf82</run_address>
         <size>0x148</size>
         <input_file_ref idref="fl-13d"/>
      </object_component>
      <object_component id="oc-205">
         <name>.debug_info</name>
         <load_address>0xc0ca</load_address>
         <run_address>0xc0ca</run_address>
         <size>0x5e</size>
         <input_file_ref idref="fl-13b"/>
      </object_component>
      <object_component id="oc-20c">
         <name>.debug_info</name>
         <load_address>0xc128</load_address>
         <run_address>0xc128</run_address>
         <size>0x1d4</size>
         <input_file_ref idref="fl-13a"/>
      </object_component>
      <object_component id="oc-212">
         <name>.debug_info</name>
         <load_address>0xc2fc</load_address>
         <run_address>0xc2fc</run_address>
         <size>0xd9</size>
         <input_file_ref idref="fl-13a"/>
      </object_component>
      <object_component id="oc-21a">
         <name>.debug_info</name>
         <load_address>0xc3d5</load_address>
         <run_address>0xc3d5</run_address>
         <size>0x5f</size>
         <input_file_ref idref="fl-141"/>
      </object_component>
      <object_component id="oc-22e">
         <name>.debug_info</name>
         <load_address>0xc434</load_address>
         <run_address>0xc434</run_address>
         <size>0x105</size>
         <input_file_ref idref="fl-141"/>
      </object_component>
      <object_component id="oc-241">
         <name>.debug_info</name>
         <load_address>0xc539</load_address>
         <run_address>0xc539</run_address>
         <size>0x86</size>
         <input_file_ref idref="fl-13e"/>
      </object_component>
      <object_component id="oc-249">
         <name>.debug_info</name>
         <load_address>0xc5bf</load_address>
         <run_address>0xc5bf</run_address>
         <size>0xcd</size>
         <input_file_ref idref="fl-13d"/>
      </object_component>
      <object_component id="oc-274">
         <name>.debug_info</name>
         <load_address>0xc68c</load_address>
         <run_address>0xc68c</run_address>
         <size>0xc3</size>
      </object_component>
      <object_component id="oc-10">
         <name>.debug_pubnames</name>
         <load_address>0x0</load_address>
         <run_address>0x0</run_address>
         <size>0x23</size>
         <input_file_ref idref="fl-2"/>
      </object_component>
      <object_component id="oc-14">
         <name>.debug_pubnames</name>
         <load_address>0x23</load_address>
         <run_address>0x23</run_address>
         <size>0x1f</size>
         <input_file_ref idref="fl-132"/>
      </object_component>
      <object_component id="oc-1a">
         <name>.debug_pubnames</name>
         <load_address>0x42</load_address>
         <run_address>0x42</run_address>
         <size>0x2b</size>
         <input_file_ref idref="fl-133"/>
      </object_component>
      <object_component id="oc-1e">
         <name>.debug_pubnames</name>
         <load_address>0x6d</load_address>
         <run_address>0x6d</run_address>
         <size>0x25</size>
         <input_file_ref idref="fl-135"/>
      </object_component>
      <object_component id="oc-25">
         <name>.debug_pubnames</name>
         <load_address>0x92</load_address>
         <run_address>0x92</run_address>
         <size>0x2c</size>
         <input_file_ref idref="fl-134"/>
      </object_component>
      <object_component id="oc-2c">
         <name>.debug_pubnames</name>
         <load_address>0xbe</load_address>
         <run_address>0xbe</run_address>
         <size>0x4c</size>
         <input_file_ref idref="fl-2"/>
      </object_component>
      <object_component id="oc-33">
         <name>.debug_pubnames</name>
         <load_address>0x10a</load_address>
         <run_address>0x10a</run_address>
         <size>0x7c</size>
         <input_file_ref idref="fl-4"/>
      </object_component>
      <object_component id="oc-3b">
         <name>.debug_pubnames</name>
         <load_address>0x186</load_address>
         <run_address>0x186</run_address>
         <size>0x37</size>
         <input_file_ref idref="fl-13c"/>
      </object_component>
      <object_component id="oc-40">
         <name>.debug_pubnames</name>
         <load_address>0x1bd</load_address>
         <run_address>0x1bd</run_address>
         <size>0x21</size>
         <input_file_ref idref="fl-13b"/>
      </object_component>
      <object_component id="oc-47">
         <name>.debug_pubnames</name>
         <load_address>0x1de</load_address>
         <run_address>0x1de</run_address>
         <size>0x35</size>
         <input_file_ref idref="fl-136"/>
      </object_component>
      <object_component id="oc-4b">
         <name>.debug_pubnames</name>
         <load_address>0x213</load_address>
         <run_address>0x213</run_address>
         <size>0x23</size>
         <input_file_ref idref="fl-139"/>
      </object_component>
      <object_component id="oc-4f">
         <name>.debug_pubnames</name>
         <load_address>0x236</load_address>
         <run_address>0x236</run_address>
         <size>0x1d</size>
         <input_file_ref idref="fl-137"/>
      </object_component>
      <object_component id="oc-62">
         <name>.debug_pubnames</name>
         <load_address>0x253</load_address>
         <run_address>0x253</run_address>
         <size>0x2f</size>
         <input_file_ref idref="fl-134"/>
      </object_component>
      <object_component id="oc-71">
         <name>.debug_pubnames</name>
         <load_address>0x282</load_address>
         <run_address>0x282</run_address>
         <size>0x2d</size>
         <input_file_ref idref="fl-141"/>
      </object_component>
      <object_component id="oc-78">
         <name>.debug_pubnames</name>
         <load_address>0x2af</load_address>
         <run_address>0x2af</run_address>
         <size>0x25</size>
         <input_file_ref idref="fl-140"/>
      </object_component>
      <object_component id="oc-7e">
         <name>.debug_pubnames</name>
         <load_address>0x2d4</load_address>
         <run_address>0x2d4</run_address>
         <size>0x23</size>
         <input_file_ref idref="fl-140"/>
      </object_component>
      <object_component id="oc-83">
         <name>.debug_pubnames</name>
         <load_address>0x2f7</load_address>
         <run_address>0x2f7</run_address>
         <size>0x20</size>
         <input_file_ref idref="fl-143"/>
      </object_component>
      <object_component id="oc-8a">
         <name>.debug_pubnames</name>
         <load_address>0x317</load_address>
         <run_address>0x317</run_address>
         <size>0x25</size>
         <input_file_ref idref="fl-140"/>
      </object_component>
      <object_component id="oc-90">
         <name>.debug_pubnames</name>
         <load_address>0x33c</load_address>
         <run_address>0x33c</run_address>
         <size>0x22</size>
         <input_file_ref idref="fl-140"/>
      </object_component>
      <object_component id="oc-96">
         <name>.debug_pubnames</name>
         <load_address>0x35e</load_address>
         <run_address>0x35e</run_address>
         <size>0x25</size>
         <input_file_ref idref="fl-140"/>
      </object_component>
      <object_component id="oc-9c">
         <name>.debug_pubnames</name>
         <load_address>0x383</load_address>
         <run_address>0x383</run_address>
         <size>0x24</size>
         <input_file_ref idref="fl-140"/>
      </object_component>
      <object_component id="oc-a1">
         <name>.debug_pubnames</name>
         <load_address>0x3a7</load_address>
         <run_address>0x3a7</run_address>
         <size>0x23</size>
         <input_file_ref idref="fl-142"/>
      </object_component>
      <object_component id="oc-a6">
         <name>.debug_pubnames</name>
         <load_address>0x3ca</load_address>
         <run_address>0x3ca</run_address>
         <size>0x214</size>
         <input_file_ref idref="fl-3"/>
      </object_component>
      <object_component id="oc-ad">
         <name>.debug_pubnames</name>
         <load_address>0x5de</load_address>
         <run_address>0x5de</run_address>
         <size>0x24</size>
         <input_file_ref idref="fl-142"/>
      </object_component>
      <object_component id="oc-b3">
         <name>.debug_pubnames</name>
         <load_address>0x602</load_address>
         <run_address>0x602</run_address>
         <size>0x22</size>
         <input_file_ref idref="fl-142"/>
      </object_component>
      <object_component id="oc-b8">
         <name>.debug_pubnames</name>
         <load_address>0x624</load_address>
         <run_address>0x624</run_address>
         <size>0xbb</size>
         <input_file_ref idref="fl-4"/>
      </object_component>
      <object_component id="oc-bb">
         <name>.debug_pubnames</name>
         <load_address>0x6df</load_address>
         <run_address>0x6df</run_address>
         <size>0x24</size>
         <input_file_ref idref="fl-13f"/>
      </object_component>
      <object_component id="oc-c1">
         <name>.debug_pubnames</name>
         <load_address>0x703</load_address>
         <run_address>0x703</run_address>
         <size>0x2d</size>
         <input_file_ref idref="fl-13f"/>
      </object_component>
      <object_component id="oc-c7">
         <name>.debug_pubnames</name>
         <load_address>0x730</load_address>
         <run_address>0x730</run_address>
         <size>0x22</size>
         <input_file_ref idref="fl-13f"/>
      </object_component>
      <object_component id="oc-cd">
         <name>.debug_pubnames</name>
         <load_address>0x752</load_address>
         <run_address>0x752</run_address>
         <size>0x35</size>
         <input_file_ref idref="fl-4"/>
      </object_component>
      <object_component id="oc-d2">
         <name>.debug_pubnames</name>
         <load_address>0x787</load_address>
         <run_address>0x787</run_address>
         <size>0x1b</size>
         <input_file_ref idref="fl-4"/>
      </object_component>
      <object_component id="oc-d5">
         <name>.debug_pubnames</name>
         <load_address>0x7a2</load_address>
         <run_address>0x7a2</run_address>
         <size>0x23</size>
         <input_file_ref idref="fl-13f"/>
      </object_component>
      <object_component id="oc-db">
         <name>.debug_pubnames</name>
         <load_address>0x7c5</load_address>
         <run_address>0x7c5</run_address>
         <size>0x1c</size>
         <input_file_ref idref="fl-4"/>
      </object_component>
      <object_component id="oc-df">
         <name>.debug_pubnames</name>
         <load_address>0x7e1</load_address>
         <run_address>0x7e1</run_address>
         <size>0x20</size>
         <input_file_ref idref="fl-4"/>
      </object_component>
      <object_component id="oc-e4">
         <name>.debug_pubnames</name>
         <load_address>0x801</load_address>
         <run_address>0x801</run_address>
         <size>0x29</size>
         <input_file_ref idref="fl-141"/>
      </object_component>
      <object_component id="oc-e9">
         <name>.debug_pubnames</name>
         <load_address>0x82a</load_address>
         <run_address>0x82a</run_address>
         <size>0x27</size>
         <input_file_ref idref="fl-144"/>
      </object_component>
      <object_component id="oc-ee">
         <name>.debug_pubnames</name>
         <load_address>0x851</load_address>
         <run_address>0x851</run_address>
         <size>0x26</size>
         <input_file_ref idref="fl-144"/>
      </object_component>
      <object_component id="oc-f4">
         <name>.debug_pubnames</name>
         <load_address>0x877</load_address>
         <run_address>0x877</run_address>
         <size>0x21</size>
         <input_file_ref idref="fl-13f"/>
      </object_component>
      <object_component id="oc-fa">
         <name>.debug_pubnames</name>
         <load_address>0x898</load_address>
         <run_address>0x898</run_address>
         <size>0x2a</size>
         <input_file_ref idref="fl-13f"/>
      </object_component>
      <object_component id="oc-100">
         <name>.debug_pubnames</name>
         <load_address>0x8c2</load_address>
         <run_address>0x8c2</run_address>
         <size>0x24</size>
         <input_file_ref idref="fl-13f"/>
      </object_component>
      <object_component id="oc-106">
         <name>.debug_pubnames</name>
         <load_address>0x8e6</load_address>
         <run_address>0x8e6</run_address>
         <size>0x26</size>
         <input_file_ref idref="fl-13f"/>
      </object_component>
      <object_component id="oc-10c">
         <name>.debug_pubnames</name>
         <load_address>0x90c</load_address>
         <run_address>0x90c</run_address>
         <size>0x25</size>
         <input_file_ref idref="fl-144"/>
      </object_component>
      <object_component id="oc-113">
         <name>.debug_pubnames</name>
         <load_address>0x931</load_address>
         <run_address>0x931</run_address>
         <size>0x20</size>
         <input_file_ref idref="fl-142"/>
      </object_component>
      <object_component id="oc-11a">
         <name>.debug_pubnames</name>
         <load_address>0x951</load_address>
         <run_address>0x951</run_address>
         <size>0x21</size>
         <input_file_ref idref="fl-13e"/>
      </object_component>
      <object_component id="oc-120">
         <name>.debug_pubnames</name>
         <load_address>0x972</load_address>
         <run_address>0x972</run_address>
         <size>0x29</size>
         <input_file_ref idref="fl-13e"/>
      </object_component>
      <object_component id="oc-126">
         <name>.debug_pubnames</name>
         <load_address>0x99b</load_address>
         <run_address>0x99b</run_address>
         <size>0x28</size>
         <input_file_ref idref="fl-13e"/>
      </object_component>
      <object_component id="oc-12c">
         <name>.debug_pubnames</name>
         <load_address>0x9c3</load_address>
         <run_address>0x9c3</run_address>
         <size>0x31</size>
         <input_file_ref idref="fl-13e"/>
      </object_component>
      <object_component id="oc-131">
         <name>.debug_pubnames</name>
         <load_address>0x9f4</load_address>
         <run_address>0x9f4</run_address>
         <size>0x2c</size>
         <input_file_ref idref="fl-13e"/>
      </object_component>
      <object_component id="oc-138">
         <name>.debug_pubnames</name>
         <load_address>0xa20</load_address>
         <run_address>0xa20</run_address>
         <size>0x2d</size>
         <input_file_ref idref="fl-13e"/>
      </object_component>
      <object_component id="oc-13d">
         <name>.debug_pubnames</name>
         <load_address>0xa4d</load_address>
         <run_address>0xa4d</run_address>
         <size>0x28</size>
         <input_file_ref idref="fl-13e"/>
      </object_component>
      <object_component id="oc-143">
         <name>.debug_pubnames</name>
         <load_address>0xa75</load_address>
         <run_address>0xa75</run_address>
         <size>0x26</size>
         <input_file_ref idref="fl-143"/>
      </object_component>
      <object_component id="oc-148">
         <name>.debug_pubnames</name>
         <load_address>0xa9b</load_address>
         <run_address>0xa9b</run_address>
         <size>0x37</size>
         <input_file_ref idref="fl-138"/>
      </object_component>
      <object_component id="oc-14d">
         <name>.debug_pubnames</name>
         <load_address>0xad2</load_address>
         <run_address>0xad2</run_address>
         <size>0x2a</size>
         <input_file_ref idref="fl-4"/>
      </object_component>
      <object_component id="oc-15d">
         <name>.debug_pubnames</name>
         <load_address>0xafc</load_address>
         <run_address>0xafc</run_address>
         <size>0x1e</size>
         <input_file_ref idref="fl-13d"/>
      </object_component>
      <object_component id="oc-166">
         <name>.debug_pubnames</name>
         <load_address>0xb1a</load_address>
         <run_address>0xb1a</run_address>
         <size>0x28</size>
         <input_file_ref idref="fl-13a"/>
      </object_component>
      <object_component id="oc-169">
         <name>.debug_pubnames</name>
         <load_address>0xb42</load_address>
         <run_address>0xb42</run_address>
         <size>0x3a</size>
         <input_file_ref idref="fl-136"/>
      </object_component>
      <object_component id="oc-18d">
         <name>.debug_pubnames</name>
         <load_address>0xb7c</load_address>
         <run_address>0xb7c</run_address>
         <size>0x77</size>
         <input_file_ref idref="fl-143"/>
      </object_component>
      <object_component id="oc-1a6">
         <name>.debug_pubnames</name>
         <load_address>0xbf3</load_address>
         <run_address>0xbf3</run_address>
         <size>0x18</size>
         <input_file_ref idref="fl-4"/>
      </object_component>
      <object_component id="oc-1be">
         <name>.debug_pubnames</name>
         <load_address>0xc0b</load_address>
         <run_address>0xc0b</run_address>
         <size>0x2a</size>
         <input_file_ref idref="fl-141"/>
      </object_component>
      <object_component id="oc-1c5">
         <name>.debug_pubnames</name>
         <load_address>0xc35</load_address>
         <run_address>0xc35</run_address>
         <size>0x2a</size>
         <input_file_ref idref="fl-141"/>
      </object_component>
      <object_component id="oc-1c9">
         <name>.debug_pubnames</name>
         <load_address>0xc5f</load_address>
         <run_address>0xc5f</run_address>
         <size>0x29</size>
         <input_file_ref idref="fl-141"/>
      </object_component>
      <object_component id="oc-1cc">
         <name>.debug_pubnames</name>
         <load_address>0xc88</load_address>
         <run_address>0xc88</run_address>
         <size>0x2c</size>
         <input_file_ref idref="fl-141"/>
      </object_component>
      <object_component id="oc-1cf">
         <name>.debug_pubnames</name>
         <load_address>0xcb4</load_address>
         <run_address>0xcb4</run_address>
         <size>0x23</size>
         <input_file_ref idref="fl-141"/>
      </object_component>
      <object_component id="oc-1d3">
         <name>.debug_pubnames</name>
         <load_address>0xcd7</load_address>
         <run_address>0xcd7</run_address>
         <size>0x2b</size>
         <input_file_ref idref="fl-144"/>
      </object_component>
      <object_component id="oc-1d8">
         <name>.debug_pubnames</name>
         <load_address>0xd02</load_address>
         <run_address>0xd02</run_address>
         <size>0x25</size>
         <input_file_ref idref="fl-144"/>
      </object_component>
      <object_component id="oc-1de">
         <name>.debug_pubnames</name>
         <load_address>0xd27</load_address>
         <run_address>0xd27</run_address>
         <size>0x27</size>
         <input_file_ref idref="fl-144"/>
      </object_component>
      <object_component id="oc-1e6">
         <name>.debug_pubnames</name>
         <load_address>0xd4e</load_address>
         <run_address>0xd4e</run_address>
         <size>0x22</size>
         <input_file_ref idref="fl-13f"/>
      </object_component>
      <object_component id="oc-1f9">
         <name>.debug_pubnames</name>
         <load_address>0xd70</load_address>
         <run_address>0xd70</run_address>
         <size>0x1f</size>
         <input_file_ref idref="fl-145"/>
      </object_component>
      <object_component id="oc-20d">
         <name>.debug_pubnames</name>
         <load_address>0xd8f</load_address>
         <run_address>0xd8f</run_address>
         <size>0x43</size>
         <input_file_ref idref="fl-13a"/>
      </object_component>
      <object_component id="oc-22f">
         <name>.debug_pubnames</name>
         <load_address>0xdd2</load_address>
         <run_address>0xdd2</run_address>
         <size>0x26</size>
         <input_file_ref idref="fl-141"/>
      </object_component>
      <object_component id="oc-13">
         <name>.debug_aranges</name>
         <load_address>0x0</load_address>
         <run_address>0x0</run_address>
         <size>0x20</size>
         <input_file_ref idref="fl-132"/>
      </object_component>
      <object_component id="oc-17">
         <name>.debug_aranges</name>
         <load_address>0x20</load_address>
         <run_address>0x20</run_address>
         <size>0x20</size>
         <input_file_ref idref="fl-133"/>
      </object_component>
      <object_component id="oc-1f">
         <name>.debug_aranges</name>
         <load_address>0x40</load_address>
         <run_address>0x40</run_address>
         <size>0x20</size>
         <input_file_ref idref="fl-135"/>
      </object_component>
      <object_component id="oc-24">
         <name>.debug_aranges</name>
         <load_address>0x60</load_address>
         <run_address>0x60</run_address>
         <size>0x20</size>
         <input_file_ref idref="fl-134"/>
      </object_component>
      <object_component id="oc-2b">
         <name>.debug_aranges</name>
         <load_address>0x80</load_address>
         <run_address>0x80</run_address>
         <size>0x38</size>
         <input_file_ref idref="fl-2"/>
      </object_component>
      <object_component id="oc-34">
         <name>.debug_aranges</name>
         <load_address>0xb8</load_address>
         <run_address>0xb8</run_address>
         <size>0x48</size>
         <input_file_ref idref="fl-4"/>
      </object_component>
      <object_component id="oc-39">
         <name>.debug_aranges</name>
         <load_address>0x100</load_address>
         <run_address>0x100</run_address>
         <size>0x28</size>
         <input_file_ref idref="fl-13c"/>
      </object_component>
      <object_component id="oc-3f">
         <name>.debug_aranges</name>
         <load_address>0x128</load_address>
         <run_address>0x128</run_address>
         <size>0x20</size>
         <input_file_ref idref="fl-13b"/>
      </object_component>
      <object_component id="oc-44">
         <name>.debug_aranges</name>
         <load_address>0x148</load_address>
         <run_address>0x148</run_address>
         <size>0x30</size>
         <input_file_ref idref="fl-136"/>
      </object_component>
      <object_component id="oc-50">
         <name>.debug_aranges</name>
         <load_address>0x178</load_address>
         <run_address>0x178</run_address>
         <size>0x20</size>
         <input_file_ref idref="fl-137"/>
      </object_component>
      <object_component id="oc-63">
         <name>.debug_aranges</name>
         <load_address>0x198</load_address>
         <run_address>0x198</run_address>
         <size>0x20</size>
         <input_file_ref idref="fl-134"/>
      </object_component>
      <object_component id="oc-70">
         <name>.debug_aranges</name>
         <load_address>0x1b8</load_address>
         <run_address>0x1b8</run_address>
         <size>0x20</size>
         <input_file_ref idref="fl-141"/>
      </object_component>
      <object_component id="oc-76">
         <name>.debug_aranges</name>
         <load_address>0x1d8</load_address>
         <run_address>0x1d8</run_address>
         <size>0x20</size>
         <input_file_ref idref="fl-140"/>
      </object_component>
      <object_component id="oc-7c">
         <name>.debug_aranges</name>
         <load_address>0x1f8</load_address>
         <run_address>0x1f8</run_address>
         <size>0x20</size>
         <input_file_ref idref="fl-140"/>
      </object_component>
      <object_component id="oc-82">
         <name>.debug_aranges</name>
         <load_address>0x218</load_address>
         <run_address>0x218</run_address>
         <size>0x20</size>
         <input_file_ref idref="fl-143"/>
      </object_component>
      <object_component id="oc-88">
         <name>.debug_aranges</name>
         <load_address>0x238</load_address>
         <run_address>0x238</run_address>
         <size>0x20</size>
         <input_file_ref idref="fl-140"/>
      </object_component>
      <object_component id="oc-8e">
         <name>.debug_aranges</name>
         <load_address>0x258</load_address>
         <run_address>0x258</run_address>
         <size>0x20</size>
         <input_file_ref idref="fl-140"/>
      </object_component>
      <object_component id="oc-94">
         <name>.debug_aranges</name>
         <load_address>0x278</load_address>
         <run_address>0x278</run_address>
         <size>0x20</size>
         <input_file_ref idref="fl-140"/>
      </object_component>
      <object_component id="oc-9a">
         <name>.debug_aranges</name>
         <load_address>0x298</load_address>
         <run_address>0x298</run_address>
         <size>0x20</size>
         <input_file_ref idref="fl-140"/>
      </object_component>
      <object_component id="oc-a0">
         <name>.debug_aranges</name>
         <load_address>0x2b8</load_address>
         <run_address>0x2b8</run_address>
         <size>0x20</size>
         <input_file_ref idref="fl-142"/>
      </object_component>
      <object_component id="oc-a7">
         <name>.debug_aranges</name>
         <load_address>0x2d8</load_address>
         <run_address>0x2d8</run_address>
         <size>0xc0</size>
         <input_file_ref idref="fl-3"/>
      </object_component>
      <object_component id="oc-ac">
         <name>.debug_aranges</name>
         <load_address>0x398</load_address>
         <run_address>0x398</run_address>
         <size>0x20</size>
         <input_file_ref idref="fl-142"/>
      </object_component>
      <object_component id="oc-b2">
         <name>.debug_aranges</name>
         <load_address>0x3b8</load_address>
         <run_address>0x3b8</run_address>
         <size>0x20</size>
         <input_file_ref idref="fl-142"/>
      </object_component>
      <object_component id="oc-bc">
         <name>.debug_aranges</name>
         <load_address>0x3d8</load_address>
         <run_address>0x3d8</run_address>
         <size>0x20</size>
         <input_file_ref idref="fl-13f"/>
      </object_component>
      <object_component id="oc-c2">
         <name>.debug_aranges</name>
         <load_address>0x3f8</load_address>
         <run_address>0x3f8</run_address>
         <size>0x20</size>
         <input_file_ref idref="fl-13f"/>
      </object_component>
      <object_component id="oc-c8">
         <name>.debug_aranges</name>
         <load_address>0x418</load_address>
         <run_address>0x418</run_address>
         <size>0x20</size>
         <input_file_ref idref="fl-13f"/>
      </object_component>
      <object_component id="oc-d6">
         <name>.debug_aranges</name>
         <load_address>0x438</load_address>
         <run_address>0x438</run_address>
         <size>0x20</size>
         <input_file_ref idref="fl-13f"/>
      </object_component>
      <object_component id="oc-e3">
         <name>.debug_aranges</name>
         <load_address>0x458</load_address>
         <run_address>0x458</run_address>
         <size>0x20</size>
         <input_file_ref idref="fl-141"/>
      </object_component>
      <object_component id="oc-e7">
         <name>.debug_aranges</name>
         <load_address>0x478</load_address>
         <run_address>0x478</run_address>
         <size>0x20</size>
         <input_file_ref idref="fl-144"/>
      </object_component>
      <object_component id="oc-ef">
         <name>.debug_aranges</name>
         <load_address>0x498</load_address>
         <run_address>0x498</run_address>
         <size>0x20</size>
         <input_file_ref idref="fl-144"/>
      </object_component>
      <object_component id="oc-f5">
         <name>.debug_aranges</name>
         <load_address>0x4b8</load_address>
         <run_address>0x4b8</run_address>
         <size>0x20</size>
         <input_file_ref idref="fl-13f"/>
      </object_component>
      <object_component id="oc-fb">
         <name>.debug_aranges</name>
         <load_address>0x4d8</load_address>
         <run_address>0x4d8</run_address>
         <size>0x20</size>
         <input_file_ref idref="fl-13f"/>
      </object_component>
      <object_component id="oc-101">
         <name>.debug_aranges</name>
         <load_address>0x4f8</load_address>
         <run_address>0x4f8</run_address>
         <size>0x20</size>
         <input_file_ref idref="fl-13f"/>
      </object_component>
      <object_component id="oc-107">
         <name>.debug_aranges</name>
         <load_address>0x518</load_address>
         <run_address>0x518</run_address>
         <size>0x20</size>
         <input_file_ref idref="fl-13f"/>
      </object_component>
[...]
            <compression>rle</compression>
         </cprec>
         <cprec>
            <name>.bss</name>
            <load_address>0x29b8</load_address>
            <load_size>0x8</load_size>
            <run_address>0x20000000</run_address>
            <run_size>0x66b</run_size>
            <compression>zero_init</compression>
         </cprec>
      </cptbl>
   </cptbl_list>
   <handler_table>
      <handler_table_name>__TI_handler_table</handler_table_name>
      <handler>
         <index>0x0</index>
         <name>__TI_decompress_rle24</name>
      </handler>
      <handler>
         <index>0x1</index>
         <name>__TI_decompress_none</name>
      </handler>
      <handler>
         <index>0x2</index>
         <name>__TI_zero_init</name>
      </handler>
   </handler_table>
   <symbol_table>
      <symbol id="sm-1">
         <name>__STACK_TOP</name>
         <value>0x2000086c</value>
      </symbol>
      <symbol id="sm-2">
         <name>__TI_CINIT_Base</name>
         <value>0x29c0</value>
      </symbol>
      <symbol id="sm-3">
         <name>__TI_CINIT_Limit</name>
         <value>0x29d0</value>
      </symbol>
      <symbol id="sm-4">
         <name>__TI_Handler_Table_Base</name>
         <value>0x29ac</value>
      </symbol>
      <symbol id="sm-5">
         <name>__TI_Handler_Table_Limit</name>
         <value>0x29b8</value>
      </symbol>
      <symbol id="sm-6">
         <name>binit</name>
         <value>0xffffffff</value>
      </symbol>
      <symbol id="sm-7">
         <name>__binit__</name>
         <value>0xffffffff</value>
      </symbol>
      <symbol id="sm-8">
         <name>__STACK_SIZE</name>
         <value>0x400</value>
      </symbol>
      <symbol id="sm-9">
         <name>__STACK_END</name>
         <value>0x20000a6c</value>
      </symbol>
      <symbol id="sm-a">
         <name>__c_args__</name>
         <value>0xffffffff</value>
      </symbol>
      <symbol id="sm-43">
         <name>ResetISR</name>
         <value>0x262b</value>
         <object_component_ref idref="oc-29"/>
      </symbol>
      <symbol id="sm-44">
         <name>g_pfnVectors</name>
         <value>0x0</value>
         <object_component_ref idref="oc-e"/>
      </symbol>
      <symbol id="sm-ff">
         <name>SPIFlashSectorErase</name>
         <value>0xebf</value>
         <object_component_ref idref="oc-a4"/>
      </symbol>
      <symbol id="sm-100">
         <name>SPIFlashFastRead</name>
         <value>0xd0d</value>
         <object_component_ref idref="oc-a4"/>
      </symbol>
      <symbol id="sm-101">
         <name>SPIFlashWriteDisable</name>
         <value>0xc61</value>
         <object_component_ref idref="oc-a4"/>
      </symbol>
      <symbol id="sm-102">
         <name>SPIFlashWriteStatus</name>
         <value>0x987</value>
         <object_component_ref idref="oc-a4"/>
      </symbol>
      <symbol id="sm-103">
         <name>SPIFlashRead</name>
         <value>0xab5</value>
         <object_component_ref idref="oc-a4"/>
      </symbol>
      <symbol id="sm-104">
         <name>SPIFlashChipErase</name>
         <value>0x13a7</value>
         <object_component_ref idref="oc-a4"/>
      </symbol>
      <symbol id="sm-105">
         <name>SPIFlashReadStatus</name>
         <value>0xc83</value>
         <object_component_ref idref="oc-a4"/>
      </symbol>
      <symbol id="sm-106">
         <name>SPIFlashWriteEnable</name>
         <value>0xceb</value>
         <object_component_ref idref="oc-a4"/>
      </symbol>
      <symbol id="sm-107">
         <name>SPIFlashBlockErase32</name>
         <value>0x10d3</value>
         <object_component_ref idref="oc-a4"/>
      </symbol>
      <symbol id="sm-108">
         <name>SPIFlashDualRead</name>
         <value>0xf19</value>
         <object_component_ref idref="oc-a4"/>
      </symbol>
      <symbol id="sm-109">
         <name>SPIFlashDualReadNonBlocking</name>
         <value>0x105d</value>
         <object_component_ref idref="oc-a4"/>
      </symbol>
      <symbol id="sm-10a">
         <name>SPIFlashBlockErase64</name>
         <value>0x13c9</value>
         <object_component_ref idref="oc-a4"/>
      </symbol>
      <symbol id="sm-10b">
         <name>SPIFlashFastReadNonBlocking</name>
         <value>0xe49</value>
         <object_component_ref idref="oc-a4"/>
      </symbol>
      <symbol id="sm-10c">
         <name>SPIFlashPageProgram</name>
         <value>0x9bd</value>
         <object_component_ref idref="oc-a4"/>
      </symbol>
      <symbol id="sm-10d">
         <name>SPIFlashInit</name>
         <value>0x935</value>
         <object_component_ref idref="oc-a4"/>
      </symbol>
      <symbol id="sm-10e">
         <name>SPIFlashReadID</name>
         <value>0x12e7</value>
         <object_component_ref idref="oc-a4"/>
      </symbol>
      <symbol id="sm-10f">
         <name>SPIFlashReadNonBlocking</name>
         <value>0xbe3</value>
         <object_component_ref idref="oc-a4"/>
      </symbol>
      <symbol id="sm-110">
         <name>SPIFlashPageProgramNonBlocking</name>
         <value>0xa59</value>
         <object_component_ref idref="oc-a4"/>
      </symbol>
      <symbol id="sm-111">
         <name>SPIFlashIntHandler</name>
         <value>0x209</value>
         <object_component_ref idref="oc-a4"/>
      </symbol>
      <symbol id="sm-112">
         <name>SPIFlashQuadReadNonBlocking</name>
         <value>0x1271</value>
         <object_component_ref idref="oc-a4"/>
      </symbol>
      <symbol id="sm-113">
         <name>SPIFlashQuadRead</name>
         <value>0x112d</value>
         <object_component_ref idref="oc-a4"/>
      </symbol>
      <symbol id="sm-1e5">
         <name>c</name>
         <value>0x20000668</value>
      </symbol>
      <symbol id="sm-1e6">
         <name>full</name>
         <value>0x20000a6f</value>
         <object_component_ref idref="oc-b6"/>
      </symbol>
      <symbol id="sm-1e7">
         <name>SPIFlashHandler</name>
         <value>0x147f</value>
         <object_component_ref idref="oc-2f"/>
      </symbol>
      <symbol id="sm-1e8">
         <name>buff_flg</name>
         <value>0x20000a6e</value>
         <object_component_ref idref="oc-b6"/>
      </symbol>
      <symbol id="sm-1e9">
         <name>p</name>
         <value>0x20000640</value>
         <object_component_ref idref="oc-1a4"/>
      </symbol>
      <symbol id="sm-1ea">
         <name>pui8DMAControlTable</name>
         <value>0x20000000</value>
         <object_component_ref idref="oc-14b"/>
      </symbol>
      <symbol id="sm-1eb">
         <name>tmplen</name>
         <value>0x20000a78</value>
         <object_component_ref idref="oc-b6"/>
      </symbol>
      <symbol id="sm-1ec">
         <name>file_size</name>
         <value>0x20000600</value>
         <object_component_ref idref="oc-dd"/>
      </symbol>
      <symbol id="sm-1ed">
         <name>UARTIntHandler</name>
         <value>0x14e9</value>
         <object_component_ref idref="oc-2f"/>
      </symbol>
      <symbol id="sm-1ee">
         <name>main</name>
         <value>0x18ed</value>
         <object_component_ref idref="oc-2f"/>
      </symbol>
      <symbol id="sm-1ef">
         <name>SPIState</name>
         <value>0x20000a90</value>
         <object_component_ref idref="oc-b6"/>
      </symbol>
      <symbol id="sm-1f0">
         <name>index</name>
         <value>0x20000a6d</value>
         <object_component_ref idref="oc-b6"/>
      </symbol>
      <symbol id="sm-1f1">
         <name>null_cnt</name>
         <value>0x20000a6c</value>
         <object_component_ref idref="oc-b6"/>
      </symbol>
      <symbol id="sm-1f2">
         <name>full1</name>
         <value>0x20000a70</value>
         <object_component_ref idref="oc-b6"/>
      </symbol>
      <symbol id="sm-1f3">
         <name>Timer0_A_Init</name>
         <value>0x1429</value>
         <object_component_ref idref="oc-2f"/>
      </symbol>
      <symbol id="sm-1f4">
         <name>Timer0_A_IntHandler</name>
         <value>0x1461</value>
         <object_component_ref idref="oc-2f"/>
      </symbol>
      <symbol id="sm-1f5">
         <name>UARTPutData</name>
         <value>0x1899</value>
         <object_component_ref idref="oc-2f"/>
      </symbol>
      <symbol id="sm-1f6">
         <name>length</name>
         <value>0x20000a74</value>
         <object_component_ref idref="oc-b6"/>
      </symbol>
      <symbol id="sm-206">
         <name>_c_int00</name>
         <value>0x2305</value>
         <object_component_ref idref="oc-11"/>
      </symbol>
      <symbol id="sm-207">
         <name>__stack</name>
         <value>0x2000066c</value>
         <object_component_ref idref="oc-28"/>
      </symbol>
      <symbol id="sm-21e">
         <name>__TI_decompress_none</name>
         <value>0x2611</value>
         <object_component_ref idref="oc-16"/>
      </symbol>
      <symbol id="sm-242">
         <name>__TI_decompress_rle24</name>
         <value>0x26a5</value>
         <object_component_ref idref="oc-22"/>
      </symbol>
      <symbol id="sm-256">
         <name>__TI_zero_init</name>
         <value>0x25d3</value>
         <object_component_ref idref="oc-1c"/>
      </symbol>
      <symbol id="sm-275">
         <name>C$$EXIT</name>
         <value>0x23d9</value>
         <object_component_ref idref="oc-43"/>
      </symbol>
      <symbol id="sm-276">
         <name>abort</name>
         <value>0x23dd</value>
         <object_component_ref idref="oc-43"/>
      </symbol>
      <symbol id="sm-277">
         <name>exit</name>
         <value>0x23e5</value>
         <object_component_ref idref="oc-43"/>
      </symbol>
      <symbol id="sm-278">
         <name>__TI_dtors_ptr</name>
         <value>0x20000aa8</value>
         <object_component_ref idref="oc-167"/>
      </symbol>
      <symbol id="sm-279">
         <name>__TI_cleanup_ptr</name>
         <value>0x20000aa4</value>
         <object_component_ref idref="oc-167"/>
      </symbol>
      <symbol id="sm-294">
         <name>memcpy</name>
         <value>0x1f2d</value>
         <object_component_ref idref="oc-4d"/>
      </symbol>
      <symbol id="sm-295">
         <name>__aeabi_memcpy</name>
         <value>0x1f2d</value>
         <object_component_ref idref="oc-4d"/>
      </symbol>
      <symbol id="sm-296">
         <name>__aeabi_memcpy8</name>
         <value>0x1f2d</value>
         <object_component_ref idref="oc-4d"/>
      </symbol>
      <symbol id="sm-297">
         <name>__aeabi_memcpy4</name>
         <value>0x1f2d</value>
         <object_component_ref idref="oc-4d"/>
      </symbol>
      <symbol id="sm-2a6">
         <name>__aeabi_memset</name>
         <value>0x20df</value>
         <object_component_ref idref="oc-146"/>
      </symbol>
      <symbol id="sm-2a7">
         <name>memset</name>
         <value>0x20e5</value>
         <object_component_ref idref="oc-146"/>
      </symbol>
      <symbol id="sm-2a8">
         <name>__aeabi_memset8</name>
         <value>0x20df</value>
         <object_component_ref idref="oc-146"/>
      </symbol>
      <symbol id="sm-2a9">
         <name>__aeabi_memset4</name>
         <value>0x20df</value>
         <object_component_ref idref="oc-146"/>
      </symbol>
      <symbol id="sm-2aa">
         <name>__aeabi_memclr8</name>
         <value>0x20dd</value>
         <object_component_ref idref="oc-146"/>
      </symbol>
      <symbol id="sm-2ab">
         <name>__aeabi_memclr4</name>
         <value>0x20dd</value>
         <object_component_ref idref="oc-146"/>
      </symbol>
      <symbol id="sm-2ac">
         <name>__aeabi_memclr</name>
         <value>0x20dd</value>
         <object_component_ref idref="oc-146"/>
      </symbol>
      <symbol id="sm-2b4">
         <name>main_func_sp</name>
         <value>0x20000aac</value>
         <object_component_ref idref="oc-49"/>
      </symbol>
      <symbol id="sm-2cd">
         <name>_nop</name>
         <value>0x2597</value>
         <object_component_ref idref="oc-20a"/>
      </symbol>
      <symbol id="sm-2ce">
         <name>_lock</name>
         <value>0x20000a9c</value>
         <object_component_ref idref="oc-164"/>
      </symbol>
      <symbol id="sm-2cf">
         <name>_unlock</name>
         <value>0x20000aa0</value>
         <object_component_ref idref="oc-164"/>
      </symbol>
      <symbol id="sm-2d0">
         <name>_register_lock</name>
         <value>0x258f</value>
         <object_component_ref idref="oc-20a"/>
      </symbol>
      <symbol id="sm-2d1">
         <name>_register_unlock</name>
         <value>0x2589</value>
         <object_component_ref idref="oc-20a"/>
      </symbol>
      <symbol id="sm-2e5">
         <name>_args_main</name>
         <value>0x2545</value>
         <object_component_ref idref="oc-3d"/>
      </symbol>
      <symbol id="sm-302">
         <name>__TI_auto_init</name>
         <value>0x1fc9</value>
         <object_component_ref idref="oc-38"/>
      </symbol>
      <symbol id="sm-31b">
         <name>copy_in</name>
         <value>0x2395</value>
         <object_component_ref idref="oc-15b"/>
      </symbol>
      <symbol id="sm-37f">
         <name>uDMAChannelControlSet</name>
         <value>0x24e9</value>
         <object_component_ref idref="oc-12e"/>
      </symbol>
      <symbol id="sm-380">
         <name>uDMAChannelAttributeEnable</name>
         <value>0x234d</value>
         <object_component_ref idref="oc-128"/>
      </symbol>
      <symbol id="sm-381">
         <name>uDMAChannelTransferSet</name>
         <value>0x205d</value>
         <object_component_ref idref="oc-134"/>
      </symbol>
      <symbol id="sm-382">
         <name>uDMAChannelAssign</name>
         <value>0x2491</value>
         <object_component_ref idref="oc-122"/>
      </symbol>
      <symbol id="sm-383">
         <name>uDMAEnable</name>
         <value>0x25e5</value>
         <object_component_ref idref="oc-116"/>
      </symbol>
      <symbol id="sm-384">
         <name>uDMAControlBaseSet</name>
         <value>0x2639</value>
         <object_component_ref idref="oc-11c"/>
      </symbol>
      <symbol id="sm-385">
         <name>uDMAChannelEnable</name>
         <value>0x255d</value>
         <object_component_ref idref="oc-13a"/>
      </symbol>
      <symbol id="sm-3db">
         <name>UARTFIFODisable</name>
         <value>0x2681</value>
         <object_component_ref idref="oc-104"/>
      </symbol>
      <symbol id="sm-3dc">
         <name>UARTConfigSetExpClk</name>
         <value>0x241d</value>
         <object_component_ref idref="oc-f8"/>
      </symbol>
      <symbol id="sm-3dd">
         <name>UARTDisable</name>
         <value>0x250d</value>
         <object_component_ref idref="oc-1e4"/>
      </symbol>
      <symbol id="sm-3de">
         <name>UARTIntEnable</name>
         <value>0x269d</value>
         <object_component_ref idref="oc-fe"/>
      </symbol>
      <symbol id="sm-3df">
         <name>UARTCharGetNonBlocking</name>
         <value>0x2603</value>
         <object_component_ref idref="oc-bf"/>
      </symbol>
      <symbol id="sm-3e0">
         <name>UARTCharPut</name>
         <value>0x2677</value>
         <object_component_ref idref="oc-c5"/>
      </symbol>
      <symbol id="sm-3e1">
         <name>UARTEnable</name>
         <value>0x2575</value>
         <object_component_ref idref="oc-f2"/>
      </symbol>
      <symbol id="sm-3e2">
         <name>UARTIntClear</name>
         <value>0x26b3</value>
         <object_component_ref idref="oc-d3"/>
      </symbol>
      <symbol id="sm-3e3">
         <name>UARTIntStatus</name>
         <value>0x268b</value>
         <object_component_ref idref="oc-b9"/>
      </symbol>
      <symbol id="sm-41e">
         <name>TimerLoadSet</name>
         <value>0x25c1</value>
         <object_component_ref idref="oc-7a"/>
      </symbol>
      <symbol id="sm-41f">
         <name>TimerEnable</name>
         <value>0x25f5</value>
         <object_component_ref idref="oc-8c"/>
      </symbol>
      <symbol id="sm-420">
         <name>TimerIntStatus</name>
         <value>0x266d</value>
         <object_component_ref idref="oc-92"/>
      </symbol>
      <symbol id="sm-421">
         <name>TimerIntEnable</name>
         <value>0x2695</value>
         <object_component_ref idref="oc-86"/>
      </symbol>
      <symbol id="sm-422">
         <name>TimerConfigure</name>
         <value>0x2215</value>
         <object_component_ref idref="oc-74"/>
      </symbol>
      <symbol id="sm-423">
         <name>TimerIntClear</name>
         <value>0x26af</value>
         <object_component_ref idref="oc-98"/>
      </symbol>
      <symbol id="sm-499">
         <name>SysCtlPeripheralEnable</name>
         <value>0x245d</value>
         <object_component_ref idref="oc-6e"/>
      </symbol>
      <symbol id="sm-49a">
         <name>SysCtlClockFreqSet</name>
         <value>0x1c01</value>
         <object_component_ref idref="oc-e0"/>
      </symbol>
      <symbol id="sm-4bf">
         <name>SSIIntDisable</name>
         <value>0x2659</value>
         <object_component_ref idref="oc-aa"/>
      </symbol>
      <symbol id="sm-4c0">
         <name>SSIIntClear</name>
         <value>0x26ab</value>
         <object_component_ref idref="oc-b0"/>
      </symbol>
      <symbol id="sm-4c1">
         <name>SSIIntStatus</name>
         <value>0x2663</value>
         <object_component_ref idref="oc-9e"/>
      </symbol>
      <symbol id="sm-4c2">
         <name>SSIEnable</name>
         <value>0x264f</value>
         <object_component_ref idref="oc-110"/>
      </symbol>
      <symbol id="sm-4f0">
         <name>IntEnable</name>
         <value>0x2155</value>
         <object_component_ref idref="oc-80"/>
      </symbol>
      <symbol id="sm-4f1">
         <name>IntMasterEnable</name>
         <value>0x2645</value>
         <object_component_ref idref="oc-140"/>
      </symbol>
      <symbol id="sm-531">
         <name>GPIOPinConfigure</name>
         <value>0x22bd</value>
         <object_component_ref idref="oc-e6"/>
      </symbol>
      <symbol id="sm-532">
         <name>GPIOPinTypeUART</name>
         <value>0x25af</value>
         <object_component_ref idref="oc-ec"/>
      </symbol>
      <symbol id="sm-533">
         <name>GPIODirModeSet</name>
         <value>0x24bd</value>
         <object_component_ref idref="oc-1d6"/>
      </symbol>
      <symbol id="sm-534">
         <name>GPIOPadConfigSet</name>
         <value>0x1dfd</value>
         <object_component_ref idref="oc-1dc"/>
      </symbol>
      <symbol id="sm-535">
         <name>GPIOPinTypeSSI</name>
         <value>0x259d</value>
         <object_component_ref idref="oc-10a"/>
      </symbol>
      <symbol id="sm-53f">
         <name>CPUcpsie</name>
         <value>0x261f</value>
         <object_component_ref idref="oc-1f7"/>
      </symbol>
      <symbol id="sm-540">
         <name>__TI_static_base__</name>
         <value>0x0</value>
      </symbol>
      <symbol id="sm-541">
         <name>__TI_args_main</name>
         <value>0x1</value>
      </symbol>
      <symbol id="sm-542">
         <name>SHT$$INIT_ARRAY$$Limit</name>
         <value>0x0</value>
      </symbol>
      <symbol id="sm-543">
         <name>SHT$$INIT_ARRAY$$Base</name>
         <value>0x0</value>
      </symbol>
   </symbol_table>
   <title>Link successful</title>
</link_info>
