******************************************************************************
                  TI ARM Linker PC v5.1.6                      
******************************************************************************
>> Linked Thu Jul 31 18:42:42 2014

OUTPUT FILE NAME:   <Transmit_Interrupt.out>
ENTRY POINT SYMBOL: "_c_int00"  address: 0000220d


MEMORY CONFIGURATION

         name            origin    length      used     unused   attr    fill
----------------------  --------  ---------  --------  --------  ----  --------
  FLASH                 00000000   00100000  000028d2  000fd72e  R  X
  SRAM                  20000000   00040000  00000aaf  0003f551  RW X


SEGMENT ALLOCATION MAP

run origin  load origin   length   init length attrs members
----------  ----------- ---------- ----------- ----- -------
00000000    00000000    000028d8   000028d8    r-x
  00000000    00000000    00000208   00000208    r-- .intvecs
  00000208    00000208    000023b6   000023b6    r-x .text
  000025c0    000025c0    000002cc   000002cc    r-- .const
  00002890    00002890    00000048   00000048    r-- .cinit
20000000    20000000    00000ab0   00000000    rw-
  20000000    20000000    0000066b   00000000    rw- .bss
  2000066c    2000066c    00000400   00000000    rw- .stack
  20000a6c    20000a6c    00000044   00000000    rw- .data


SECTION ALLOCATION MAP

 output                                  attributes/
section   page    origin      length       input sections
--------  ----  ----------  ----------   ----------------
.intvecs   0    00000000    00000208     
                  00000000    00000208     tm4c129xnczad_startup_ccs.obj (.intvecs)

.init_array 
*          0    00000000    00000000     UNINITIALIZED

.text      0    00000208    000023b6     
                  00000208    00001128     spi_flash.obj (.text)
                  00001330    000007d8     main.obj (.text)
                  00001b08    000001fc     driverlib.lib : sysctl.obj (.text:SysCtlClockFreqSet)
                  00001d04    00000130                   : gpio.obj (.text:GPIOPadConfigSet)
                  00001e34    0000009c     rtsv7M4_T_le_v4SPD16_eabi.lib : memcpy_t2.obj (.text)
                  00001ed0    00000094                                   : auto_init.obj (.text)
                  00001f64    00000080     driverlib.lib : udma.obj (.text:uDMAChannelTransferSet)
                  00001fe4    00000078     rtsv7M4_T_le_v4SPD16_eabi.lib : memset_t2.obj (.text)
                  0000205c    00000060     driverlib.lib : interrupt.obj (.text:IntEnable)
                  000020bc    0000005e     rtsv7M4_T_le_v4SPD16_eabi.lib : copy_decompress_rle.obj (.text)
                  0000211a    00000002     --HOLE-- [fill = 0]
                  0000211c    0000005c     driverlib.lib : timer.obj (.text:TimerConfigure)
                  00002178    0000004c                   : sysctl.obj (.text:_SysCtlFrequencyGet)
                  000021c4    00000048                   : gpio.obj (.text:GPIOPinConfigure)
                  0000220c    00000048     rtsv7M4_T_le_v4SPD16_eabi.lib : boot.obj (.text)
                  00002254    00000048     driverlib.lib : udma.obj (.text:uDMAChannelAttributeEnable)
                  0000229c    00000044     rtsv7M4_T_le_v4SPD16_eabi.lib : cpy_tbl.obj (.text)
                  000022e0    00000044                                   : exit.obj (.text)
                  00002324    00000040     driverlib.lib : uart.obj (.text:UARTConfigSetExpClk)
                  00002364    00000034                   : sysctl.obj (.text:SysCtlPeripheralEnable)
                  00002398    0000002c                   : udma.obj (.text:uDMAChannelAssign)
                  000023c4    0000002a                   : gpio.obj (.text:GPIODirModeSet)
                  000023ee    00000002     --HOLE-- [fill = 0]
                  000023f0    00000024                   : udma.obj (.text:uDMAChannelControlSet)
                  00002414    0000001c                   : uart.obj (.text:UARTDisable)
                  00002430    0000001c                   : sysctl.obj (.text:_SysCtlMemTimingGet)
                  0000244c    00000018     rtsv7M4_T_le_v4SPD16_eabi.lib : args_main.obj (.text)
                  00002464    00000018     driverlib.lib : udma.obj (.text:uDMAChannelEnable)
                  0000247c    00000014                   : uart.obj (.text:UARTEnable)
                  00002490    00000014     rtsv7M4_T_le_v4SPD16_eabi.lib : _lock.obj (.text)
                  000024a4    00000012     driverlib.lib : gpio.obj (.text:GPIOPinTypeSSI)
                  000024b6    00000012                   : gpio.obj (.text:GPIOPinTypeUART)
                  000024c8    00000012                   : timer.obj (.text:TimerLoadSet)
                  000024da    00000012     rtsv7M4_T_le_v4SPD16_eabi.lib : copy_zero_init.obj (.text:decompress:ZI)
                  000024ec    00000010     driverlib.lib : udma.obj (.text:uDMAEnable)
                  000024fc    0000000e                   : timer.obj (.text:TimerEnable)
                  0000250a    0000000e                   : uart.obj (.text:UARTCharGetNonBlocking)
                  00002518    0000000e     rtsv7M4_T_le_v4SPD16_eabi.lib : copy_decompress_none.obj (.text:decompress:none)
                  00002526    0000000c     driverlib.lib : cpu.obj (.text:CPUcpsie)
                  00002532    0000000c     tm4c129xnczad_startup_ccs.obj (.text)
                  0000253e    00000002     --HOLE-- [fill = 0]
                  00002540    0000000c     driverlib.lib : udma.obj (.text:uDMAControlBaseSet)
                  0000254c    0000000a                   : interrupt.obj (.text:IntMasterEnable)
                  00002556    0000000a                   : ssi.obj (.text:SSIEnable)
                  00002560    0000000a                   : ssi.obj (.text:SSIIntDisable)
                  0000256a    0000000a                   : ssi.obj (.text:SSIIntStatus)
                  00002574    0000000a                   : timer.obj (.text:TimerIntStatus)
                  0000257e    0000000a                   : uart.obj (.text:UARTCharPut)
                  00002588    0000000a                   : uart.obj (.text:UARTFIFODisable)
                  00002592    0000000a                   : uart.obj (.text:UARTIntStatus)
                  0000259c    00000008                   : timer.obj (.text:TimerIntEnable)
                  000025a4    00000008                   : uart.obj (.text:UARTIntEnable)
                  000025ac    00000006     rtsv7M4_T_le_v4SPD16_eabi.lib : copy_decompress_rle.obj (.text:decompress:rle24)
                  000025b2    00000004     driverlib.lib : ssi.obj (.text:SSIIntClear)
                  000025b6    00000004                   : timer.obj (.text:TimerIntClear)
                  000025ba    00000004                   : uart.obj (.text:UARTIntClear)

.const     0    000025c0    000002cc     
                  000025c0    00000120     driverlib.lib : sysctl.obj (.const:g_pppui32XTALtoVCO)
                  000026e0    00000090                   : gpio.obj (.const:g_pui32GPIOBaseAddrs)
                  00002770    00000070                   : interrupt.obj (.const)
                  000027e0    0000006c                   : sysctl.obj (.const:g_pui32Xtals)
                  0000284c    00000038                   : sysctl.obj (.const:g_sXTALtoMEMTIM)
                  00002884    00000008                   : sysctl.obj (.const)

.cinit     0    00002890    00000048     
                  00002890    00000022     (.cinit..data.load) [load image, compression = rle]
                  000028b2    00000002     --HOLE-- [fill = 0]
                  000028b4    0000000c     (__TI_handler_table)
                  000028c0    00000008     (.cinit..bss.load) [load image, compression = zero_init]
                  000028c8    00000010     (__TI_cinit_table)

.bss       0    20000000    0000066b     UNINITIALIZED
                  20000000    00000400     main.obj (.bss:pui8DMAControlTable)
                  20000400    00000100     main.obj (.bss:data1)
                  20000500    00000100     main.obj (.bss:data)
                  20000600    00000040     main.obj (.bss:file_size)
                  20000640    00000024     main.obj (.bss:p)
                  20000664    00000004     (.common:tmp_buff)
                  20000668    00000001     (.common:c)
                  20000669    00000001     (.common:dec)
                  2000066a    00000001     (.common:inc)

.stack     0    2000066c    00000400     UNINITIALIZED
                  2000066c    00000400     --HOLE--

.data      0    20000a6c    00000044     UNINITIALIZED
                  20000a6c    00000030     main.obj (.data)
                  20000a9c    00000008     rtsv7M4_T_le_v4SPD16_eabi.lib : _lock.obj (.data)
                  20000aa4    00000008                                   : exit.obj (.data)
                  20000aac    00000004                                   : stkdepth_vars.obj (.data)


LINKER GENERATED COPY TABLES

__TI_cinit_table @ 000028c8 records: 2, size/record: 8, table size: 16
	.data: load addr=00002890, load size=00000022 bytes, run addr=20000a6c, run size=00000044 bytes, compression=rle
	.bss: load addr=000028c0, load size=00000008 bytes, run addr=20000000, run size=0000066b bytes, compression=zero_init


LINKER GENERATED HANDLER TABLE

__TI_handler_table @ 000028b4 records: 3, size/record: 4, table size: 12
	index: 0, handler: __TI_decompress_rle24
	index: 1, handler: __TI_decompress_none
	index: 2, handler: __TI_zero_init


GLOBAL SYMBOLS: SORTED ALPHABETICALLY BY Name 

address    name
--------   ----
000022e1   C$$EXIT
00002527   CPUcpsie
000023c5   GPIODirModeSet
00001d05   GPIOPadConfigSet
000021c5   GPIOPinConfigure
000024a5   GPIOPinTypeSSI
000024b7   GPIOPinTypeUART
0000205d   IntEnable
0000254d   IntMasterEnable
00002533   ResetISR
UNDEFED    SHT$$INIT_ARRAY$$Base
UNDEFED    SHT$$INIT_ARRAY$$Limit
00001027   SPIFlashBlockErase32
000012db   SPIFlashBlockErase64
000012bd   SPIFlashChipErase
00000e8f   SPIFlashDualRead
00000fb3   SPIFlashDualReadNonBlocking
00000cad   SPIFlashFastRead
00000dcb   SPIFlashFastReadNonBlocking
00001387   SPIFlashHandler
0000091d   SPIFlashInit
00000209   SPIFlashIntHandler
0000099f   SPIFlashPageProgram
00000a2d   SPIFlashPageProgramNonBlocking
00001077   SPIFlashQuadRead
00001195   SPIFlashQuadReadNonBlocking
00000a89   SPIFlashRead
00001211   SPIFlashReadID
00000b9b   SPIFlashReadNonBlocking
00000c33   SPIFlashReadStatus
00000e3f   SPIFlashSectorErase
00000c15   SPIFlashWriteDisable
00000c8f   SPIFlashWriteEnable
0000096f   SPIFlashWriteStatus
20000a90   SPIState
00002557   SSIEnable
000025b3   SSIIntClear
00002561   SSIIntDisable
0000256b   SSIIntStatus
00001b09   SysCtlClockFreqSet
00002365   SysCtlPeripheralEnable
00001331   Timer0_A_Init
00001369   Timer0_A_IntHandler
0000211d   TimerConfigure
000024fd   TimerEnable
000025b7   TimerIntClear
0000259d   TimerIntEnable
00002575   TimerIntStatus
000024c9   TimerLoadSet
0000250b   UARTCharGetNonBlocking
0000257f   UARTCharPut
00002325   UARTConfigSetExpClk
00002415   UARTDisable
0000247d   UARTEnable
00002589   UARTFIFODisable
000025bb   UARTIntClear
000025a5   UARTIntEnable
000013f1   UARTIntHandler
00002593   UARTIntStatus
000017a1   UARTPutData
20000a6c   __STACK_END
00000400   __STACK_SIZE
2000086c   __STACK_TOP
000028c8   __TI_CINIT_Base
000028d8   __TI_CINIT_Limit
000028b4   __TI_Handler_Table_Base
000028c0   __TI_Handler_Table_Limit
00000001   __TI_args_main
00001ed1   __TI_auto_init
20000aa4   __TI_cleanup_ptr
00002519   __TI_decompress_none
000025ad   __TI_decompress_rle24
20000aa8   __TI_dtors_ptr
00000000   __TI_static_base__
000024db   __TI_zero_init
00001fe5   __aeabi_memclr
00001fe5   __aeabi_memclr4
00001fe5   __aeabi_memclr8
00001e35   __aeabi_memcpy
00001e35   __aeabi_memcpy4
00001e35   __aeabi_memcpy8
00001fe7   __aeabi_memset
00001fe7   __aeabi_memset4
00001fe7   __aeabi_memset8
ffffffff   __binit__
ffffffff   __c_args__
2000066c   __stack
0000244d   _args_main
0000220d   _c_int00
20000a9c   _lock
0000249f   _nop
00002497   _register_lock
00002491   _register_unlock
20000aa0   _unlock
000022e5   abort
ffffffff   binit
20000a6e   buff_flg
20000668   c
0000229d   copy_in
000022ed   exit
20000600   file_size
20000a6f   full
20000a70   full1
00000000   g_pfnVectors
20000a6d   index
20000a74   length
000017f5   main
20000aac   main_func_sp
00001e35   memcpy
00001fed   memset
20000a6c   null_cnt
20000640   p
20000000   pui8DMAControlTable
20000a78   tmplen
00002399   uDMAChannelAssign
00002255   uDMAChannelAttributeEnable
000023f1   uDMAChannelControlSet
00002465   uDMAChannelEnable
00001f65   uDMAChannelTransferSet
00002541   uDMAControlBaseSet
000024ed   uDMAEnable


GLOBAL SYMBOLS: SORTED BY Symbol Address 

address    name
--------   ----
00000000   __TI_static_base__
00000000   g_pfnVectors
00000001   __TI_args_main
00000209   SPIFlashIntHandler
00000400   __STACK_SIZE
0000091d   SPIFlashInit
0000096f   SPIFlashWriteStatus
0000099f   SPIFlashPageProgram
00000a2d   SPIFlashPageProgramNonBlocking
00000a89   SPIFlashRead
00000b9b   SPIFlashReadNonBlocking
00000c15   SPIFlashWriteDisable
00000c33   SPIFlashReadStatus
00000c8f   SPIFlashWriteEnable
00000cad   SPIFlashFastRead
00000dcb   SPIFlashFastReadNonBlocking
00000e3f   SPIFlashSectorErase
00000e8f   SPIFlashDualRead
00000fb3   SPIFlashDualReadNonBlocking
00001027   SPIFlashBlockErase32
00001077   SPIFlashQuadRead
00001195   SPIFlashQuadReadNonBlocking
00001211   SPIFlashReadID
000012bd   SPIFlashChipErase
000012db   SPIFlashBlockErase64
00001331   Timer0_A_Init
00001369   Timer0_A_IntHandler
00001387   SPIFlashHandler
000013f1   UARTIntHandler
000017a1   UARTPutData
000017f5   main
00001b09   SysCtlClockFreqSet
00001d05   GPIOPadConfigSet
00001e35   __aeabi_memcpy
00001e35   __aeabi_memcpy4
00001e35   __aeabi_memcpy8
00001e35   memcpy
00001ed1   __TI_auto_init
00001f65   uDMAChannelTransferSet
00001fe5   __aeabi_memclr
00001fe5   __aeabi_memclr4
00001fe5   __aeabi_memclr8
00001fe7   __aeabi_memset
00001fe7   __aeabi_memset4
00001fe7   __aeabi_memset8
00001fed   memset
0000205d   IntEnable
0000211d   TimerConfigure
000021c5   GPIOPinConfigure
0000220d   _c_int00
00002255   uDMAChannelAttributeEnable
0000229d   copy_in
000022e1   C$$EXIT
000022e5   abort
000022ed   exit
00002325   UARTConfigSetExpClk
00002365   SysCtlPeripheralEnable
00002399   uDMAChannelAssign
000023c5   GPIODirModeSet
000023f1   uDMAChannelControlSet
00002415   UARTDisable
0000244d   _args_main
00002465   uDMAChannelEnable
0000247d   UARTEnable
00002491   _register_unlock
00002497   _register_lock
0000249f   _nop
000024a5   GPIOPinTypeSSI
000024b7   GPIOPinTypeUART
000024c9   TimerLoadSet
000024db   __TI_zero_init
000024ed   uDMAEnable
000024fd   TimerEnable
0000250b   UARTCharGetNonBlocking
00002519   __TI_decompress_none
00002527   CPUcpsie
00002533   ResetISR
00002541   uDMAControlBaseSet
0000254d   IntMasterEnable
00002557   SSIEnable
00002561   SSIIntDisable
0000256b   SSIIntStatus
00002575   TimerIntStatus
0000257f   UARTCharPut
00002589   UARTFIFODisable
00002593   UARTIntStatus
0000259d   TimerIntEnable
000025a5   UARTIntEnable
000025ad   __TI_decompress_rle24
000025b3   SSIIntClear
000025b7   TimerIntClear
000025bb   UARTIntClear
000028b4   __TI_Handler_Table_Base
000028c0   __TI_Handler_Table_Limit
000028c8   __TI_CINIT_Base
000028d8   __TI_CINIT_Limit
20000000   pui8DMAControlTable
20000600   file_size
20000640   p
20000668   c
2000066c   __stack
2000086c   __STACK_TOP
20000a6c   __STACK_END
20000a6c   null_cnt
20000a6d   index
20000a6e   buff_flg
20000a6f   full
20000a70   full1
20000a74   length
20000a78   tmplen
20000a90   SPIState
20000a9c   _lock
20000aa0   _unlock
20000aa4   __TI_cleanup_ptr
20000aa8   __TI_dtors_ptr
20000aac   main_func_sp
ffffffff   __binit__
ffffffff   __c_args__
ffffffff   binit
UNDEFED    SHT$$INIT_ARRAY$$Base
UNDEFED    SHT$$INIT_ARRAY$$Limit

[121 symbols]
